Archive member included to satisfy reference by file (symbol)

d:/program_file/rt-threadstudio/platform/env_released/env/tools/gnu_gcc/arm_gcc/mingw/bin/../lib/gcc/arm-none-eabi/10.3.1/../../../../arm-none-eabi/lib/thumb/v7-m/nofp\libc.a(lib_a-atof.o)
                              build\applications\io_signal.o (atof)
d:/program_file/rt-threadstudio/platform/env_released/env/tools/gnu_gcc/arm_gcc/mingw/bin/../lib/gcc/arm-none-eabi/10.3.1/../../../../arm-none-eabi/lib/thumb/v7-m/nofp\libc.a(lib_a-atoi.o)
                              build\applications\io_signal.o (atoi)
d:/program_file/rt-threadstudio/platform/env_released/env/tools/gnu_gcc/arm_gcc/mingw/bin/../lib/gcc/arm-none-eabi/10.3.1/../../../../arm-none-eabi/lib/thumb/v7-m/nofp\libc.a(lib_a-ctype_.o)
                              build\kernel\components\drivers\misc\pin.o (_ctype_)
d:/program_file/rt-threadstudio/platform/env_released/env/tools/gnu_gcc/arm_gcc/mingw/bin/../lib/gcc/arm-none-eabi/10.3.1/../../../../arm-none-eabi/lib/thumb/v7-m/nofp\libc.a(lib_a-exit.o)
                              d:/program_file/rt-threadstudio/platform/env_released/env/tools/gnu_gcc/arm_gcc/mingw/bin/../lib/gcc/arm-none-eabi/10.3.1/../../../../arm-none-eabi/lib/thumb/v7-m/nofp/crt0.o (exit)
d:/program_file/rt-threadstudio/platform/env_released/env/tools/gnu_gcc/arm_gcc/mingw/bin/../lib/gcc/arm-none-eabi/10.3.1/../../../../arm-none-eabi/lib/thumb/v7-m/nofp\libc.a(lib_a-impure.o)
                              d:/program_file/rt-threadstudio/platform/env_released/env/tools/gnu_gcc/arm_gcc/mingw/bin/../lib/gcc/arm-none-eabi/10.3.1/../../../../arm-none-eabi/lib/thumb/v7-m/nofp\libc.a(lib_a-exit.o) (_global_impure_ptr)
d:/program_file/rt-threadstudio/platform/env_released/env/tools/gnu_gcc/arm_gcc/mingw/bin/../lib/gcc/arm-none-eabi/10.3.1/../../../../arm-none-eabi/lib/thumb/v7-m/nofp\libc.a(lib_a-malloc.o)
                              build\kernel\components\libc\compilers\common\cstring.o (malloc)
d:/program_file/rt-threadstudio/platform/env_released/env/tools/gnu_gcc/arm_gcc/mingw/bin/../lib/gcc/arm-none-eabi/10.3.1/../../../../arm-none-eabi/lib/thumb/v7-m/nofp\libc.a(lib_a-memcmp.o)
                              build\kernel\components\finsh\shell.o (memcmp)
d:/program_file/rt-threadstudio/platform/env_released/env/tools/gnu_gcc/arm_gcc/mingw/bin/../lib/gcc/arm-none-eabi/10.3.1/../../../../arm-none-eabi/lib/thumb/v7-m/nofp\libc.a(lib_a-memcpy.o)
                              build\applications\measure.o (memcpy)
d:/program_file/rt-threadstudio/platform/env_released/env/tools/gnu_gcc/arm_gcc/mingw/bin/../lib/gcc/arm-none-eabi/10.3.1/../../../../arm-none-eabi/lib/thumb/v7-m/nofp\libc.a(lib_a-memmove.o)
                              build\kernel\components\drivers\pm\pm.o (memmove)
d:/program_file/rt-threadstudio/platform/env_released/env/tools/gnu_gcc/arm_gcc/mingw/bin/../lib/gcc/arm-none-eabi/10.3.1/../../../../arm-none-eabi/lib/thumb/v7-m/nofp\libc.a(lib_a-memset.o)
                              d:/program_file/rt-threadstudio/platform/env_released/env/tools/gnu_gcc/arm_gcc/mingw/bin/../lib/gcc/arm-none-eabi/10.3.1/../../../../arm-none-eabi/lib/thumb/v7-m/nofp/crt0.o (memset)
d:/program_file/rt-threadstudio/platform/env_released/env/tools/gnu_gcc/arm_gcc/mingw/bin/../lib/gcc/arm-none-eabi/10.3.1/../../../../arm-none-eabi/lib/thumb/v7-m/nofp\libc.a(lib_a-sprintf.o)
                              build\packages\CmBacktrace-v1.4.1\cm_backtrace.o (sprintf)
d:/program_file/rt-threadstudio/platform/env_released/env/tools/gnu_gcc/arm_gcc/mingw/bin/../lib/gcc/arm-none-eabi/10.3.1/../../../../arm-none-eabi/lib/thumb/v7-m/nofp\libc.a(lib_a-strchr.o)
                              build\kernel\components\libc\compilers\common\cstring.o (strchr)
d:/program_file/rt-threadstudio/platform/env_released/env/tools/gnu_gcc/arm_gcc/mingw/bin/../lib/gcc/arm-none-eabi/10.3.1/../../../../arm-none-eabi/lib/thumb/v7-m/nofp\libc.a(lib_a-strcmp.o)
                              build\packages\CmBacktrace-v1.4.1\cmb_port.o (strcmp)
d:/program_file/rt-threadstudio/platform/env_released/env/tools/gnu_gcc/arm_gcc/mingw/bin/../lib/gcc/arm-none-eabi/10.3.1/../../../../arm-none-eabi/lib/thumb/v7-m/nofp\libc.a(lib_a-strcpy.o)
                              build\kernel\components\finsh\shell.o (strcpy)
d:/program_file/rt-threadstudio/platform/env_released/env/tools/gnu_gcc/arm_gcc/mingw/bin/../lib/gcc/arm-none-eabi/10.3.1/../../../../arm-none-eabi/lib/thumb/v7-m/nofp\libc.a(lib_a-strlen-stub.o)
                              build\kernel\src\kservice.o (strlen)
d:/program_file/rt-threadstudio/platform/env_released/env/tools/gnu_gcc/arm_gcc/mingw/bin/../lib/gcc/arm-none-eabi/10.3.1/../../../../arm-none-eabi/lib/thumb/v7-m/nofp\libc.a(lib_a-strncat.o)
                              build\kernel\components\drivers\misc\pin.o (strncat)
[...]
Memory Configuration

Name             Origin             Length             Attributes
ROM              0x08000000         0x00080000         xr
RAM              0x20000000         0x00010000         rw
*default*        0x00000000         0xffffffff

Linker script and memory map

LOAD d:/program_file/rt-threadstudio/platform/env_released/env/tools/gnu_gcc/arm_gcc/mingw/bin/../lib/gcc/arm-none-eabi/10.3.1/thumb/v7-m/nofp/crti.o
LOAD d:/program_file/rt-threadstudio/platform/env_released/env/tools/gnu_gcc/arm_gcc/mingw/bin/../lib/gcc/arm-none-eabi/10.3.1/thumb/v7-m/nofp/crtbegin.o
LOAD d:/program_file/rt-threadstudio/platform/env_released/env/tools/gnu_gcc/arm_gcc/mingw/bin/../lib/gcc/arm-none-eabi/10.3.1/../../../../arm-none-eabi/lib/thumb/v7-m/nofp/crt0.o
LOAD build\applications\io_signal.o
LOAD build\applications\measure.o
LOAD build\applications\lhc_modbus\Src\small_modbus_port.o
LOAD build\applications\main.o
LOAD build\applications\lhc_dwin\Src\dwin_port.o
LOAD build\applications\flash.o
LOAD build\applications\lhc_modbus\Src\small_modbus.o
LOAD build\applications\stm32_irq.o
LOAD build\applications\lhc_dwin\Src\tool.o
LOAD build\applications\lhc_dwin\Src\dwin.o
LOAD libraries\STM32F1xx_HAL\CMSIS\Device\ST\STM32F1xx\Source\Templates\gcc\startup_stm32f103xe.o
LOAD build\board\CubeMX_Config\Src\stm32f1xx_hal_msp.o
LOAD build\board\board.o
LOAD build\board\CubeMX_Config\Src\main.o
LOAD build\packages\CmBacktrace-v1.4.1\cmb_port.o
LOAD build\packages\CmBacktrace-v1.4.1\cmb_flash_log.o
LOAD build\packages\CmBacktrace-v1.4.1\cm_backtrace.o
LOAD build\packages\rt_vsnprintf_full-latest\rt_vsnprintf.o
LOAD build\kernel\src\timer.o
LOAD build\kernel\src\irq.o
LOAD build\kernel\src\clock.o
LOAD build\kernel\src\ipc.o
LOAD build\kernel\src\mempool.o
LOAD build\kernel\src\kservice.o
LOAD build\kernel\src\object.o
LOAD build\kernel\src\idle.o
LOAD build\kernel\src\mem.o
LOAD build\kernel\src\device.o
LOAD build\kernel\src\components.o
LOAD build\kernel\src\thread.o
LOAD build\kernel\src\scheduler.o
LOAD build\kernel\libcpu\arm\common\backtrace.o
LOAD build\kernel\libcpu\arm\common\div0.o
LOAD build\kernel\libcpu\arm\common\showmem.o
LOAD build\kernel\libcpu\arm\cortex-m3\cpuport.o
LOAD build\kernel\libcpu\arm\cortex-m3\context_gcc.o
LOAD build\kernel\components\dfs\src\dfs_posix.o
LOAD build\kernel\components\dfs\src\dfs_fs.o
LOAD build\kernel\components\dfs\src\dfs.o
LOAD build\kernel\components\dfs\src\dfs_file.o
LOAD build\kernel\components\drivers\ipc\ringblk_buf.o
LOAD build\kernel\components\drivers\ipc\waitqueue.o
LOAD build\kernel\components\drivers\ipc\pipe.o
LOAD build\kernel\components\drivers\ipc\workqueue.o
LOAD build\kernel\components\drivers\ipc\dataqueue.o
LOAD build\kernel\components\drivers\ipc\ringbuffer.o
LOAD build\kernel\components\drivers\ipc\completion.o
LOAD build\kernel\components\drivers\misc\pin.o
LOAD build\kernel\components\drivers\pm\lptimer.o
LOAD build\kernel\components\drivers\pm\pm.o
LOAD build\kernel\components\drivers\serial\serial.o
LOAD build\kernel\components\finsh\shell.o
LOAD build\kernel\components\finsh\msh.o
LOAD build\kernel\components\finsh\msh_parse.o
LOAD build\kernel\components\finsh\cmd.o
LOAD build\kernel\components\finsh\msh_file.o
LOAD build\kernel\components\libc\compilers\common\cwchar.o
LOAD build\kernel\components\libc\compilers\common\cstdio.o
LOAD build\kernel\components\libc\compilers\common\cstring.o
LOAD build\kernel\components\libc\compilers\common\cstdlib.o
LOAD build\kernel\components\libc\compilers\common\ctime.o
LOAD build\kernel\components\libc\compilers\common\cctype.o
LOAD build\kernel\components\libc\compilers\newlib\syscalls.o
LOAD libraries\STM32F1xx_HAL\STM32F1xx_HAL_Driver\Src\stm32f1xx_hal_adc.o
LOAD libraries\STM32F1xx_HAL\STM32F1xx_HAL_Driver\Src\stm32f1xx_hal_dma.o
LOAD libraries\STM32F1xx_HAL\STM32F1xx_HAL_Driver\Src\stm32f1xx_hal_crc.o
LOAD libraries\STM32F1xx_HAL\CMSIS\Device\ST\STM32F1xx\Source\Templates\system_stm32f1xx.o
LOAD libraries\STM32F1xx_HAL\STM32F1xx_HAL_Driver\Src\stm32f1xx_hal_cec.o
LOAD libraries\STM32F1xx_HAL\STM32F1xx_HAL_Driver\Src\stm32f1xx_hal.o
LOAD libraries\STM32F1xx_HAL\STM32F1xx_HAL_Driver\Src\stm32f1xx_hal_gpio_ex.o
LOAD libraries\STM32F1xx_HAL\STM32F1xx_HAL_Driver\Src\stm32f1xx_hal_rcc_ex.o
LOAD libraries\STM32F1xx_HAL\STM32F1xx_HAL_Driver\Src\stm32f1xx_hal_pwr.o
LOAD libraries\STM32F1xx_HAL\STM32F1xx_HAL_Driver\Src\stm32f1xx_hal_adc_ex.o
LOAD libraries\STM32F1xx_HAL\STM32F1xx_HAL_Driver\Src\stm32f1xx_hal_dac.o
LOAD libraries\STM32F1xx_HAL\STM32F1xx_HAL_Driver\Src\stm32f1xx_hal_tim_ex.o
LOAD libraries\STM32F1xx_HAL\STM32F1xx_HAL_Driver\Src\stm32f1xx_hal_uart.o
LOAD libraries\STM32F1xx_HAL\STM32F1xx_HAL_Driver\Src\stm32f1xx_hal_usart.o
LOAD libraries\STM32F1xx_HAL\STM32F1xx_HAL_Driver\Src\stm32f1xx_hal_gpio.o
LOAD libraries\STM32F1xx_HAL\STM32F1xx_HAL_Driver\Src\stm32f1xx_hal_cortex.o
LOAD libraries\STM32F1xx_HAL\STM32F1xx_HAL_Driver\Src\stm32f1xx_hal_dac_ex.o
LOAD libraries\STM32F1xx_HAL\STM32F1xx_HAL_Driver\Src\stm32f1xx_hal_rcc.o
LOAD libraries\STM32F1xx_HAL\STM32F1xx_HAL_Driver\Src\stm32f1xx_hal_tim.o
LOAD libraries\STM32F1xx_HAL\STM32F1xx_HAL_Driver\Src\stm32f1xx_hal_iwdg.o
LOAD libraries\STM32F1xx_HAL\STM32F1xx_HAL_Driver\Src\stm32f1xx_hal_flash.o
LOAD libraries\STM32F1xx_HAL\STM32F1xx_HAL_Driver\Src\stm32f1xx_hal_flash_ex.o
LOAD libraries\HAL_Drivers\drv_gpio.o
LOAD libraries\HAL_Drivers\drv_usart.o
LOAD libraries\HAL_Drivers\drv_common.o
LOAD d:/program_file/rt-threadstudio/platform/env_released/env/tools/gnu_gcc/arm_gcc/mingw/bin/../lib/gcc/arm-none-eabi/10.3.1/../../../../arm-none-eabi/lib/thumb/v7-m/nofp\libc.a
LOAD d:/program_file/rt-threadstudio/platform/env_released/env/tools/gnu_gcc/arm_gcc/mingw/bin/../lib/gcc/arm-none-eabi/10.3.1/../../../../arm-none-eabi/lib/thumb/v7-m/nofp\libm.a
START GROUP
LOAD d:/program_file/rt-threadstudio/platform/env_released/env/tools/gnu_gcc/arm_gcc/mingw/bin/../lib/gcc/arm-none-eabi/10.3.1/thumb/v7-m/nofp\libgcc.a
LOAD d:/program_file/rt-threadstudio/platform/env_released/env/tools/gnu_gcc/arm_gcc/mingw/bin/../lib/gcc/arm-none-eabi/10.3.1/../../../../arm-none-eabi/lib/thumb/v7-m/nofp\libc.a
END GROUP
LOAD d:/program_file/rt-threadstudio/platform/env_released/env/tools/gnu_gcc/arm_gcc/mingw/bin/../lib/gcc/arm-none-eabi/10.3.1/thumb/v7-m/nofp/crtend.o
LOAD d:/program_file/rt-threadstudio/platform/env_released/env/tools/gnu_gcc/arm_gcc/mingw/bin/../lib/gcc/arm-none-eabi/10.3.1/thumb/v7-m/nofp/crtn.o
                0x00000400                _system_stack_size = 0x400

.text           0x08000000    0x1f7c0
                0x08000000                . = ALIGN (0x4)
                0x08000000                _stext = .
 *(.isr_vector)
 .isr_vector    0x08000000      0x1e4 libraries\STM32F1xx_HAL\CMSIS\Device\ST\STM32F1xx\Source\Templates\gcc\startup_stm32f103xe.o
                0x08000000                g_pfnVectors
                0x080001e4                . = ALIGN (0x4)
 *(.text)
 .text          0x080001e4       0x40 d:/program_file/rt-threadstudio/platform/env_released/env/tools/gnu_gcc/arm_gcc/mingw/bin/../lib/gcc/arm-none-eabi/10.3.1/thumb/v7-m/nofp/crtbegin.o
 .text          0x08000224      0x108 build\kernel\libcpu\arm\cortex-m3\context_gcc.o
                0x08000224                rt_hw_interrupt_disable
                0x0800022c                rt_hw_interrupt_enable
                0x08000232                rt_hw_context_switch_interrupt
                0x08000232                rt_hw_context_switch
                0x08000252                PendSV_Handler
                0x0800028e                rt_hw_context_switch_to
                0x080002d0                rt_hw_interrupt_thread_switch
                0x080002d4                HardFault_Handler
                0x0800030a                rt_hw_interrupt_check
 .text          0x0800032c       0xec d:/program_file/rt-threadstudio/platform/env_released/env/tools/gnu_gcc/arm_gcc/mingw/bin/../lib/gcc/arm-none-eabi/10.3.1/../../../../arm-none-eabi/lib/thumb/v7-m/nofp\libc.a(lib_a-memcpy.o)
                0x0800032c                memcpy
 .text          0x08000418      0x1bc d:/program_file/rt-threadstudio/platform/env_released/env/tools/gnu_gcc/arm_gcc/mingw/bin/../lib/gcc/arm-none-eabi/10.3.1/../../../../arm-none-eabi/lib/thumb/v7-m/nofp\libc.a(lib_a-strcmp.o)
                0x08000418                strcmp
 .text          0x080005d4      0x378 d:/program_file/rt-threadstudio/platform/env_released/env/tools/gnu_gcc/arm_gcc/mingw/bin/../lib/gcc/arm-none-eabi/10.3.1/thumb/v7-m/nofp\libgcc.a(_arm_addsubdf3.o)
                0x080005d4                __aeabi_drsub
                0x080005dc                __aeabi_dsub
                0x080005dc                __subdf3
                0x080005e0                __aeabi_dadd
                0x080005e0                __adddf3
                0x08000858                __floatunsidf
                0x08000858                __aeabi_ui2d
                0x08000878                __floatsidf
                0x08000878                __aeabi_i2d
                0x0800089c                __aeabi_f2d
                0x0800089c                __extendsfdf2
                0x080008e0                __floatundidf
                0x080008e0                __aeabi_ul2d
                0x080008f0                __floatdidf
                0x080008f0                __aeabi_l2d
 .text          0x0800094c      0x424 d:/program_file/rt-threadstudio/platform/env_released/env/tools/gnu_gcc/arm_gcc/mingw/bin/../lib/gcc/arm-none-eabi/10.3.1/thumb/v7-m/nofp\libgcc.a(_arm_muldivdf3.o)
                0x0800094c                __aeabi_dmul
                0x0800094c                __muldf3
                0x08000ba0                __divdf3
                0x08000ba0                __aeabi_ddiv
 .text          0x08000d70      0x110 d:/program_file/rt-threadstudio/platform/env_released/env/tools/gnu_gcc/arm_gcc/mingw/bin/../lib/gcc/arm-none-eabi/10.3.1/thumb/v7-m/nofp\libgcc.a(_arm_cmpdf2.o)
                0x08000d70                __gtdf2
                0x08000d70                __gedf2
                0x08000d78                __ltdf2
                0x08000d78                __ledf2
                0x08000d80                __nedf2
                0x08000d80                __eqdf2
                0x08000d80                __cmpdf2
                0x08000dfc                __aeabi_cdrcmple
                0x08000e0c                __aeabi_cdcmpeq
                0x08000e0c                __aeabi_cdcmple
                0x08000e1c                __aeabi_dcmpeq
                0x08000e30                __aeabi_dcmplt
                0x08000e44                __aeabi_dcmple
                0x08000e58                __aeabi_dcmpge
                0x08000e6c                __aeabi_dcmpgt
 .text          0x08000e80       0x2c d:/program_file/rt-threadstudio/platform/env_released/env/tools/gnu_gcc/arm_gcc/mingw/bin/../lib/gcc/arm-none-eabi/10.3.1/thumb/v7-m/nofp\libgcc.a(_arm_unorddf2.o)
                0x08000e80                __unorddf2
                0x08000e80                __aeabi_dcmpun
 .text          0x08000eac       0x50 d:/program_file/rt-threadstudio/platform/env_released/env/tools/gnu_gcc/arm_gcc/mingw/bin/../lib/gcc/arm-none-eabi/10.3.1/thumb/v7-m/nofp\libgcc.a(_arm_fixdfsi.o)
                0x08000eac                __aeabi_d2iz
                0x08000eac                __fixdfsi
 .text          0x08000efc       0x40 d:/program_file/rt-threadstudio/platform/env_released/env/tools/gnu_gcc/arm_gcc/mingw/bin/../lib/gcc/arm-none-eabi/10.3.1/thumb/v7-m/nofp\libgcc.a(_arm_fixunsdfsi.o)
                0x08000efc                __aeabi_d2uiz
                0x08000efc                __fixunsdfsi
 .text          0x08000f3c       0xa0 d:/program_file/rt-threadstudio/platform/env_released/env/tools/gnu_gcc/arm_gcc/mingw/bin/../lib/gcc/arm-none-eabi/10.3.1/thumb/v7-m/nofp\libgcc.a(_arm_truncdfsf2.o)
                0x08000f3c                __truncdfsf2
                0x08000f3c                __aeabi_d2f
 .text          0x08000fdc      0x21c d:/program_file/rt-threadstudio/platform/env_released/env/tools/gnu_gcc/arm_gcc/mingw/bin/../lib/gcc/arm-none-eabi/10.3.1/thumb/v7-m/nofp\libgcc.a(_arm_addsubsf3.o)
                0x08000fdc                __aeabi_frsub
                0x08000fe4                __subsf3
                0x08000fe4                __aeabi_fsub
                0x08000fe8                __aeabi_fadd
                0x08000fe8                __addsf3
                0x08001148                __aeabi_ui2f
                0x08001148                __floatunsisf
                0x08001150                __aeabi_i2f
                0x08001150                __floatsisf
                0x0800116c                __aeabi_ul2f
                0x0800116c                __floatundisf
                0x0800117c                __aeabi_l2f
                0x0800117c                __floatdisf
 .text          0x080011f8      0x2a0 d:/program_file/rt-threadstudio/platform/env_released/env/tools/gnu_gcc/arm_gcc/mingw/bin/../lib/gcc/arm-none-eabi/10.3.1/thumb/v7-m/nofp\libgcc.a(_arm_muldivsf3.o)
                0x080011f8                __mulsf3
                0x080011f8                __aeabi_fmul
                0x08001360                __aeabi_fdiv
                0x08001360                __divsf3
 .text          0x08001498       0xec d:/program_file/rt-threadstudio/platform/env_released/env/tools/gnu_gcc/arm_gcc/mingw/bin/../lib/gcc/arm-none-eabi/10.3.1/thumb/v7-m/nofp\libgcc.a(_arm_cmpsf2.o)
                0x08001498                __gesf2
                0x08001498                __gtsf2
                0x080014a0                __lesf2
                0x080014a0                __ltsf2
                0x080014a8                __nesf2
                0x080014a8                __eqsf2
                0x080014a8                __cmpsf2
                0x08001508                __aeabi_cfrcmple
                0x08001510                __aeabi_cfcmpeq
                0x08001510                __aeabi_cfcmple
                0x08001520                __aeabi_fcmpeq
                0x08001534                __aeabi_fcmplt
                0x08001548                __aeabi_fcmple
                0x0800155c                __aeabi_fcmpge
                0x08001570                __aeabi_fcmpgt
 .text          0x08001584       0x40 d:/program_file/rt-threadstudio/platform/env_released/env/tools/gnu_gcc/arm_gcc/mingw/bin/../lib/gcc/arm-none-eabi/10.3.1/thumb/v7-m/nofp\libgcc.a(_arm_fixunssfsi.o)
                0x08001584                __fixunssfsi
                0x08001584                __aeabi_f2uiz
 .text          0x080015c4       0xa0 d:/program_file/rt-threadstudio/platform/env_released/env/tools/gnu_gcc/arm_gcc/mingw/bin/../lib/gcc/arm-none-eabi/10.3.1/thumb/v7-m/nofp\libgcc.a(_aeabi_ldivmod.o)
                0x080015c4                __aeabi_ldivmod
 .text          0x08001664       0x30 d:/program_file/rt-threadstudio/platform/env_released/env/tools/gnu_gcc/arm_gcc/mingw/bin/../lib/gcc/arm-none-eabi/10.3.1/thumb/v7-m/nofp\libgcc.a(_aeabi_uldivmod.o)
                0x08001664                __aeabi_uldivmod
 .text          0x08001694       0x34 d:/program_file/rt-threadstudio/platform/env_released/env/tools/gnu_gcc/arm_gcc/mingw/bin/../lib/gcc/arm-none-eabi/10.3.1/thumb/v7-m/nofp\libgcc.a(_fixdfdi.o)
                0x08001694                __fixdfdi
                0x08001694                __aeabi_d2lz
 .text          0x080016c8       0x3c d:/program_file/rt-threadstudio/platform/env_released/env/tools/gnu_gcc/arm_gcc/mingw/bin/../lib/gcc/arm-none-eabi/10.3.1/thumb/v7-m/nofp\libgcc.a(_fixunsdfdi.o)
                0x080016c8                __fixunsdfdi
                0x080016c8                __aeabi_d2ulz
 .text          0x08001704      0x2d4 d:/program_file/rt-threadstudio/platform/env_released/env/tools/gnu_gcc/arm_gcc/mingw/bin/../lib/gcc/arm-none-eabi/10.3.1/thumb/v7-m/nofp\libgcc.a(_udivmoddi4.o)
                0x08001704                __udivmoddi4
 .text          0x080019d8        0x4 d:/program_file/rt-threadstudio/platform/env_released/env/tools/gnu_gcc/arm_gcc/mingw/bin/../lib/gcc/arm-none-eabi/10.3.1/thumb/v7-m/nofp\libgcc.a(_dvmd_tls.o)
                0x080019d8                __aeabi_idiv0
                0x080019d8                __aeabi_ldiv0
 *(.text.*)
 .text.see_di   0x080019dc       0x84 build\applications\io_signal.o
 .text.see_do   0x08001a60       0x80 build\applications\io_signal.o
 .text.set_do   0x08001ae0       0xbc build\applications\io_signal.o
 *fill*         0x08001b9c        0x4 00000000
 .text.see_dac  0x08001ba0       0x74 build\applications\io_signal.o
 .text.set_dac  0x08001c14       0x8c build\applications\io_signal.o
 .text.Output_Current.isra.0
                0x08001ca0       0x6c build\applications\io_signal.o
 .text.set_ao   0x08001d0c       0xa0 build\applications\io_signal.o
 .text.see_adc  0x08001dac       0xd0 build\applications\io_signal.o
 .text.Read_Digital_Io
                0x08001e7c       0xbc build\applications\io_signal.o
                0x08001e7c                Read_Digital_Io
 .text.Write_Digital_IO
                0x08001f38       0xb0 build\applications\io_signal.o
                0x08001f38                Write_Digital_IO
 .text.Read_Analog_Io
                0x08001fe8      0x13c build\applications\io_signal.o
                0x08001fe8                Read_Analog_Io
 .text.Write_Analog_IO
                0x08002124       0x98 build\applications\io_signal.o
                0x08002124                Write_Analog_IO
 .text.rt_measure_init
                0x080021bc       0xac build\applications\measure.o
                0x080021bc                rt_measure_init
 .text.see_action
                0x08002268       0x38 build\applications\measure.o
 .text.see_sensor_data
                0x080022a0       0x84 build\applications\measure.o
 .text.pressure_flow_level_measure_system
                0x08002324      0x2d8 build\applications\measure.o
 .text.conductivity_measure_system
                0x080025fc      0x1c4 build\applications\measure.o
 .text.temperature_measure_system
                0x080027c0      0x1d4 build\applications\measure.o
 .text.measure_timer_poll
                0x08002994       0x30 build\applications\measure.o
                0x08002994                measure_timer_poll
 .text.measure_poll
                0x080029c4      0x134 build\applications\measure.o
                0x080029c4                measure_poll
 .text.measure_sampling
                0x08002af8      0x188 build\applications\measure.o
                0x08002af8                measure_sampling
 .text.Modbus_CallBack
                0x08002c80        0x4 build\applications\lhc_modbus\Src\small_modbus_port.o
 .text.rt_small_modbus_init
                0x08002c84       0xb0 build\applications\lhc_modbus\Src\small_modbus_port.o
                0x08002c84                rt_small_modbus_init
 .text.Modbus_UnLock
                0x08002d34        0xc build\applications\lhc_modbus\Src\small_modbus_port.o
 .text.Modbus_Lock
                0x08002d40       0x10 build\applications\lhc_modbus\Src\small_modbus_port.o
 .text.Modbus_Send
                0x08002d50       0x3c build\applications\lhc_modbus\Src\small_modbus_port.o
 .text.Modbus_ErrorHadle
                0x08002d8c        0x4 build\applications\lhc_modbus\Src\small_modbus_port.o
 .text.report_thread_entry
                0x08002d90      0x17c build\applications\main.o
 .text.measure_poll_thread_entry
                0x08002f0c       0x10 build\applications\main.o
 .text.contrl_thread_entry
                0x08002f1c       0x14 build\applications\main.o
 .text.sampling_thread_entry
                0x08002f30       0x18 build\applications\main.o
 .text.rt_thread_hal_uartx_dma_info_init
                0x08002f48       0x38 build\applications\main.o
 .text.dwin_recive_thread_entry
                0x08002f80       0x2c build\applications\main.o
 .text.modbus_slave_thread_entry
                0x08002fac       0x54 build\applications\main.o
 .text.timer_callback1
                0x08003000        0x4 build\applications\main.o
 .text.startup.main
                0x08003004       0xd4 build\applications\main.o
                0x08003004                main
 .text.Dwin_ErrorHandle
                0x080030d8        0x4 build\applications\lhc_dwin\Src\dwin_port.o
 .text.Dwin_Cur_Operate_Distinguish
                0x080030dc       0x94 build\applications\lhc_dwin\Src\dwin_port.o
 .text.Dwin_Back_ParamHandle
                0x08003170      0x128 build\applications\lhc_dwin\Src\dwin_port.o
 .text.Dwin_LimitHandle
                0x08003298       0xe4 build\applications\lhc_dwin\Src\dwin_port.o
 .text.rt_dwin_init
                0x0800337c       0x8c build\applications\lhc_dwin\Src\dwin_port.o
                0x0800337c                rt_dwin_init
 .text.Dwin_Send
                0x08003408       0x44 build\applications\lhc_dwin\Src\dwin_port.o
 .text.Dwin_Save.isra.0
                0x0800344c       0x50 build\applications\lhc_dwin\Src\dwin_port.o
 .text.Dwin_SureHandle
                0x0800349c      0x1ac build\applications\lhc_dwin\Src\dwin_port.o
 .text.Dwin_CancelHandle
                0x08003648       0x7c build\applications\lhc_dwin\Src\dwin_port.o
 .text.FLASH_Init
                0x080036c4       0x18 build\applications\flash.o
                0x080036c4                FLASH_Init
 .text.FLASH_Read
                0x080036dc       0x30 build\applications\flash.o
                0x080036dc                FLASH_Read
 .text.Modbus_Master_Request
                0x0800370c       0x44 build\applications\lhc_modbus\Src\small_modbus.o
 .text.Modbus_ReadXCoil
                0x08003750      0x118 build\applications\lhc_modbus\Src\small_modbus.o
 .text.Modbus_Operatex
                0x08003868       0xa0 build\applications\lhc_modbus\Src\small_modbus.o
 .text.Modbus_46H
                0x08003908       0x5c build\applications\lhc_modbus\Src\small_modbus.o
 .text.Modbus_WriteHoldRegister
                0x08003964       0x88 build\applications\lhc_modbus\Src\small_modbus.o
 .text.Modbus_ReadXRegister
                0x080039ec       0x94 build\applications\lhc_modbus\Src\small_modbus.o
 .text.Modbus_WriteCoil
                0x08003a80       0xb8 build\applications\lhc_modbus\Src\small_modbus.o
 .text.Modbus_Poll
                0x08003b38      0x204 build\applications\lhc_modbus\Src\small_modbus.o
 .text.Create_ModObject
                0x08003d3c      0x154 build\applications\lhc_modbus\Src\small_modbus.o
                0x08003d3c                Create_ModObject
 .text.DMA1_Channel1_IRQHandler
                0x08003e90       0x18 build\applications\stm32_irq.o
                0x08003e90                DMA1_Channel1_IRQHandler
 .text.DMA1_Channel2_IRQHandler
                0x08003ea8       0x18 build\applications\stm32_irq.o
                0x08003ea8                DMA1_Channel2_IRQHandler
 .text.DMA1_Channel3_IRQHandler
                0x08003ec0       0x18 build\applications\stm32_irq.o
                0x08003ec0                DMA1_Channel3_IRQHandler
 .text.DMA1_Channel4_IRQHandler
                0x08003ed8       0x18 build\applications\stm32_irq.o
                0x08003ed8                DMA1_Channel4_IRQHandler
 .text.DMA1_Channel5_IRQHandler
                0x08003ef0       0x18 build\applications\stm32_irq.o
                0x08003ef0                DMA1_Channel5_IRQHandler
 .text.DMA1_Channel6_IRQHandler
                0x08003f08       0x18 build\applications\stm32_irq.o
                0x08003f08                DMA1_Channel6_IRQHandler
 .text.DMA1_Channel7_IRQHandler
                0x08003f20       0x18 build\applications\stm32_irq.o
                0x08003f20                DMA1_Channel7_IRQHandler
 .text.USART2_IRQHandler
                0x08003f38       0x28 build\applications\stm32_irq.o
                0x08003f38                USART2_IRQHandler
 .text.USART3_IRQHandler
                0x08003f60       0x28 build\applications\stm32_irq.o
                0x08003f60                USART3_IRQHandler
 .text.uartx_recive_handle
                0x08003f88       0x58 build\applications\lhc_dwin\Src\tool.o
                0x08003f88                uartx_recive_handle
 .text.get_crc16
                0x08003fe0       0x38 build\applications\lhc_dwin\Src\tool.o
                0x08003fe0                get_crc16
 .text.endian_swap
                0x08004018       0x38 build\applications\lhc_dwin\Src\tool.o
                0x08004018                endian_swap
 .text.kalmanFilter
                0x08004050       0x80 build\applications\lhc_dwin\Src\tool.o
                0x08004050                kalmanFilter
 .text.Dwin_Read
                0x080040d0       0x34 build\applications\lhc_dwin\Src\dwin.o
 .text.Dwin_PageChange
                0x08004104       0x48 build\applications\lhc_dwin\Src\dwin.o
 .text.Dwin_Write
                0x0800414c       0x58 build\applications\lhc_dwin\Src\dwin.o
 .text.Dwin_Poll
                0x080041a4       0x8c build\applications\lhc_dwin\Src\dwin.o
 .text.Create_DwinObject
                0x08004230       0xfc build\applications\lhc_dwin\Src\dwin.o
                0x08004230                Create_DwinObject
 .text.Reset_Handler
                0x0800432c       0x48 libraries\STM32F1xx_HAL\CMSIS\Device\ST\STM32F1xx\Source\Templates\gcc\startup_stm32f103xe.o
                0x0800432c                Reset_Handler
 .text.Default_Handler
                0x08004374        0x2 libraries\STM32F1xx_HAL\CMSIS\Device\ST\STM32F1xx\Source\Templates\gcc\startup_stm32f103xe.o
                0x08004374                RTC_Alarm_IRQHandler
                0x08004374                TIM8_TRG_COM_IRQHandler
                0x08004374                TIM8_CC_IRQHandler
                0x08004374                DebugMon_Handler
                0x08004374                TIM1_CC_IRQHandler
                0x08004374                TIM6_IRQHandler
                0x08004374                PVD_IRQHandler
                0x08004374                SDIO_IRQHandler
                0x08004374                NMI_Handler
                0x08004374                I2C2_EV_IRQHandler
                0x08004374                UsageFault_Handler
                0x08004374                ADC1_2_IRQHandler
                0x08004374                SPI1_IRQHandler
                0x08004374                TAMPER_IRQHandler
                0x08004374                TIM8_UP_IRQHandler
                0x08004374                DMA2_Channel2_IRQHandler
                0x08004374                RTC_IRQHandler
                0x08004374                CAN1_RX1_IRQHandler
                0x08004374                UART5_IRQHandler
                0x08004374                ADC3_IRQHandler
                0x08004374                TIM4_IRQHandler
                0x08004374                DMA2_Channel1_IRQHandler
                0x08004374                I2C1_EV_IRQHandler
                0x08004374                UART4_IRQHandler
                0x08004374                TIM3_IRQHandler
                0x08004374                RCC_IRQHandler
                0x08004374                TIM1_TRG_COM_IRQHandler
                0x08004374                Default_Handler
                0x08004374                TIM7_IRQHandler
                0x08004374                TIM5_IRQHandler
                0x08004374                SPI2_IRQHandler
                0x08004374                MemManage_Handler
                0x08004374                SVC_Handler
                0x08004374                USB_LP_CAN1_RX0_IRQHandler
                0x08004374                USB_HP_CAN1_TX_IRQHandler
                0x08004374                FSMC_IRQHandler
                0x08004374                TIM1_UP_IRQHandler
                0x08004374                WWDG_IRQHandler
                0x08004374                TIM2_IRQHandler
                0x08004374                TIM1_BRK_IRQHandler
                0x08004374                DMA2_Channel4_5_IRQHandler
                0x08004374                I2C2_ER_IRQHandler
                0x08004374                TIM8_BRK_IRQHandler
                0x08004374                CAN1_SCE_IRQHandler
                0x08004374                FLASH_IRQHandler
                0x08004374                BusFault_Handler
                0x08004374                SPI3_IRQHandler
                0x08004374                I2C1_ER_IRQHandler
                0x08004374                USBWakeUp_IRQHandler
                0x08004374                DMA2_Channel3_IRQHandler
 *fill*         0x08004376        0x2 00000000
 .text.HAL_MspInit
                0x08004378       0x44 build\board\CubeMX_Config\Src\stm32f1xx_hal_msp.o
                0x08004378                HAL_MspInit
 .text.HAL_ADC_MspInit
                0x080043bc       0xe4 build\board\CubeMX_Config\Src\stm32f1xx_hal_msp.o
                0x080043bc                HAL_ADC_MspInit
 .text.HAL_DAC_MspInit
                0x080044a0       0x64 build\board\CubeMX_Config\Src\stm32f1xx_hal_msp.o
                0x080044a0                HAL_DAC_MspInit
 .text.HAL_TIM_Base_MspInit
                0x08004504       0x2c build\board\CubeMX_Config\Src\stm32f1xx_hal_msp.o
                0x08004504                HAL_TIM_Base_MspInit
 .text.HAL_TIM_MspPostInit
                0x08004530       0x54 build\board\CubeMX_Config\Src\stm32f1xx_hal_msp.o
                0x08004530                HAL_TIM_MspPostInit
 .text.HAL_UART_MspInit
                0x08004584      0x2b4 build\board\CubeMX_Config\Src\stm32f1xx_hal_msp.o
                0x08004584                HAL_UART_MspInit
 .text.HAL_UART_MspDeInit
                0x08004838       0xb4 build\board\CubeMX_Config\Src\stm32f1xx_hal_msp.o
                0x08004838                HAL_UART_MspDeInit
 .text.rt_stm32_hal_init
                0x080048ec      0x488 build\board\CubeMX_Config\Src\main.o
                0x080048ec                rt_stm32_hal_init
 .text.SystemClock_Config
                0x08004d74       0x80 build\board\CubeMX_Config\Src\main.o
                0x08004d74                SystemClock_Config
 .text.Error_Handler
                0x08004df4        0x4 build\board\CubeMX_Config\Src\main.o
                0x08004df4                Error_Handler
 .text.rt_cm_backtrace_exception_hook
                0x08004df8       0xbc build\packages\CmBacktrace-v1.4.1\cmb_port.o
                0x08004df8                rt_cm_backtrace_exception_hook
 .text.rt_cm_backtrace_assert_hook
                0x08004eb4       0x6c build\packages\CmBacktrace-v1.4.1\cmb_port.o
                0x08004eb4                rt_cm_backtrace_assert_hook
 .text.exception_hook
                0x08004f20       0x28 build\packages\CmBacktrace-v1.4.1\cmb_port.o
                0x08004f20                exception_hook
 .text.assert_hook
                0x08004f48       0x30 build\packages\CmBacktrace-v1.4.1\cmb_port.o
                0x08004f48                assert_hook
 .text.rt_cm_backtrace_init
                0x08004f78       0x48 build\packages\CmBacktrace-v1.4.1\cmb_port.o
                0x08004f78                rt_cm_backtrace_init
 .text.cmb_test
                0x08004fc0      0x110 build\packages\CmBacktrace-v1.4.1\cmb_port.o
                0x08004fc0                cmb_test
 .text.dump_stack
                0x080050d0       0xb0 build\packages\CmBacktrace-v1.4.1\cm_backtrace.o
 .text.get_cur_thread_stack_info.constprop.0
                0x08005180       0x18 build\packages\CmBacktrace-v1.4.1\cm_backtrace.o
 .text.cm_backtrace_init
                0x08005198       0x94 build\packages\CmBacktrace-v1.4.1\cm_backtrace.o
                0x08005198                cm_backtrace_init
 .text.cm_backtrace_call_stack
                0x0800522c      0x168 build\packages\CmBacktrace-v1.4.1\cm_backtrace.o
                0x0800522c                cm_backtrace_call_stack
 .text.print_call_stack
                0x08005394       0x98 build\packages\CmBacktrace-v1.4.1\cm_backtrace.o
 .text.cm_backtrace_assert
                0x0800542c       0xe0 build\packages\CmBacktrace-v1.4.1\cm_backtrace.o
                0x0800542c                cm_backtrace_assert
 .text.cm_backtrace_fault
                0x0800550c      0x504 build\packages\CmBacktrace-v1.4.1\cm_backtrace.o
                0x0800550c                cm_backtrace_fault
 .text.out_buffer
                0x08005a10        0x8 build\packages\rt_vsnprintf_full-latest\rt_vsnprintf.o
 .text.out_discard
                0x08005a18        0x4 build\packages\rt_vsnprintf_full-latest\rt_vsnprintf.o
 .text.out_rev_
                0x08005a1c       0x88 build\packages\rt_vsnprintf_full-latest\rt_vsnprintf.o
 .text.print_integer
                0x08005aa4      0x26c build\packages\rt_vsnprintf_full-latest\rt_vsnprintf.o
 .text.get_components
                0x08005d10      0x128 build\packages\rt_vsnprintf_full-latest\rt_vsnprintf.o
 .text.print_broken_up_decimal.isra.0
                0x08005e38      0x22c build\packages\rt_vsnprintf_full-latest\rt_vsnprintf.o
 *fill*         0x08006064        0x4 00000000
 .text.print_exponential_number
                0x08006068      0x69c build\packages\rt_vsnprintf_full-latest\rt_vsnprintf.o
 *fill*         0x08006704        0x4 00000000
 .text.print_floating_point
                0x08006708      0x1e4 build\packages\rt_vsnprintf_full-latest\rt_vsnprintf.o
 .text.rt_vsnprintf
                0x080068ec      0x690 build\packages\rt_vsnprintf_full-latest\rt_vsnprintf.o
                0x080068ec                rt_vsnprintf
 .text.rt_timer_init
                0x08006f7c       0x84 build\kernel\src\timer.o
                0x08006f7c                rt_timer_init
 .text.rt_timer_detach
                0x08007000       0x7c build\kernel\src\timer.o
                0x08007000                rt_timer_detach
 .text.rt_timer_create
                0x0800707c       0x6c build\kernel\src\timer.o
                0x0800707c                rt_timer_create
 .text.rt_timer_start
                0x080070e8      0x110 build\kernel\src\timer.o
                0x080070e8                rt_timer_start
 .text.rt_timer_stop
                0x080071f8       0x74 build\kernel\src\timer.o
                0x080071f8                rt_timer_stop
 .text.rt_timer_control
                0x0800726c       0xc8 build\kernel\src\timer.o
                0x0800726c                rt_timer_control
 .text.rt_timer_check
                0x08007334       0xdc build\kernel\src\timer.o
                0x08007334                rt_timer_check
 .text.rt_timer_next_timeout_tick
                0x08007410       0x28 build\kernel\src\timer.o
                0x08007410                rt_timer_next_timeout_tick
 .text.rt_soft_timer_check
                0x08007438       0xe8 build\kernel\src\timer.o
                0x08007438                rt_soft_timer_check
 .text._timer_thread_entry
                0x08007520       0x44 build\kernel\src\timer.o
 .text.rt_system_timer_init
                0x08007564        0xc build\kernel\src\timer.o
                0x08007564                rt_system_timer_init
 .text.rt_system_timer_thread_init
                0x08007570       0x4c build\kernel\src\timer.o
                0x08007570                rt_system_timer_thread_init
 .text.rt_interrupt_enter
                0x080075bc       0x2c build\kernel\src\irq.o
                0x080075bc                rt_interrupt_enter
 .text.rt_interrupt_leave
                0x080075e8       0x2c build\kernel\src\irq.o
                0x080075e8                rt_interrupt_leave
 .text.rt_interrupt_get_nest
                0x08007614       0x18 build\kernel\src\irq.o
                0x08007614                rt_interrupt_get_nest
 .text.rt_tick_get
                0x0800762c        0xc build\kernel\src\clock.o
                0x0800762c                rt_tick_get
 .text.rt_tick_set
                0x08007638       0x18 build\kernel\src\clock.o
                0x08007638                rt_tick_set
 .text.rt_tick_increase
                0x08007650       0x60 build\kernel\src\clock.o
                0x08007650                rt_tick_increase
 .text.rt_tick_from_millisecond
                0x080076b0       0x3c build\kernel\src\clock.o
                0x080076b0                rt_tick_from_millisecond
 .text.rt_sem_init
                0x080076ec       0x68 build\kernel\src\ipc.o
                0x080076ec                rt_sem_init
 .text.rt_sem_create
                0x08007754       0x80 build\kernel\src\ipc.o
                0x08007754                rt_sem_create
 .text.rt_sem_take
                0x080077d4      0x1bc build\kernel\src\ipc.o
                0x080077d4                rt_sem_take
 .text.rt_sem_release
                0x08007990       0x8c build\kernel\src\ipc.o
                0x08007990                rt_sem_release
 .text.rt_mutex_init
                0x08007a1c       0x44 build\kernel\src\ipc.o
                0x08007a1c                rt_mutex_init
 .text.rt_mutex_create
                0x08007a60       0x5c build\kernel\src\ipc.o
                0x08007a60                rt_mutex_create
 .text.rt_mutex_take
                0x08007abc      0x21c build\kernel\src\ipc.o
                0x08007abc                rt_mutex_take
 .text.rt_mutex_release
                0x08007cd8      0x16c build\kernel\src\ipc.o
                0x08007cd8                rt_mutex_release
 .text.rt_strerror
                0x08007e44       0x1c build\kernel\src\kservice.o
                0x08007e44                rt_strerror
 .text.rt_set_errno
                0x08007e60       0x20 build\kernel\src\kservice.o
                0x08007e60                rt_set_errno
 .text._rt_errno
                0x08007e80       0x1c build\kernel\src\kservice.o
                0x08007e80                _rt_errno
 .text.rt_memset
                0x08007e9c       0x84 build\kernel\src\kservice.o
                0x08007e9c                rt_memset
 .text.rt_memcpy
                0x08007f20       0xd8 build\kernel\src\kservice.o
                0x08007f20                rt_memcpy
 .text.rt_memmove
                0x08007ff8       0x38 build\kernel\src\kservice.o
                0x08007ff8                rt_memmove
 .text.rt_snprintf
                0x08008030       0x1c build\kernel\src\kservice.o
                0x08008030                rt_snprintf
 .text.rt_sprintf
                0x0800804c       0x20 build\kernel\src\kservice.o
                0x0800804c                rt_sprintf
 .text.rt_console_get_device
                0x0800806c        0xc build\kernel\src\kservice.o
                0x0800806c                rt_console_get_device
 .text.rt_console_set_device
                0x08008078       0x30 build\kernel\src\kservice.o
                0x08008078                rt_console_set_device
 .text.rt_hw_console_output
                0x080080a8        0x4 build\kernel\src\kservice.o
                0x080080a8                rt_hw_console_output
 .text.rt_kprintf
                0x080080ac       0x4c build\kernel\src\kservice.o
                0x080080ac                rt_kprintf
 .text.rt_show_version
                0x080080f8       0x48 build\kernel\src\kservice.o
                0x080080f8                rt_show_version
 .text.rt_system_heap_init
                0x08008140       0x80 build\kernel\src\kservice.o
                0x08008140                rt_system_heap_init
 .text.rt_malloc
                0x080081c0       0x9c build\kernel\src\kservice.o
                0x080081c0                rt_malloc
 .text.rt_strdup
                0x0800825c       0x20 build\kernel\src\kservice.o
                0x0800825c                rt_strdup
 .text.rt_realloc
                0x0800827c       0x94 build\kernel\src\kservice.o
                0x0800827c                rt_realloc
 .text.rt_calloc
                0x08008310       0x1c build\kernel\src\kservice.o
                0x08008310                rt_calloc
 .text.rt_free  0x0800832c       0x98 build\kernel\src\kservice.o
                0x0800832c                rt_free
 .text.rt_memory_info
                0x080083c4       0x98 build\kernel\src\kservice.o
                0x080083c4                rt_memory_info
 .text.rt_assert_set_hook
                0x0800845c        0xc build\kernel\src\kservice.o
                0x0800845c                rt_assert_set_hook
 .text.rt_assert_handler
                0x08008468       0x3c build\kernel\src\kservice.o
                0x08008468                rt_assert_handler
 .text.rt_object_get_information
                0x080084a4       0x24 build\kernel\src\object.o
                0x080084a4                rt_object_get_information
 .text.rt_object_init
                0x080084c8       0xc4 build\kernel\src\object.o
                0x080084c8                rt_object_init
 .text.rt_object_detach
                0x0800858c       0x4c build\kernel\src\object.o
                0x0800858c                rt_object_detach
 .text.rt_object_allocate
                0x080085d8       0xc8 build\kernel\src\object.o
                0x080085d8                rt_object_allocate
 .text.rt_object_delete
                0x080086a0       0x6c build\kernel\src\object.o
                0x080086a0                rt_object_delete
 .text.rt_object_is_systemobject
                0x0800870c       0x2c build\kernel\src\object.o
                0x0800870c                rt_object_is_systemobject
 .text.rt_object_get_type
                0x08008738       0x2c build\kernel\src\object.o
                0x08008738                rt_object_get_type
 .text.rt_object_find
                0x08008764       0x94 build\kernel\src\object.o
                0x08008764                rt_object_find
 .text.rt_thread_idle_entry
                0x080087f8       0x88 build\kernel\src\idle.o
 .text.rt_thread_defunct_enqueue
                0x08008880       0x18 build\kernel\src\idle.o
                0x08008880                rt_thread_defunct_enqueue
 .text.rt_thread_idle_init
                0x08008898       0x48 build\kernel\src\idle.o
                0x08008898                rt_thread_idle_init
 .text.plug_holes
                0x080088e0       0x8c build\kernel\src\mem.o
 .text.rt_smem_init
                0x0800896c       0x84 build\kernel\src\mem.o
                0x0800896c                rt_smem_init
 .text.rt_smem_alloc
                0x080089f0      0x170 build\kernel\src\mem.o
                0x080089f0                rt_smem_alloc
 .text.rt_smem_free
                0x08008b60      0x104 build\kernel\src\mem.o
                0x08008b60                rt_smem_free
 .text.rt_smem_realloc
                0x08008c64      0x174 build\kernel\src\mem.o
                0x08008c64                rt_smem_realloc
 .text.rt_device_register
                0x08008dd8       0x38 build\kernel\src\device.o
                0x08008dd8                rt_device_register
 .text.rt_device_find
                0x08008e10        0x8 build\kernel\src\device.o
                0x08008e10                rt_device_find
 .text.rt_device_open
                0x08008e18       0xbc build\kernel\src\device.o
                0x08008e18                rt_device_open
 .text.rt_device_close
                0x08008ed4       0x68 build\kernel\src\device.o
                0x08008ed4                rt_device_close
 .text.rt_device_read
                0x08008f3c       0x7c build\kernel\src\device.o
                0x08008f3c                rt_device_read
 .text.rt_device_write
                0x08008fb8       0x7c build\kernel\src\device.o
                0x08008fb8                rt_device_write
 .text.rt_device_set_rx_indicate
                0x08009034       0x40 build\kernel\src\device.o
                0x08009034                rt_device_set_rx_indicate
 .text.rti_start
                0x08009074        0x4 build\kernel\src\components.o
 .text.main_thread_entry
                0x08009078       0x24 build\kernel\src\components.o
                0x08009078                main_thread_entry
 .text.rti_end  0x0800909c        0x4 build\kernel\src\components.o
 .text.rti_board_start
                0x080090a0        0x4 build\kernel\src\components.o
 .text.rti_board_end
                0x080090a4        0x4 build\kernel\src\components.o
 .text.rt_components_board_init
                0x080090a8       0x20 build\kernel\src\components.o
                0x080090a8                rt_components_board_init
 .text.rt_application_init
                0x080090c8       0x50 build\kernel\src\components.o
                0x080090c8                rt_application_init
 .text.entry    0x08009118       0x2c build\kernel\src\components.o
                0x08009118                entry
 .text._thread_timeout
                0x08009144       0x7c build\kernel\src\thread.o
 .text._thread_exit
                0x080091c0       0x38 build\kernel\src\thread.o
 .text._thread_init.constprop.0
                0x080091f8       0xa0 build\kernel\src\thread.o
 .text.rt_thread_init
                0x08009298       0x74 build\kernel\src\thread.o
                0x08009298                rt_thread_init
 .text.rt_thread_self
                0x0800930c        0xc build\kernel\src\thread.o
                0x0800930c                rt_thread_self
 .text.rt_thread_detach
                0x08009318       0x8c build\kernel\src\thread.o
                0x08009318                rt_thread_detach
 .text.rt_thread_create
                0x080093a4       0x54 build\kernel\src\thread.o
                0x080093a4                rt_thread_create
 .text.rt_thread_delete
                0x080093f8       0x8c build\kernel\src\thread.o
                0x080093f8                rt_thread_delete
 .text.rt_thread_suspend
                0x08009484       0xa8 build\kernel\src\thread.o
                0x08009484                rt_thread_suspend
 .text.rt_thread_sleep
                0x0800952c       0x7c build\kernel\src\thread.o
                0x0800952c                rt_thread_sleep
 .text.rt_thread_delay
                0x080095a8        0x4 build\kernel\src\thread.o
                0x080095a8                rt_thread_delay
 .text.rt_thread_mdelay
                0x080095ac       0x10 build\kernel\src\thread.o
                0x080095ac                rt_thread_mdelay
 .text.rt_thread_resume
                0x080095bc       0x88 build\kernel\src\thread.o
                0x080095bc                rt_thread_resume
 .text.rt_thread_startup
                0x08009644       0x78 build\kernel\src\thread.o
                0x08009644                rt_thread_startup
 .text.rt_thread_control
                0x080096bc       0xb8 build\kernel\src\thread.o
                0x080096bc                rt_thread_control
 .text.rt_system_scheduler_init
                0x08009774       0x2c build\kernel\src\scheduler.o
                0x08009774                rt_system_scheduler_init
 .text.rt_schedule_insert_thread
                0x080097a0       0x9c build\kernel\src\scheduler.o
                0x080097a0                rt_schedule_insert_thread
 .text.rt_schedule_remove_thread
                0x0800983c       0x68 build\kernel\src\scheduler.o
                0x0800983c                rt_schedule_remove_thread
 .text.rt_system_scheduler_start
                0x080098a4       0x3c build\kernel\src\scheduler.o
                0x080098a4                rt_system_scheduler_start
 .text.rt_schedule
                0x080098e0      0x15c build\kernel\src\scheduler.o
                0x080098e0                rt_schedule
 .text.rt_enter_critical
                0x08009a3c       0x1c build\kernel\src\scheduler.o
                0x08009a3c                rt_enter_critical
 .text.rt_exit_critical
                0x08009a58       0x3c build\kernel\src\scheduler.o
                0x08009a58                rt_exit_critical
 .text.rt_critical_level
                0x08009a94        0xc build\kernel\src\scheduler.o
                0x08009a94                rt_critical_level
 .text.rt_hw_stack_init
                0x08009aa0       0x40 build\kernel\libcpu\arm\cortex-m3\cpuport.o
                0x08009aa0                rt_hw_stack_init
 .text.rt_hw_exception_install
                0x08009ae0        0xc build\kernel\libcpu\arm\cortex-m3\cpuport.o
                0x08009ae0                rt_hw_exception_install
 .text.rt_hw_hard_fault_exception
                0x08009aec      0x348 build\kernel\libcpu\arm\cortex-m3\cpuport.o
                0x08009aec                rt_hw_hard_fault_exception
 .text.rt_hw_cpu_reset
                0x08009e34       0x10 build\kernel\libcpu\arm\cortex-m3\cpuport.o
                0x08009e34                rt_hw_cpu_reset
 .text.__rt_ffs
                0x08009e44       0x14 build\kernel\libcpu\arm\cortex-m3\cpuport.o
                0x08009e44                __rt_ffs
 .text.open     0x08009e58       0x54 build\kernel\components\dfs\src\dfs_posix.o
                0x08009e58                open
 .text.close    0x08009eac       0x40 build\kernel\components\dfs\src\dfs_posix.o
                0x08009eac                close
 .text.read     0x08009eec       0x44 build\kernel\components\dfs\src\dfs_posix.o
                0x08009eec                read
 .text.write    0x08009f30       0x44 build\kernel\components\dfs\src\dfs_posix.o
                0x08009f30                write
 .text.lseek    0x08009f74       0x74 build\kernel\components\dfs\src\dfs_posix.o
                0x08009f74                lseek
 .text.rename   0x08009fe8       0x1c build\kernel\components\dfs\src\dfs_posix.o
                0x08009fe8                rename
 .text.unlink   0x0800a004       0x1c build\kernel\components\dfs\src\dfs_posix.o
                0x0800a004                unlink
 .text.stat     0x0800a020       0x18 build\kernel\components\dfs\src\dfs_posix.o
                0x0800a020                stat
 .text.mkdir    0x0800a038       0x5c build\kernel\components\dfs\src\dfs_posix.o
                0x0800a038                mkdir
 .text.opendir  0x0800a094       0x78 build\kernel\components\dfs\src\dfs_posix.o
                0x0800a094                opendir
 .text.readdir  0x0800a10c       0x6c build\kernel\components\dfs\src\dfs_posix.o
                0x0800a10c                readdir
 .text.rewinddir
                0x0800a178       0x38 build\kernel\components\dfs\src\dfs_posix.o
                0x0800a178                rewinddir
 .text.closedir
                0x0800a1b0       0x4c build\kernel\components\dfs\src\dfs_posix.o
                0x0800a1b0                closedir
 .text.chdir    0x0800a1fc       0x80 build\kernel\components\dfs\src\dfs_posix.o
                0x0800a1fc                chdir
 .text.getcwd   0x0800a27c       0x20 build\kernel\components\dfs\src\dfs_posix.o
                0x0800a27c                getcwd
 .text.dfs_filesystem_lookup
                0x0800a29c       0x90 build\kernel\components\dfs\src\dfs_fs.o
                0x0800a29c                dfs_filesystem_lookup
 .text.dfs_mount
                0x0800a32c      0x1c0 build\kernel\components\dfs\src\dfs_fs.o
                0x0800a32c                dfs_mount
 .text.dfs_unmount
                0x0800a4ec       0x88 build\kernel\components\dfs\src\dfs_fs.o
                0x0800a4ec                dfs_unmount
 .text.dfs_mkfs
                0x0800a574       0xc0 build\kernel\components\dfs\src\dfs_fs.o
                0x0800a574                dfs_mkfs
 .text.df       0x0800a634       0xe8 build\kernel\components\dfs\src\dfs_fs.o
                0x0800a634                df
 .text.list_fd  0x0800a71c      0x12c build\kernel\components\dfs\src\dfs.o
                0x0800a71c                list_fd
 .text.dfs_init
                0x0800a848       0x74 build\kernel\components\dfs\src\dfs.o
                0x0800a848                dfs_init
 .text.dfs_lock
                0x0800a8bc       0x30 build\kernel\components\dfs\src\dfs.o
                0x0800a8bc                dfs_lock
 .text.dfs_unlock
                0x0800a8ec        0xc build\kernel\components\dfs\src\dfs.o
                0x0800a8ec                dfs_unlock
 .text.fd_new   0x0800a8f8      0x134 build\kernel\components\dfs\src\dfs.o
                0x0800a8f8                fd_new
 .text.fd_get   0x0800aa2c       0x70 build\kernel\components\dfs\src\dfs.o
                0x0800aa2c                fd_get
 .text.fd_put   0x0800aa9c       0x88 build\kernel\components\dfs\src\dfs.o
                0x0800aa9c                fd_put
 .text.dfs_subdir
                0x0800ab24       0x28 build\kernel\components\dfs\src\dfs.o
                0x0800ab24                dfs_subdir
 .text.dfs_normalize_path
                0x0800ab4c      0x16c build\kernel\components\dfs\src\dfs.o
                0x0800ab4c                dfs_normalize_path
 .text.fd_is_open
                0x0800acb8       0xd4 build\kernel\components\dfs\src\dfs.o
                0x0800acb8                fd_is_open
 .text.dfs_file_open
                0x0800ad8c       0xcc build\kernel\components\dfs\src\dfs_file.o
                0x0800ad8c                dfs_file_open
 .text.copyfile
                0x0800ae58      0x118 build\kernel\components\dfs\src\dfs_file.o
 .text.dfs_file_close
                0x0800af70       0x28 build\kernel\components\dfs\src\dfs_file.o
                0x0800af70                dfs_file_close
 .text.dfs_file_read
                0x0800af98       0x2c build\kernel\components\dfs\src\dfs_file.o
                0x0800af98                dfs_file_read
 .text.dfs_file_getdents
                0x0800afc4       0x20 build\kernel\components\dfs\src\dfs_file.o
                0x0800afc4                dfs_file_getdents
 .text.dfs_file_unlink
                0x0800afe4       0x84 build\kernel\components\dfs\src\dfs_file.o
                0x0800afe4                dfs_file_unlink
 .text.dfs_file_write
                0x0800b068       0x18 build\kernel\components\dfs\src\dfs_file.o
                0x0800b068                dfs_file_write
 .text.dfs_file_lseek
                0x0800b080       0x24 build\kernel\components\dfs\src\dfs_file.o
                0x0800b080                dfs_file_lseek
 .text.dfs_file_stat
                0x0800b0a4       0xe4 build\kernel\components\dfs\src\dfs_file.o
                0x0800b0a4                dfs_file_stat
 .text.copydir  0x0800b188      0x11c build\kernel\components\dfs\src\dfs_file.o
 .text.dfs_file_rename
                0x0800b2a4       0x8c build\kernel\components\dfs\src\dfs_file.o
                0x0800b2a4                dfs_file_rename
 .text.ls       0x0800b330      0x118 build\kernel\components\dfs\src\dfs_file.o
                0x0800b330                ls
 .text.cat      0x0800b448       0x88 build\kernel\components\dfs\src\dfs_file.o
                0x0800b448                cat
 .text.copy     0x0800b4d0      0x114 build\kernel\components\dfs\src\dfs_file.o
                0x0800b4d0                copy
 .text.rt_data_queue_init
                0x0800b5e4       0x6c build\kernel\components\drivers\ipc\dataqueue.o
                0x0800b5e4                rt_data_queue_init
 .text.rt_data_queue_push
                0x0800b650      0x1ec build\kernel\components\drivers\ipc\dataqueue.o
                0x0800b650                rt_data_queue_push
 .text.rt_data_queue_peek
                0x0800b83c       0x74 build\kernel\components\drivers\ipc\dataqueue.o
                0x0800b83c                rt_data_queue_peek
 .text.rt_data_queue_reset
                0x0800b8b0       0xac build\kernel\components\drivers\ipc\dataqueue.o
                0x0800b8b0                rt_data_queue_reset
 .text.rt_data_queue_deinit
                0x0800b95c       0x54 build\kernel\components\drivers\ipc\dataqueue.o
                0x0800b95c                rt_data_queue_deinit
 .text.rt_data_queue_len
                0x0800b9b0       0x6c build\kernel\components\drivers\ipc\dataqueue.o
                0x0800b9b0                rt_data_queue_len
 .text.rt_data_queue_pop
                0x0800ba1c      0x264 build\kernel\components\drivers\ipc\dataqueue.o
                0x0800ba1c                rt_data_queue_pop
 .text.rt_completion_init
                0x0800bc80       0x34 build\kernel\components\drivers\ipc\completion.o
                0x0800bc80                rt_completion_init
 .text.rt_completion_wait
                0x0800bcb4      0x140 build\kernel\components\drivers\ipc\completion.o
                0x0800bcb4                rt_completion_wait
 .text.rt_completion_done
                0x0800bdf4       0x54 build\kernel\components\drivers\ipc\completion.o
                0x0800bdf4                rt_completion_done
 .text._pin_control
                0x0800be48       0x34 build\kernel\components\drivers\misc\pin.o
 .text._pin_cmd_print_usage
                0x0800be7c       0x58 build\kernel\components\drivers\misc\pin.o
 .text._pin_write
                0x0800bed4       0x38 build\kernel\components\drivers\misc\pin.o
 .text._pin_read
                0x0800bf0c       0x3c build\kernel\components\drivers\misc\pin.o
 .text.rt_device_pin_register
                0x0800bf48       0x44 build\kernel\components\drivers\misc\pin.o
                0x0800bf48                rt_device_pin_register
 .text.rt_pin_get
                0x0800bf8c       0x48 build\kernel\components\drivers\misc\pin.o
                0x0800bf8c                rt_pin_get
 .text._pin_cmd_conv
                0x0800bfd4       0x70 build\kernel\components\drivers\misc\pin.o
 .text._pin_cmd
                0x0800c044      0x230 build\kernel\components\drivers\misc\pin.o
 .text.lptimer_dump
                0x0800c274       0x74 build\kernel\components\drivers\pm\lptimer.o
                0x0800c274                lptimer_dump
 .text.rt_lptimer_next_timeout_tick
                0x0800c2e8       0x50 build\kernel\components\drivers\pm\lptimer.o
                0x0800c2e8                rt_lptimer_next_timeout_tick
 .text._pm_device_frequency_change
                0x0800c338       0x34 build\kernel\components\drivers\pm\pm.o
 .text.rt_pm_dump_status
                0x0800c36c       0xec build\kernel\components\drivers\pm\pm.o
 .text.rt_pm_release_mode_all
                0x0800c458       0x44 build\kernel\components\drivers\pm\pm.o
 .text.rt_module_release_mode_all
                0x0800c49c       0x5c build\kernel\components\drivers\pm\pm.o
 .text.rt_module_delay_sleep
                0x0800c4f8       0x64 build\kernel\components\drivers\pm\pm.o
 .text.rt_pm_request_mode
                0x0800c55c       0x4c build\kernel\components\drivers\pm\pm.o
 .text.rt_pm_release_mode
                0x0800c5a8       0x4c build\kernel\components\drivers\pm\pm.o
 .text.rt_module_request_mode
                0x0800c5f4       0x68 build\kernel\components\drivers\pm\pm.o
 .text.rt_module_release_mode
                0x0800c65c       0x74 build\kernel\components\drivers\pm\pm.o
 .text.rt_pm_enter_critical
                0x0800c6d0        0x4 build\kernel\components\drivers\pm\pm.o
                0x0800c6d0                rt_pm_enter_critical
 .text.rt_pm_exit_critical
                0x0800c6d4        0x4 build\kernel\components\drivers\pm\pm.o
                0x0800c6d4                rt_pm_exit_critical
 .text.pm_timer_next_timeout_tick
                0x0800c6d8       0x18 build\kernel\components\drivers\pm\pm.o
                0x0800c6d8                pm_timer_next_timeout_tick
 .text.pm_get_sleep_threshold_mode
                0x0800c6f0       0x18 build\kernel\components\drivers\pm\pm.o
                0x0800c6f0                pm_get_sleep_threshold_mode
 .text.rt_system_power_manager
                0x0800c708      0x2a8 build\kernel\components\drivers\pm\pm.o
                0x0800c708                rt_system_power_manager
 .text.rt_pm_run_enter
                0x0800c9b0       0x60 build\kernel\components\drivers\pm\pm.o
                0x0800c9b0                rt_pm_run_enter
 .text.rt_pm_run_mode_switch
                0x0800ca10       0x1c build\kernel\components\drivers\pm\pm.o
 .text.rt_serial_control
                0x0800ca2c       0xa4 build\kernel\components\drivers\serial\serial.o
 .text._serial_fifo_calc_recved_len
                0x0800cad0       0x48 build\kernel\components\drivers\serial\serial.o
 .text.rt_serial_init
                0x0800cb18       0x38 build\kernel\components\drivers\serial\serial.o
 .text.rt_serial_open
                0x0800cb50      0x228 build\kernel\components\drivers\serial\serial.o
 .text.rt_serial_write
                0x0800cd78      0x118 build\kernel\components\drivers\serial\serial.o
 .text.rt_serial_read
                0x0800ce90      0x24c build\kernel\components\drivers\serial\serial.o
 .text.rt_serial_close
                0x0800d0dc      0x144 build\kernel\components\drivers\serial\serial.o
 .text.rt_hw_serial_register
                0x0800d220       0x6c build\kernel\components\drivers\serial\serial.o
                0x0800d220                rt_hw_serial_register
 .text.rt_hw_serial_isr
                0x0800d28c      0x244 build\kernel\components\drivers\serial\serial.o
                0x0800d28c                rt_hw_serial_isr
 .text.finsh_rx_ind
                0x0800d4d0       0x30 build\kernel\components\finsh\shell.o
 .text.finsh_get_prompt.part.0
                0x0800d500       0x50 build\kernel\components\finsh\shell.o
 .text.finsh_system_init
                0x0800d550       0xa8 build\kernel\components\finsh\shell.o
                0x0800d550                finsh_system_init
 .text.finsh_get_prompt
                0x0800d5f8       0x28 build\kernel\components\finsh\shell.o
                0x0800d5f8                finsh_get_prompt
 .text.finsh_getchar
                0x0800d620       0x70 build\kernel\components\finsh\shell.o
                0x0800d620                finsh_getchar
 .text.finsh_set_device
                0x0800d690       0x94 build\kernel\components\finsh\shell.o
                0x0800d690                finsh_set_device
 .text.finsh_set_password
                0x0800d724       0x3c build\kernel\components\finsh\shell.o
                0x0800d724                finsh_set_password
 .text.finsh_thread_entry
                0x0800d760      0x564 build\kernel\components\finsh\shell.o
                0x0800d760                finsh_thread_entry
 .text.msh_help
                0x0800dcc4       0x48 build\kernel\components\finsh\msh.o
                0x0800dcc4                msh_help
 .text.cmd_ps   0x0800dd0c        0xc build\kernel\components\finsh\msh.o
                0x0800dd0c                cmd_ps
 .text.cmd_free
                0x0800dd18       0x50 build\kernel\components\finsh\msh.o
                0x0800dd18                cmd_free
 .text.msh_auto_complete_path.part.0
                0x0800dd68      0x1a0 build\kernel\components\finsh\msh.o
 .text.msh_exec
                0x0800df08      0x1cc build\kernel\components\finsh\msh.o
                0x0800df08                msh_exec
 .text.msh_auto_complete
                0x0800e0d4      0x104 build\kernel\components\finsh\msh.o
                0x0800e0d4                msh_auto_complete
 .text.msh_isint
                0x0800e1d8       0x34 build\kernel\components\finsh\msh_parse.o
                0x0800e1d8                msh_isint
 .text.clear    0x0800e20c       0x10 build\kernel\components\finsh\cmd.o
 .text.version  0x0800e21c        0xc build\kernel\components\finsh\cmd.o
                0x0800e21c                version
 .text.list_get_next.part.0
                0x0800e228       0x58 build\kernel\components\finsh\cmd.o
 .text.list_thread
                0x0800e280      0x194 build\kernel\components\finsh\cmd.o
                0x0800e280                list_thread
 .text.list_mutex
                0x0800e414       0xf4 build\kernel\components\finsh\cmd.o
                0x0800e414                list_mutex
 .text.list_device
                0x0800e508       0xf8 build\kernel\components\finsh\cmd.o
                0x0800e508                list_device
 .text.list_timer
                0x0800e600      0x118 build\kernel\components\finsh\cmd.o
                0x0800e600                list_timer
 .text.list_mempool
                0x0800e718      0x158 build\kernel\components\finsh\cmd.o
                0x0800e718                list_mempool
 .text.list_event
                0x0800e870      0x148 build\kernel\components\finsh\cmd.o
                0x0800e870                list_event
 .text.list_sem
                0x0800e9b8      0x14c build\kernel\components\finsh\cmd.o
                0x0800e9b8                list_sem
 .text.list_msgqueue
                0x0800eb04      0x14c build\kernel\components\finsh\cmd.o
                0x0800eb04                list_msgqueue
 .text.list_mailbox
                0x0800ec50      0x158 build\kernel\components\finsh\cmd.o
                0x0800ec50                list_mailbox
 .text.cmd_list
                0x0800eda8      0x164 build\kernel\components\finsh\cmd.o
                0x0800eda8                cmd_list
 .text.cmd_ls   0x0800ef0c       0x18 build\kernel\components\finsh\msh_file.o
 .text.cmd_pwd  0x0800ef24       0x18 build\kernel\components\finsh\msh_file.o
 .text.directory_delete_for_msh
                0x0800ef3c      0x10c build\kernel\components\finsh\msh_file.o
 .text.cmd_rm   0x0800f048      0x114 build\kernel\components\finsh\msh_file.o
 .text.cmd_mkfs
                0x0800f15c       0x60 build\kernel\components\finsh\msh_file.o
 .text.cmd_mount
                0x0800f1bc       0xac build\kernel\components\finsh\msh_file.o
 .text.cmd_umount
                0x0800f268       0x4c build\kernel\components\finsh\msh_file.o
 .text.cmd_tail
                0x0800f2b4      0x130 build\kernel\components\finsh\msh_file.o
 .text.cmd_cp   0x0800f3e4       0x2c build\kernel\components\finsh\msh_file.o
 .text.cmd_mv   0x0800f410       0xdc build\kernel\components\finsh\msh_file.o
 .text.cmd_cat  0x0800f4ec       0x38 build\kernel\components\finsh\msh_file.o
 .text.cmd_cd   0x0800f524       0x3c build\kernel\components\finsh\msh_file.o
 .text.cmd_mkdir
                0x0800f560       0x2c build\kernel\components\finsh\msh_file.o
 .text.cmd_df   0x0800f58c       0x4c build\kernel\components\finsh\msh_file.o
 .text.cmd_echo
                0x0800f5d8       0x68 build\kernel\components\finsh\msh_file.o
 .text.msh_exec_script
                0x0800f640      0x180 build\kernel\components\finsh\msh_file.o
                0x0800f640                msh_exec_script
 .text.strnlen  0x0800f7c0       0x24 build\kernel\components\libc\compilers\common\cstring.o
                0x0800f7c0                strnlen
 .text.__rt_libc_exit
                0x0800f7e4       0x40 build\kernel\components\libc\compilers\common\cstdlib.o
                0x0800f7e4                __rt_libc_exit
 .text._malloc_r
                0x0800f824       0x14 build\kernel\components\libc\compilers\newlib\syscalls.o
                0x0800f824                _malloc_r
 .text._realloc_r
                0x0800f838       0x18 build\kernel\components\libc\compilers\newlib\syscalls.o
                0x0800f838                _realloc_r
 .text._calloc_r
                0x0800f850       0x18 build\kernel\components\libc\compilers\newlib\syscalls.o
                0x0800f850                _calloc_r
 .text._free_r  0x0800f868        0x8 build\kernel\components\libc\compilers\newlib\syscalls.o
                0x0800f868                _free_r
 .text.__libc_init_array
                0x0800f870        0x4 build\kernel\components\libc\compilers\newlib\syscalls.o
                0x0800f870                __libc_init_array
 .text.__errno  0x0800f874        0x4 build\kernel\components\libc\compilers\newlib\syscalls.o
                0x0800f874                __errno
 .text._getpid_r
                0x0800f878        0x4 build\kernel\components\libc\compilers\newlib\syscalls.o
                0x0800f878                _getpid_r
 .text._close_r
                0x0800f87c        0x8 build\kernel\components\libc\compilers\newlib\syscalls.o
                0x0800f87c                _close_r
 .text._fstat_r
                0x0800f884        0xc build\kernel\components\libc\compilers\newlib\syscalls.o
                0x0800f884                _fstat_r
 .text._isatty_r
                0x0800f890        0xc build\kernel\components\libc\compilers\newlib\syscalls.o
                0x0800f890                _isatty_r
 .text._kill_r  0x0800f89c        0xc build\kernel\components\libc\compilers\newlib\syscalls.o
                0x0800f89c                _kill_r
 .text._lseek_r
                0x0800f8a8        0xc build\kernel\components\libc\compilers\newlib\syscalls.o
                0x0800f8a8                _lseek_r
 .text._read_r  0x0800f8b4       0x54 build\kernel\components\libc\compilers\newlib\syscalls.o
                0x0800f8b4                _read_r
 .text._write_r
                0x0800f908       0x40 build\kernel\components\libc\compilers\newlib\syscalls.o
                0x0800f908                _write_r
 .text._exit    0x0800f948        0x8 build\kernel\components\libc\compilers\newlib\syscalls.o
                0x0800f948                _exit
 .text.HAL_ADC_ConvCpltCallback
                0x0800f950        0x4 libraries\STM32F1xx_HAL\STM32F1xx_HAL_Driver\Src\stm32f1xx_hal_adc.o
                0x0800f950                HAL_ADC_ConvCpltCallback
 .text.ADC_DMAConvCplt
                0x0800f954       0x50 libraries\STM32F1xx_HAL\STM32F1xx_HAL_Driver\Src\stm32f1xx_hal_adc.o
                0x0800f954                ADC_DMAConvCplt
 .text.HAL_ADC_ConvHalfCpltCallback
                0x0800f9a4        0x4 libraries\STM32F1xx_HAL\STM32F1xx_HAL_Driver\Src\stm32f1xx_hal_adc.o
                0x0800f9a4                HAL_ADC_ConvHalfCpltCallback
 .text.ADC_DMAHalfConvCplt
                0x0800f9a8        0xc libraries\STM32F1xx_HAL\STM32F1xx_HAL_Driver\Src\stm32f1xx_hal_adc.o
                0x0800f9a8                ADC_DMAHalfConvCplt
 .text.HAL_ADC_ErrorCallback
                0x0800f9b4        0x4 libraries\STM32F1xx_HAL\STM32F1xx_HAL_Driver\Src\stm32f1xx_hal_adc.o
                0x0800f9b4                HAL_ADC_ErrorCallback
 .text.ADC_DMAError
                0x0800f9b8       0x1c libraries\STM32F1xx_HAL\STM32F1xx_HAL_Driver\Src\stm32f1xx_hal_adc.o
                0x0800f9b8                ADC_DMAError
 .text.HAL_ADC_ConfigChannel
                0x0800f9d4      0x134 libraries\STM32F1xx_HAL\STM32F1xx_HAL_Driver\Src\stm32f1xx_hal_adc.o
                0x0800f9d4                HAL_ADC_ConfigChannel
 .text.ADC_Enable
                0x0800fb08       0x88 libraries\STM32F1xx_HAL\STM32F1xx_HAL_Driver\Src\stm32f1xx_hal_adc.o
                0x0800fb08                ADC_Enable
 .text.HAL_ADC_Start_DMA
                0x0800fb90      0x114 libraries\STM32F1xx_HAL\STM32F1xx_HAL_Driver\Src\stm32f1xx_hal_adc.o
                0x0800fb90                HAL_ADC_Start_DMA
 .text.ADC_ConversionStop_Disable
                0x0800fca4       0x54 libraries\STM32F1xx_HAL\STM32F1xx_HAL_Driver\Src\stm32f1xx_hal_adc.o
                0x0800fca4                ADC_ConversionStop_Disable
 .text.HAL_ADC_Init
                0x0800fcf8      0x158 libraries\STM32F1xx_HAL\STM32F1xx_HAL_Driver\Src\stm32f1xx_hal_adc.o
                0x0800fcf8                HAL_ADC_Init
 .text.HAL_DMA_Init
                0x0800fe50       0x90 libraries\STM32F1xx_HAL\STM32F1xx_HAL_Driver\Src\stm32f1xx_hal_dma.o
                0x0800fe50                HAL_DMA_Init
 .text.HAL_DMA_DeInit
                0x0800fee0       0x88 libraries\STM32F1xx_HAL\STM32F1xx_HAL_Driver\Src\stm32f1xx_hal_dma.o
                0x0800fee0                HAL_DMA_DeInit
 .text.HAL_DMA_Start_IT
                0x0800ff68       0x90 libraries\STM32F1xx_HAL\STM32F1xx_HAL_Driver\Src\stm32f1xx_hal_dma.o
                0x0800ff68                HAL_DMA_Start_IT
 .text.HAL_DMA_Abort
                0x0800fff8       0x44 libraries\STM32F1xx_HAL\STM32F1xx_HAL_Driver\Src\stm32f1xx_hal_dma.o
                0x0800fff8                HAL_DMA_Abort
 .text.HAL_DMA_Abort_IT
                0x0801003c      0x13c libraries\STM32F1xx_HAL\STM32F1xx_HAL_Driver\Src\stm32f1xx_hal_dma.o
                0x0801003c                HAL_DMA_Abort_IT
 .text.HAL_DMA_IRQHandler
                0x08010178      0x2a8 libraries\STM32F1xx_HAL\STM32F1xx_HAL_Driver\Src\stm32f1xx_hal_dma.o
                0x08010178                HAL_DMA_IRQHandler
 .text.SystemInit
                0x08010420        0x4 libraries\STM32F1xx_HAL\CMSIS\Device\ST\STM32F1xx\Source\Templates\system_stm32f1xx.o
                0x08010420                SystemInit
 .text.HAL_Init
                0x08010424       0x24 libraries\STM32F1xx_HAL\STM32F1xx_HAL_Driver\Src\stm32f1xx_hal.o
                0x08010424                HAL_Init
 .text.HAL_RCCEx_PeriphCLKConfig
                0x08010448      0x104 libraries\STM32F1xx_HAL\STM32F1xx_HAL_Driver\Src\stm32f1xx_hal_rcc_ex.o
                0x08010448                HAL_RCCEx_PeriphCLKConfig
 .text.HAL_DAC_Init
                0x0801054c       0x2c libraries\STM32F1xx_HAL\STM32F1xx_HAL_Driver\Src\stm32f1xx_hal_dac.o
                0x0801054c                HAL_DAC_Init
 .text.HAL_DAC_Start
                0x08010578       0x60 libraries\STM32F1xx_HAL\STM32F1xx_HAL_Driver\Src\stm32f1xx_hal_dac.o
                0x08010578                HAL_DAC_Start
 .text.HAL_DAC_SetValue
                0x080105d8       0x2c libraries\STM32F1xx_HAL\STM32F1xx_HAL_Driver\Src\stm32f1xx_hal_dac.o
                0x080105d8                HAL_DAC_SetValue
 .text.HAL_DAC_ConfigChannel
                0x08010604       0x54 libraries\STM32F1xx_HAL\STM32F1xx_HAL_Driver\Src\stm32f1xx_hal_dac.o
                0x08010604                HAL_DAC_ConfigChannel
 .text.HAL_TIMEx_MasterConfigSynchronization
                0x08010658       0x74 libraries\STM32F1xx_HAL\STM32F1xx_HAL_Driver\Src\stm32f1xx_hal_tim_ex.o
                0x08010658                HAL_TIMEx_MasterConfigSynchronization
 .text.UART_SetConfig
                0x080106cc       0x84 libraries\STM32F1xx_HAL\STM32F1xx_HAL_Driver\Src\stm32f1xx_hal_uart.o
 .text.HAL_UART_Init
                0x08010750       0x60 libraries\STM32F1xx_HAL\STM32F1xx_HAL_Driver\Src\stm32f1xx_hal_uart.o
                0x08010750                HAL_UART_Init
 .text.HAL_UART_DeInit
                0x080107b0       0x34 libraries\STM32F1xx_HAL\STM32F1xx_HAL_Driver\Src\stm32f1xx_hal_uart.o
                0x080107b0                HAL_UART_DeInit
 .text.HAL_UART_Transmit_DMA
                0x080107e4       0x78 libraries\STM32F1xx_HAL\STM32F1xx_HAL_Driver\Src\stm32f1xx_hal_uart.o
                0x080107e4                HAL_UART_Transmit_DMA
 .text.HAL_UART_DMAStop
                0x0801085c       0x90 libraries\STM32F1xx_HAL\STM32F1xx_HAL_Driver\Src\stm32f1xx_hal_uart.o
                0x0801085c                HAL_UART_DMAStop
 .text.UART_DMATransmitCplt
                0x080108ec       0x2c libraries\STM32F1xx_HAL\STM32F1xx_HAL_Driver\Src\stm32f1xx_hal_uart.o
 .text.HAL_UART_TxHalfCpltCallback
                0x08010918        0x4 libraries\STM32F1xx_HAL\STM32F1xx_HAL_Driver\Src\stm32f1xx_hal_uart.o
                0x08010918                HAL_UART_TxHalfCpltCallback
 .text.UART_DMATxHalfCplt
                0x0801091c        0xc libraries\STM32F1xx_HAL\STM32F1xx_HAL_Driver\Src\stm32f1xx_hal_uart.o
 .text.UART_DMAError
                0x08010928       0x7c libraries\STM32F1xx_HAL\STM32F1xx_HAL_Driver\Src\stm32f1xx_hal_uart.o
 .text.UART_DMAAbortOnError
                0x080109a4       0x10 libraries\STM32F1xx_HAL\STM32F1xx_HAL_Driver\Src\stm32f1xx_hal_uart.o
 .text.HAL_UARTEx_RxEventCallback
                0x080109b4        0x4 libraries\STM32F1xx_HAL\STM32F1xx_HAL_Driver\Src\stm32f1xx_hal_uart.o
                0x080109b4                HAL_UARTEx_RxEventCallback
 .text.UART_DMARxHalfCplt
                0x080109b8       0x1c libraries\STM32F1xx_HAL\STM32F1xx_HAL_Driver\Src\stm32f1xx_hal_uart.o
 .text.UART_DMAReceiveCplt
                0x080109d4       0x54 libraries\STM32F1xx_HAL\STM32F1xx_HAL_Driver\Src\stm32f1xx_hal_uart.o
 .text.UART_Receive_IT.part.0.isra.0
                0x08010a28       0xb8 libraries\STM32F1xx_HAL\STM32F1xx_HAL_Driver\Src\stm32f1xx_hal_uart.o
 .text.HAL_UART_IRQHandler
                0x08010ae0      0x268 libraries\STM32F1xx_HAL\STM32F1xx_HAL_Driver\Src\stm32f1xx_hal_uart.o
                0x08010ae0                HAL_UART_IRQHandler
 .text.UART_Start_Receive_DMA
                0x08010d48       0x70 libraries\STM32F1xx_HAL\STM32F1xx_HAL_Driver\Src\stm32f1xx_hal_uart.o
                0x08010d48                UART_Start_Receive_DMA
 .text.HAL_UART_Receive_DMA
                0x08010db8       0x38 libraries\STM32F1xx_HAL\STM32F1xx_HAL_Driver\Src\stm32f1xx_hal_uart.o
                0x08010db8                HAL_UART_Receive_DMA
 .text.HAL_GPIO_Init
                0x08010df0      0x250 libraries\STM32F1xx_HAL\STM32F1xx_HAL_Driver\Src\stm32f1xx_hal_gpio.o
                0x08010df0                HAL_GPIO_Init
 .text.HAL_GPIO_DeInit
                0x08011040      0x13c libraries\STM32F1xx_HAL\STM32F1xx_HAL_Driver\Src\stm32f1xx_hal_gpio.o
                0x08011040                HAL_GPIO_DeInit
 .text.HAL_GPIO_ReadPin
                0x0801117c        0xc libraries\STM32F1xx_HAL\STM32F1xx_HAL_Driver\Src\stm32f1xx_hal_gpio.o
                0x0801117c                HAL_GPIO_ReadPin
 .text.HAL_GPIO_WritePin
                0x08011188        0x8 libraries\STM32F1xx_HAL\STM32F1xx_HAL_Driver\Src\stm32f1xx_hal_gpio.o
                0x08011188                HAL_GPIO_WritePin
 .text.HAL_GPIO_TogglePin
                0x08011190       0x14 libraries\STM32F1xx_HAL\STM32F1xx_HAL_Driver\Src\stm32f1xx_hal_gpio.o
                0x08011190                HAL_GPIO_TogglePin
 .text.HAL_GPIO_EXTI_IRQHandler
                0x080111a4       0x18 libraries\STM32F1xx_HAL\STM32F1xx_HAL_Driver\Src\stm32f1xx_hal_gpio.o
                0x080111a4                HAL_GPIO_EXTI_IRQHandler
 .text.HAL_NVIC_SetPriorityGrouping
                0x080111bc       0x24 libraries\STM32F1xx_HAL\STM32F1xx_HAL_Driver\Src\stm32f1xx_hal_cortex.o
                0x080111bc                HAL_NVIC_SetPriorityGrouping
 .text.HAL_NVIC_SetPriority
                0x080111e0       0x7c libraries\STM32F1xx_HAL\STM32F1xx_HAL_Driver\Src\stm32f1xx_hal_cortex.o
                0x080111e0                HAL_NVIC_SetPriority
 .text.HAL_NVIC_EnableIRQ
                0x0801125c       0x1c libraries\STM32F1xx_HAL\STM32F1xx_HAL_Driver\Src\stm32f1xx_hal_cortex.o
                0x0801125c                HAL_NVIC_EnableIRQ
 .text.HAL_NVIC_DisableIRQ
                0x08011278       0x28 libraries\STM32F1xx_HAL\STM32F1xx_HAL_Driver\Src\stm32f1xx_hal_cortex.o
                0x08011278                HAL_NVIC_DisableIRQ
 .text.HAL_SYSTICK_Config
                0x080112a0       0x30 libraries\STM32F1xx_HAL\STM32F1xx_HAL_Driver\Src\stm32f1xx_hal_cortex.o
                0x080112a0                HAL_SYSTICK_Config
 .text.HAL_RCC_OscConfig
                0x080112d0      0x3e0 libraries\STM32F1xx_HAL\STM32F1xx_HAL_Driver\Src\stm32f1xx_hal_rcc.o
                0x080112d0                HAL_RCC_OscConfig
 .text.HAL_RCC_GetSysClockFreq
                0x080116b0       0x78 libraries\STM32F1xx_HAL\STM32F1xx_HAL_Driver\Src\stm32f1xx_hal_rcc.o
                0x080116b0                HAL_RCC_GetSysClockFreq
 .text.HAL_RCC_ClockConfig
                0x08011728      0x140 libraries\STM32F1xx_HAL\STM32F1xx_HAL_Driver\Src\stm32f1xx_hal_rcc.o
                0x08011728                HAL_RCC_ClockConfig
 .text.HAL_RCC_GetPCLK1Freq
                0x08011868       0x20 libraries\STM32F1xx_HAL\STM32F1xx_HAL_Driver\Src\stm32f1xx_hal_rcc.o
                0x08011868                HAL_RCC_GetPCLK1Freq
 .text.HAL_RCC_GetPCLK2Freq
                0x08011888       0x20 libraries\STM32F1xx_HAL\STM32F1xx_HAL_Driver\Src\stm32f1xx_hal_rcc.o
                0x08011888                HAL_RCC_GetPCLK2Freq
 .text.TIM_OC1_SetConfig
                0x080118a8       0x60 libraries\STM32F1xx_HAL\STM32F1xx_HAL_Driver\Src\stm32f1xx_hal_tim.o
 .text.TIM_OC3_SetConfig
                0x08011908       0x64 libraries\STM32F1xx_HAL\STM32F1xx_HAL_Driver\Src\stm32f1xx_hal_tim.o
 .text.TIM_OC4_SetConfig
                0x0801196c       0x54 libraries\STM32F1xx_HAL\STM32F1xx_HAL_Driver\Src\stm32f1xx_hal_tim.o
 .text.HAL_TIM_PWM_MspInit
                0x080119c0        0x4 libraries\STM32F1xx_HAL\STM32F1xx_HAL_Driver\Src\stm32f1xx_hal_tim.o
                0x080119c0                HAL_TIM_PWM_MspInit
 .text.HAL_TIM_ConfigClockSource
                0x080119c4      0x14c libraries\STM32F1xx_HAL\STM32F1xx_HAL_Driver\Src\stm32f1xx_hal_tim.o
                0x080119c4                HAL_TIM_ConfigClockSource
 .text.TIM_Base_SetConfig
                0x08011b10       0xa8 libraries\STM32F1xx_HAL\STM32F1xx_HAL_Driver\Src\stm32f1xx_hal_tim.o
                0x08011b10                TIM_Base_SetConfig
 .text.HAL_TIM_Base_Init
                0x08011bb8       0x5c libraries\STM32F1xx_HAL\STM32F1xx_HAL_Driver\Src\stm32f1xx_hal_tim.o
                0x08011bb8                HAL_TIM_Base_Init
 .text.HAL_TIM_PWM_Init
                0x08011c14       0x5c libraries\STM32F1xx_HAL\STM32F1xx_HAL_Driver\Src\stm32f1xx_hal_tim.o
                0x08011c14                HAL_TIM_PWM_Init
 .text.TIM_OC2_SetConfig
                0x08011c70       0x68 libraries\STM32F1xx_HAL\STM32F1xx_HAL_Driver\Src\stm32f1xx_hal_tim.o
                0x08011c70                TIM_OC2_SetConfig
 .text.HAL_TIM_PWM_ConfigChannel
                0x08011cd8       0xdc libraries\STM32F1xx_HAL\STM32F1xx_HAL_Driver\Src\stm32f1xx_hal_tim.o
                0x08011cd8                HAL_TIM_PWM_ConfigChannel
 .text.HAL_FLASH_Unlock
                0x08011db4       0x28 libraries\STM32F1xx_HAL\STM32F1xx_HAL_Driver\Src\stm32f1xx_hal_flash.o
                0x08011db4                HAL_FLASH_Unlock
 .text.HAL_FLASH_Lock
                0x08011ddc       0x14 libraries\STM32F1xx_HAL\STM32F1xx_HAL_Driver\Src\stm32f1xx_hal_flash.o
                0x08011ddc                HAL_FLASH_Lock
 .text.stm32_pin_get
                0x08011df0       0x5c libraries\HAL_Drivers\drv_gpio.o
 .text.stm32_pin_dettach_irq
                0x08011e4c       0x74 libraries\HAL_Drivers\drv_gpio.o
 .text.stm32_pin_attach_irq
                0x08011ec0       0xa4 libraries\HAL_Drivers\drv_gpio.o
 .text.stm32_pin_mode
                0x08011f64       0x58 libraries\HAL_Drivers\drv_gpio.o
 .text.stm32_pin_irq_enable
                0x08011fbc      0x164 libraries\HAL_Drivers\drv_gpio.o
 .text.stm32_pin_read
                0x08012120       0x28 libraries\HAL_Drivers\drv_gpio.o
 .text.stm32_pin_write
                0x08012148       0x24 libraries\HAL_Drivers\drv_gpio.o
 .text.HAL_GPIO_EXTI_Callback
                0x0801216c       0x34 libraries\HAL_Drivers\drv_gpio.o
                0x0801216c                HAL_GPIO_EXTI_Callback
 .text.EXTI0_IRQHandler
                0x080121a0       0x14 libraries\HAL_Drivers\drv_gpio.o
                0x080121a0                EXTI0_IRQHandler
 .text.EXTI1_IRQHandler
                0x080121b4       0x14 libraries\HAL_Drivers\drv_gpio.o
                0x080121b4                EXTI1_IRQHandler
 .text.EXTI2_IRQHandler
                0x080121c8       0x14 libraries\HAL_Drivers\drv_gpio.o
                0x080121c8                EXTI2_IRQHandler
 .text.EXTI3_IRQHandler
                0x080121dc       0x14 libraries\HAL_Drivers\drv_gpio.o
                0x080121dc                EXTI3_IRQHandler
 .text.EXTI4_IRQHandler
                0x080121f0       0x14 libraries\HAL_Drivers\drv_gpio.o
                0x080121f0                EXTI4_IRQHandler
 .text.EXTI9_5_IRQHandler
                0x08012204       0x30 libraries\HAL_Drivers\drv_gpio.o
                0x08012204                EXTI9_5_IRQHandler
 .text.EXTI15_10_IRQHandler
                0x08012234       0x40 libraries\HAL_Drivers\drv_gpio.o
                0x08012234                EXTI15_10_IRQHandler
 .text.rt_hw_pin_init
                0x08012274       0xa0 libraries\HAL_Drivers\drv_gpio.o
                0x08012274                rt_hw_pin_init
 .text.stm32_putc
                0x08012314       0x34 libraries\HAL_Drivers\drv_usart.o
 .text.stm32_getc
                0x08012348       0x58 libraries\HAL_Drivers\drv_usart.o
 .text.stm32_control
                0x080123a0      0x308 libraries\HAL_Drivers\drv_usart.o
 .text.stm32_configure
                0x080126a8       0xdc libraries\HAL_Drivers\drv_usart.o
 .text.dma_isr  0x08012784       0x50 libraries\HAL_Drivers\drv_usart.o
 .text.stm32_dma_transmit
                0x080127d4       0x58 libraries\HAL_Drivers\drv_usart.o
 .text.USART1_IRQHandler
                0x0801282c      0x150 libraries\HAL_Drivers\drv_usart.o
                0x0801282c                USART1_IRQHandler
 .text.HAL_UART_ErrorCallback
                0x0801297c       0x18 libraries\HAL_Drivers\drv_usart.o
                0x0801297c                HAL_UART_ErrorCallback
 .text.HAL_UART_RxCpltCallback
                0x08012994       0x34 libraries\HAL_Drivers\drv_usart.o
                0x08012994                HAL_UART_RxCpltCallback
 .text.HAL_UART_RxHalfCpltCallback
                0x080129c8       0x34 libraries\HAL_Drivers\drv_usart.o
                0x080129c8                HAL_UART_RxHalfCpltCallback
 .text.HAL_UART_TxCpltCallback
                0x080129fc       0x3c libraries\HAL_Drivers\drv_usart.o
                0x080129fc                HAL_UART_TxCpltCallback
 .text.rt_hw_usart_init
                0x08012a38       0x68 libraries\HAL_Drivers\drv_usart.o
                0x08012a38                rt_hw_usart_init
 .text.reboot   0x08012aa0        0x4 libraries\HAL_Drivers\drv_common.o
 .text.SysTick_Handler
                0x08012aa4       0x30 libraries\HAL_Drivers\drv_common.o
                0x08012aa4                SysTick_Handler
 .text.HAL_GetTick
                0x08012ad4       0x24 libraries\HAL_Drivers\drv_common.o
                0x08012ad4                HAL_GetTick
 .text.HAL_InitTick
                0x08012af8       0x38 libraries\HAL_Drivers\drv_common.o
                0x08012af8                HAL_InitTick
 .text.rt_hw_board_init
                0x08012b30       0x34 libraries\HAL_Drivers\drv_common.o
                0x08012b30                rt_hw_board_init
 .text.atof     0x08012b64        0x8 d:/program_file/rt-threadstudio/platform/env_released/env/tools/gnu_gcc/arm_gcc/mingw/bin/../lib/gcc/arm-none-eabi/10.3.1/../../../../arm-none-eabi/lib/thumb/v7-m/nofp\libc.a(lib_a-atof.o)
                0x08012b64                atof
 .text.atoi     0x08012b6c        0x8 d:/program_file/rt-threadstudio/platform/env_released/env/tools/gnu_gcc/arm_gcc/mingw/bin/../lib/gcc/arm-none-eabi/10.3.1/../../../../arm-none-eabi/lib/thumb/v7-m/nofp\libc.a(lib_a-atoi.o)
                0x08012b6c                atoi
 .text.memcmp   0x08012b74       0x68 d:/program_file/rt-threadstudio/platform/env_released/env/tools/gnu_gcc/arm_gcc/mingw/bin/../lib/gcc/arm-none-eabi/10.3.1/../../../../arm-none-eabi/lib/thumb/v7-m/nofp\libc.a(lib_a-memcmp.o)
                0x08012b74                memcmp
 .text.memmove  0x08012bdc       0xf8 d:/program_file/rt-threadstudio/platform/env_released/env/tools/gnu_gcc/arm_gcc/mingw/bin/../lib/gcc/arm-none-eabi/10.3.1/../../../../arm-none-eabi/lib/thumb/v7-m/nofp\libc.a(lib_a-memmove.o)
                0x08012bdc                memmove
 .text.memset   0x08012cd4       0xa4 d:/program_file/rt-threadstudio/platform/env_released/env/tools/gnu_gcc/arm_gcc/mingw/bin/../lib/gcc/arm-none-eabi/10.3.1/../../../../arm-none-eabi/lib/thumb/v7-m/nofp\libc.a(lib_a-memset.o)
                0x08012cd4                memset
 .text.sprintf  0x08012d78       0x44 d:/program_file/rt-threadstudio/platform/env_released/env/tools/gnu_gcc/arm_gcc/mingw/bin/../lib/gcc/arm-none-eabi/10.3.1/../../../../arm-none-eabi/lib/thumb/v7-m/nofp\libc.a(lib_a-sprintf.o)
                0x08012d78                sprintf
 .text.strchr   0x08012dbc       0xcc d:/program_file/rt-threadstudio/platform/env_released/env/tools/gnu_gcc/arm_gcc/mingw/bin/../lib/gcc/arm-none-eabi/10.3.1/../../../../arm-none-eabi/lib/thumb/v7-m/nofp\libc.a(lib_a-strchr.o)
                0x08012dbc                strchr
 .text.strlen   0x08012e88       0x5c d:/program_file/rt-threadstudio/platform/env_released/env/tools/gnu_gcc/arm_gcc/mingw/bin/../lib/gcc/arm-none-eabi/10.3.1/../../../../arm-none-eabi/lib/thumb/v7-m/nofp\libc.a(lib_a-strlen-stub.o)
                0x08012e88                strlen
 .text.strncat  0x08012ee4       0x5c d:/program_file/rt-threadstudio/platform/env_released/env/tools/gnu_gcc/arm_gcc/mingw/bin/../lib/gcc/arm-none-eabi/10.3.1/../../../../arm-none-eabi/lib/thumb/v7-m/nofp\libc.a(lib_a-strncat.o)
                0x08012ee4                strncat
 .text.strncmp  0x08012f40       0x7c d:/program_file/rt-threadstudio/platform/env_released/env/tools/gnu_gcc/arm_gcc/mingw/bin/../lib/gcc/arm-none-eabi/10.3.1/../../../../arm-none-eabi/lib/thumb/v7-m/nofp\libc.a(lib_a-strncmp.o)
                0x08012f40                strncmp
 .text.strncpy  0x08012fbc       0x68 d:/program_file/rt-threadstudio/platform/env_released/env/tools/gnu_gcc/arm_gcc/mingw/bin/../lib/gcc/arm-none-eabi/10.3.1/../../../../arm-none-eabi/lib/thumb/v7-m/nofp\libc.a(lib_a-strncpy.o)
                0x08012fbc                strncpy
 .text.strrchr  0x08013024       0x24 d:/program_file/rt-threadstudio/platform/env_released/env/tools/gnu_gcc/arm_gcc/mingw/bin/../lib/gcc/arm-none-eabi/10.3.1/../../../../arm-none-eabi/lib/thumb/v7-m/nofp\libc.a(lib_a-strrchr.o)
                0x08013024                strrchr
 .text.two_way_long_needle
                0x08013048      0x2b8 d:/program_file/rt-threadstudio/platform/env_released/env/tools/gnu_gcc/arm_gcc/mingw/bin/../lib/gcc/arm-none-eabi/10.3.1/../../../../arm-none-eabi/lib/thumb/v7-m/nofp\libc.a(lib_a-strstr.o)
 .text.strstr   0x08013300      0x168 d:/program_file/rt-threadstudio/platform/env_released/env/tools/gnu_gcc/arm_gcc/mingw/bin/../lib/gcc/arm-none-eabi/10.3.1/../../../../arm-none-eabi/lib/thumb/v7-m/nofp\libc.a(lib_a-strstr.o)
                0x08013300                strstr
 .text._strtod_l
                0x08013468      0xf38 d:/program_file/rt-threadstudio/platform/env_released/env/tools/gnu_gcc/arm_gcc/mingw/bin/../lib/gcc/arm-none-eabi/10.3.1/../../../../arm-none-eabi/lib/thumb/v7-m/nofp\libc.a(lib_a-strtod.o)
                0x08013468                _strtod_l
 .text.strtod   0x080143a0       0x18 d:/program_file/rt-threadstudio/platform/env_released/env/tools/gnu_gcc/arm_gcc/mingw/bin/../lib/gcc/arm-none-eabi/10.3.1/../../../../arm-none-eabi/lib/thumb/v7-m/nofp\libc.a(lib_a-strtod.o)
                0x080143a0                strtod
 .text._strtol_l.part.0
                0x080143b8      0x120 d:/program_file/rt-threadstudio/platform/env_released/env/tools/gnu_gcc/arm_gcc/mingw/bin/../lib/gcc/arm-none-eabi/10.3.1/../../../../arm-none-eabi/lib/thumb/v7-m/nofp\libc.a(lib_a-strtol.o)
 .text.strtol   0x080144d8       0x2c d:/program_file/rt-threadstudio/platform/env_released/env/tools/gnu_gcc/arm_gcc/mingw/bin/../lib/gcc/arm-none-eabi/10.3.1/../../../../arm-none-eabi/lib/thumb/v7-m/nofp\libc.a(lib_a-strtol.o)
                0x080144d8                strtol
 .text._svfprintf_r
                0x08014504     0x1aa4 d:/program_file/rt-threadstudio/platform/env_released/env/tools/gnu_gcc/arm_gcc/mingw/bin/../lib/gcc/arm-none-eabi/10.3.1/../../../../arm-none-eabi/lib/thumb/v7-m/nofp\libc.a(lib_a-svfprintf.o)
                0x08014504                _svfprintf_r
 .text.startup.register_fini
                0x08015fa8       0x14 d:/program_file/rt-threadstudio/platform/env_released/env/tools/gnu_gcc/arm_gcc/mingw/bin/../lib/gcc/arm-none-eabi/10.3.1/../../../../arm-none-eabi/lib/thumb/v7-m/nofp\libc.a(lib_a-__call_atexit.o)
 .text.atexit   0x08015fbc        0xc d:/program_file/rt-threadstudio/platform/env_released/env/tools/gnu_gcc/arm_gcc/mingw/bin/../lib/gcc/arm-none-eabi/10.3.1/../../../../arm-none-eabi/lib/thumb/v7-m/nofp\libc.a(lib_a-atexit.o)
                0x08015fbc                atexit
 .text.quorem   0x08015fc8      0x12c d:/program_file/rt-threadstudio/platform/env_released/env/tools/gnu_gcc/arm_gcc/mingw/bin/../lib/gcc/arm-none-eabi/10.3.1/../../../../arm-none-eabi/lib/thumb/v7-m/nofp\libc.a(lib_a-dtoa.o)
 *fill*         0x080160f4        0x4 00000000
 .text._dtoa_r  0x080160f8      0xecc d:/program_file/rt-threadstudio/platform/env_released/env/tools/gnu_gcc/arm_gcc/mingw/bin/../lib/gcc/arm-none-eabi/10.3.1/../../../../arm-none-eabi/lib/thumb/v7-m/nofp\libc.a(lib_a-dtoa.o)
                0x080160f8                _dtoa_r
 .text.__libc_fini_array
                0x08016fc4       0x2c d:/program_file/rt-threadstudio/platform/env_released/env/tools/gnu_gcc/arm_gcc/mingw/bin/../lib/gcc/arm-none-eabi/10.3.1/../../../../arm-none-eabi/lib/thumb/v7-m/nofp\libc.a(lib_a-fini.o)
                0x08016fc4                __libc_fini_array
 .text.rshift   0x08016ff0       0xa4 d:/program_file/rt-threadstudio/platform/env_released/env/tools/gnu_gcc/arm_gcc/mingw/bin/../lib/gcc/arm-none-eabi/10.3.1/../../../../arm-none-eabi/lib/thumb/v7-m/nofp\libc.a(lib_a-gdtoa-gethex.o)
 .text.__gethex
                0x08017094      0x5c4 d:/program_file/rt-threadstudio/platform/env_released/env/tools/gnu_gcc/arm_gcc/mingw/bin/../lib/gcc/arm-none-eabi/10.3.1/../../../../arm-none-eabi/lib/thumb/v7-m/nofp\libc.a(lib_a-gdtoa-gethex.o)
                0x08017094                __gethex
 .text.__match  0x08017658       0x34 d:/program_file/rt-threadstudio/platform/env_released/env/tools/gnu_gcc/arm_gcc/mingw/bin/../lib/gcc/arm-none-eabi/10.3.1/../../../../arm-none-eabi/lib/thumb/v7-m/nofp\libc.a(lib_a-gdtoa-hexnan.o)
                0x08017658                __match
 .text.__hexnan
                0x0801768c      0x1ac d:/program_file/rt-threadstudio/platform/env_released/env/tools/gnu_gcc/arm_gcc/mingw/bin/../lib/gcc/arm-none-eabi/10.3.1/../../../../arm-none-eabi/lib/thumb/v7-m/nofp\libc.a(lib_a-gdtoa-hexnan.o)
                0x0801768c                __hexnan
 .text.__locale_mb_cur_max
                0x08017838        0xc d:/program_file/rt-threadstudio/platform/env_released/env/tools/gnu_gcc/arm_gcc/mingw/bin/../lib/gcc/arm-none-eabi/10.3.1/../../../../arm-none-eabi/lib/thumb/v7-m/nofp\libc.a(lib_a-locale.o)
                0x08017838                __locale_mb_cur_max
 .text._localeconv_r