Archive member included to satisfy reference by file (symbol)

g:/rt-threadstudio/platform/env_released/env/tools/gnu_gcc/arm_gcc/mingw/bin/../lib/gcc/arm-none-eabi/10.3.1/../../../../arm-none-eabi/lib/thumb/v7-m/nofp\libc.a(lib_a-atof.o)
                              build\applications\io_signal.o (atof)
g:/rt-threadstudio/platform/env_released/env/tools/gnu_gcc/arm_gcc/mingw/bin/../lib/gcc/arm-none-eabi/10.3.1/../../../../arm-none-eabi/lib/thumb/v7-m/nofp\libc.a(lib_a-atoi.o)
                              build\applications\io_signal.o (atoi)
g:/rt-threadstudio/platform/env_released/env/tools/gnu_gcc/arm_gcc/mingw/bin/../lib/gcc/arm-none-eabi/10.3.1/../../../../arm-none-eabi/lib/thumb/v7-m/nofp\libc.a(lib_a-ctype_.o)
                              build\kernel\components\drivers\misc\pin.o (_ctype_)
g:/rt-threadstudio/platform/env_released/env/tools/gnu_gcc/arm_gcc/mingw/bin/../lib/gcc/arm-none-eabi/10.3.1/../../../../arm-none-eabi/lib/thumb/v7-m/nofp\libc.a(lib_a-exit.o)
                              g:/rt-threadstudio/platform/env_released/env/tools/gnu_gcc/arm_gcc/mingw/bin/../lib/gcc/arm-none-eabi/10.3.1/../../../../arm-none-eabi/lib/thumb/v7-m/nofp/crt0.o (exit)
g:/rt-threadstudio/platform/env_released/env/tools/gnu_gcc/arm_gcc/mingw/bin/../lib/gcc/arm-none-eabi/10.3.1/../../../../arm-none-eabi/lib/thumb/v7-m/nofp\libc.a(lib_a-impure.o)
                              g:/rt-threadstudio/platform/env_released/env/tools/gnu_gcc/arm_gcc/mingw/bin/../lib/gcc/arm-none-eabi/10.3.1/../../../../arm-none-eabi/lib/thumb/v7-m/nofp\libc.a(lib_a-exit.o) (_global_impure_ptr)
g:/rt-threadstudio/platform/env_released/env/tools/gnu_gcc/arm_gcc/mingw/bin/../lib/gcc/arm-none-eabi/10.3.1/../../../../arm-none-eabi/lib/thumb/v7-m/nofp\libc.a(lib_a-malloc.o)
                              build\kernel\components\libc\compilers\common\cstring.o (malloc)
g:/rt-threadstudio/platform/env_released/env/tools/gnu_gcc/arm_gcc/mingw/bin/../lib/gcc/arm-none-eabi/10.3.1/../../../../arm-none-eabi/lib/thumb/v7-m/nofp\libc.a(lib_a-memcmp.o)
                              build\kernel\components\finsh\shell.o (memcmp)
g:/rt-threadstudio/platform/env_released/env/tools/gnu_gcc/arm_gcc/mingw/bin/../lib/gcc/arm-none-eabi/10.3.1/../../../../arm-none-eabi/lib/thumb/v7-m/nofp\libc.a(lib_a-memcpy.o)
                              build\applications\lhc_dwin\Src\dwin.o (memcpy)
g:/rt-threadstudio/platform/env_released/env/tools/gnu_gcc/arm_gcc/mingw/bin/../lib/gcc/arm-none-eabi/10.3.1/../../../../arm-none-eabi/lib/thumb/v7-m/nofp\libc.a(lib_a-memmove.o)
                              build\kernel\components\drivers\pm\pm.o (memmove)
g:/rt-threadstudio/platform/env_released/env/tools/gnu_gcc/arm_gcc/mingw/bin/../lib/gcc/arm-none-eabi/10.3.1/../../../../arm-none-eabi/lib/thumb/v7-m/nofp\libc.a(lib_a-memset.o)
                              g:/rt-threadstudio/platform/env_released/env/tools/gnu_gcc/arm_gcc/mingw/bin/../lib/gcc/arm-none-eabi/10.3.1/../../../../arm-none-eabi/lib/thumb/v7-m/nofp/crt0.o (memset)
g:/rt-threadstudio/platform/env_released/env/tools/gnu_gcc/arm_gcc/mingw/bin/../lib/gcc/arm-none-eabi/10.3.1/../../../../arm-none-eabi/lib/thumb/v7-m/nofp\libc.a(lib_a-sprintf.o)
                              build\packages\CmBacktrace-v1.4.1\cm_backtrace.o (sprintf)
g:/rt-threadstudio/platform/env_released/env/tools/gnu_gcc/arm_gcc/mingw/bin/../lib/gcc/arm-none-eabi/10.3.1/../../../../arm-none-eabi/lib/thumb/v7-m/nofp\libc.a(lib_a-strchr.o)
                              build\kernel\components\libc\compilers\common\cstring.o (strchr)
g:/rt-threadstudio/platform/env_released/env/tools/gnu_gcc/arm_gcc/mingw/bin/../lib/gcc/arm-none-eabi/10.3.1/../../../../arm-none-eabi/lib/thumb/v7-m/nofp\libc.a(lib_a-strcmp.o)
                              build\packages\CmBacktrace-v1.4.1\cmb_port.o (strcmp)
g:/rt-threadstudio/platform/env_released/env/tools/gnu_gcc/arm_gcc/mingw/bin/../lib/gcc/arm-none-eabi/10.3.1/../../../../arm-none-eabi/lib/thumb/v7-m/nofp\libc.a(lib_a-strcpy.o)
                              build\kernel\components\finsh\shell.o (strcpy)
g:/rt-threadstudio/platform/env_released/env/tools/gnu_gcc/arm_gcc/mingw/bin/../lib/gcc/arm-none-eabi/10.3.1/../../../../arm-none-eabi/lib/thumb/v7-m/nofp\libc.a(lib_a-strlen-stub.o)
                              build\kernel\src\kservice.o (strlen)
g:/rt-threadstudio/platform/env_released/env/tools/gnu_gcc/arm_gcc/mingw/bin/../lib/gcc/arm-none-eabi/10.3.1/../../../../arm-none-eabi/lib/thumb/v7-m/nofp\libc.a(lib_a-strncat.o)
                              build\kernel\components\drivers\misc\pin.o (strncat)
g:/rt-threadstudio/platform/env_released/env/tools/gnu_gcc/arm_gcc/mingw/bin/../lib/gcc/arm-none-eabi/10.3.1/../../../../arm-none-eabi/lib/thumb/v7-m/nofp\libc.a(lib_a-strncmp.o)
                              build\kernel\src\object.o (strncmp)
[...]
Memory Configuration

Name             Origin             Length             Attributes
ROM              0x08000000         0x00080000         xr
RAM              0x20000000         0x00010000         rw
*default*        0x00000000         0xffffffff

Linker script and memory map

LOAD g:/rt-threadstudio/platform/env_released/env/tools/gnu_gcc/arm_gcc/mingw/bin/../lib/gcc/arm-none-eabi/10.3.1/thumb/v7-m/nofp/crti.o
LOAD g:/rt-threadstudio/platform/env_released/env/tools/gnu_gcc/arm_gcc/mingw/bin/../lib/gcc/arm-none-eabi/10.3.1/thumb/v7-m/nofp/crtbegin.o
LOAD g:/rt-threadstudio/platform/env_released/env/tools/gnu_gcc/arm_gcc/mingw/bin/../lib/gcc/arm-none-eabi/10.3.1/../../../../arm-none-eabi/lib/thumb/v7-m/nofp/crt0.o
LOAD build\applications\lhc_dwin\Src\dwin.o
LOAD build\applications\lhc_modbus\Src\small_modbus.o
LOAD build\applications\io_signal.o
LOAD build\applications\lhc_modbus\Src\small_modbus_port.o
LOAD build\applications\lhc_dwin\Src\dwin_port.o
LOAD build\applications\main.o
LOAD build\applications\lhc_dwin\Src\tool.o
LOAD build\applications\stm32_irq.o
LOAD build\applications\measure.o
LOAD build\applications\flash.o
LOAD libraries\STM32F1xx_HAL\CMSIS\Device\ST\STM32F1xx\Source\Templates\gcc\startup_stm32f103xe.o
LOAD build\board\CubeMX_Config\Src\stm32f1xx_hal_msp.o
LOAD build\board\board.o
LOAD build\board\CubeMX_Config\Src\main.o
LOAD build\packages\CmBacktrace-v1.4.1\cm_backtrace.o
LOAD build\packages\CmBacktrace-v1.4.1\cmb_port.o
LOAD build\packages\CmBacktrace-v1.4.1\cmb_flash_log.o
LOAD build\packages\rt_vsnprintf_full-latest\rt_vsnprintf.o
LOAD build\kernel\src\idle.o
LOAD build\kernel\src\ipc.o
LOAD build\kernel\src\irq.o
LOAD build\kernel\src\kservice.o
LOAD build\kernel\src\mem.o
LOAD build\kernel\src\timer.o
LOAD build\kernel\src\object.o
LOAD build\kernel\src\mempool.o
LOAD build\kernel\src\clock.o
LOAD build\kernel\src\components.o
LOAD build\kernel\src\scheduler.o
LOAD build\kernel\src\device.o
LOAD build\kernel\src\thread.o
LOAD build\kernel\libcpu\arm\common\div0.o
LOAD build\kernel\libcpu\arm\common\showmem.o
LOAD build\kernel\libcpu\arm\common\backtrace.o
LOAD build\kernel\libcpu\arm\cortex-m3\cpuport.o
LOAD build\kernel\libcpu\arm\cortex-m3\context_gcc.o
LOAD build\kernel\components\dfs\src\dfs_posix.o
LOAD build\kernel\components\dfs\src\dfs_fs.o
LOAD build\kernel\components\dfs\src\dfs.o
LOAD build\kernel\components\dfs\src\dfs_file.o
LOAD build\kernel\components\drivers\ipc\completion.o
LOAD build\kernel\components\drivers\ipc\workqueue.o
LOAD build\kernel\components\drivers\ipc\waitqueue.o
LOAD build\kernel\components\drivers\ipc\pipe.o
LOAD build\kernel\components\drivers\ipc\dataqueue.o
LOAD build\kernel\components\drivers\ipc\ringblk_buf.o
LOAD build\kernel\components\drivers\ipc\ringbuffer.o
LOAD build\kernel\components\drivers\misc\pin.o
LOAD build\kernel\components\drivers\pm\lptimer.o
LOAD build\kernel\components\drivers\pm\pm.o
LOAD build\kernel\components\drivers\serial\serial.o
LOAD build\kernel\components\finsh\shell.o
LOAD build\kernel\components\finsh\msh.o
LOAD build\kernel\components\finsh\msh_parse.o
LOAD build\kernel\components\finsh\cmd.o
LOAD build\kernel\components\finsh\msh_file.o
LOAD build\kernel\components\libc\compilers\common\cwchar.o
LOAD build\kernel\components\libc\compilers\common\cctype.o
LOAD build\kernel\components\libc\compilers\common\cstdlib.o
LOAD build\kernel\components\libc\compilers\common\cstring.o
LOAD build\kernel\components\libc\compilers\common\cstdio.o
LOAD build\kernel\components\libc\compilers\common\ctime.o
LOAD build\kernel\components\libc\compilers\newlib\syscalls.o
LOAD libraries\STM32F1xx_HAL\STM32F1xx_HAL_Driver\Src\stm32f1xx_hal_adc.o
LOAD libraries\STM32F1xx_HAL\STM32F1xx_HAL_Driver\Src\stm32f1xx_hal_dma.o
LOAD libraries\STM32F1xx_HAL\STM32F1xx_HAL_Driver\Src\stm32f1xx_hal_crc.o
LOAD libraries\STM32F1xx_HAL\CMSIS\Device\ST\STM32F1xx\Source\Templates\system_stm32f1xx.o
LOAD libraries\STM32F1xx_HAL\STM32F1xx_HAL_Driver\Src\stm32f1xx_hal_cec.o
LOAD libraries\STM32F1xx_HAL\STM32F1xx_HAL_Driver\Src\stm32f1xx_hal.o
LOAD libraries\STM32F1xx_HAL\STM32F1xx_HAL_Driver\Src\stm32f1xx_hal_gpio_ex.o
LOAD libraries\STM32F1xx_HAL\STM32F1xx_HAL_Driver\Src\stm32f1xx_hal_rcc_ex.o
LOAD libraries\STM32F1xx_HAL\STM32F1xx_HAL_Driver\Src\stm32f1xx_hal_pwr.o
LOAD libraries\STM32F1xx_HAL\STM32F1xx_HAL_Driver\Src\stm32f1xx_hal_adc_ex.o
LOAD libraries\STM32F1xx_HAL\STM32F1xx_HAL_Driver\Src\stm32f1xx_hal_dac.o
LOAD libraries\STM32F1xx_HAL\STM32F1xx_HAL_Driver\Src\stm32f1xx_hal_tim_ex.o
LOAD libraries\STM32F1xx_HAL\STM32F1xx_HAL_Driver\Src\stm32f1xx_hal_uart.o
LOAD libraries\STM32F1xx_HAL\STM32F1xx_HAL_Driver\Src\stm32f1xx_hal_usart.o
LOAD libraries\STM32F1xx_HAL\STM32F1xx_HAL_Driver\Src\stm32f1xx_hal_gpio.o
LOAD libraries\STM32F1xx_HAL\STM32F1xx_HAL_Driver\Src\stm32f1xx_hal_cortex.o
LOAD libraries\STM32F1xx_HAL\STM32F1xx_HAL_Driver\Src\stm32f1xx_hal_dac_ex.o
LOAD libraries\STM32F1xx_HAL\STM32F1xx_HAL_Driver\Src\stm32f1xx_hal_rcc.o
LOAD libraries\STM32F1xx_HAL\STM32F1xx_HAL_Driver\Src\stm32f1xx_hal_tim.o
LOAD libraries\STM32F1xx_HAL\STM32F1xx_HAL_Driver\Src\stm32f1xx_hal_iwdg.o
LOAD libraries\STM32F1xx_HAL\STM32F1xx_HAL_Driver\Src\stm32f1xx_hal_flash.o
LOAD libraries\STM32F1xx_HAL\STM32F1xx_HAL_Driver\Src\stm32f1xx_hal_flash_ex.o
LOAD libraries\HAL_Drivers\drv_gpio.o
LOAD libraries\HAL_Drivers\drv_usart.o
LOAD libraries\HAL_Drivers\drv_common.o
LOAD g:/rt-threadstudio/platform/env_released/env/tools/gnu_gcc/arm_gcc/mingw/bin/../lib/gcc/arm-none-eabi/10.3.1/../../../../arm-none-eabi/lib/thumb/v7-m/nofp\libc.a
LOAD g:/rt-threadstudio/platform/env_released/env/tools/gnu_gcc/arm_gcc/mingw/bin/../lib/gcc/arm-none-eabi/10.3.1/../../../../arm-none-eabi/lib/thumb/v7-m/nofp\libm.a
START GROUP
LOAD g:/rt-threadstudio/platform/env_released/env/tools/gnu_gcc/arm_gcc/mingw/bin/../lib/gcc/arm-none-eabi/10.3.1/thumb/v7-m/nofp\libgcc.a
LOAD g:/rt-threadstudio/platform/env_released/env/tools/gnu_gcc/arm_gcc/mingw/bin/../lib/gcc/arm-none-eabi/10.3.1/../../../../arm-none-eabi/lib/thumb/v7-m/nofp\libc.a
END GROUP
LOAD g:/rt-threadstudio/platform/env_released/env/tools/gnu_gcc/arm_gcc/mingw/bin/../lib/gcc/arm-none-eabi/10.3.1/thumb/v7-m/nofp/crtend.o
LOAD g:/rt-threadstudio/platform/env_released/env/tools/gnu_gcc/arm_gcc/mingw/bin/../lib/gcc/arm-none-eabi/10.3.1/thumb/v7-m/nofp/crtn.o
                0x00000400                _system_stack_size = 0x400

.text           0x08000000    0x1fecc
                0x08000000                . = ALIGN (0x4)
                0x08000000                _stext = .
 *(.isr_vector)
 .isr_vector    0x08000000      0x1e4 libraries\STM32F1xx_HAL\CMSIS\Device\ST\STM32F1xx\Source\Templates\gcc\startup_stm32f103xe.o
                0x08000000                g_pfnVectors
                0x080001e4                . = ALIGN (0x4)
 *(.text)
 .text          0x080001e4       0x40 g:/rt-threadstudio/platform/env_released/env/tools/gnu_gcc/arm_gcc/mingw/bin/../lib/gcc/arm-none-eabi/10.3.1/thumb/v7-m/nofp/crtbegin.o
 .text          0x08000224      0x108 build\kernel\libcpu\arm\cortex-m3\context_gcc.o
                0x08000224                rt_hw_interrupt_disable
                0x0800022c                rt_hw_interrupt_enable
                0x08000232                rt_hw_context_switch_interrupt
                0x08000232                rt_hw_context_switch
                0x08000252                PendSV_Handler
                0x0800028e                rt_hw_context_switch_to
                0x080002d0                rt_hw_interrupt_thread_switch
                0x080002d4                HardFault_Handler
                0x0800030a                rt_hw_interrupt_check
 .text          0x0800032c       0xec g:/rt-threadstudio/platform/env_released/env/tools/gnu_gcc/arm_gcc/mingw/bin/../lib/gcc/arm-none-eabi/10.3.1/../../../../arm-none-eabi/lib/thumb/v7-m/nofp\libc.a(lib_a-memcpy.o)
                0x0800032c                memcpy
 .text          0x08000418      0x1bc g:/rt-threadstudio/platform/env_released/env/tools/gnu_gcc/arm_gcc/mingw/bin/../lib/gcc/arm-none-eabi/10.3.1/../../../../arm-none-eabi/lib/thumb/v7-m/nofp\libc.a(lib_a-strcmp.o)
                0x08000418                strcmp
 .text          0x080005d4      0x378 g:/rt-threadstudio/platform/env_released/env/tools/gnu_gcc/arm_gcc/mingw/bin/../lib/gcc/arm-none-eabi/10.3.1/thumb/v7-m/nofp\libgcc.a(_arm_addsubdf3.o)
                0x080005d4                __aeabi_drsub
                0x080005dc                __aeabi_dsub
                0x080005dc                __subdf3
                0x080005e0                __aeabi_dadd
                0x080005e0                __adddf3
                0x08000858                __floatunsidf
                0x08000858                __aeabi_ui2d
                0x08000878                __floatsidf
                0x08000878                __aeabi_i2d
                0x0800089c                __aeabi_f2d
                0x0800089c                __extendsfdf2
                0x080008e0                __floatundidf
                0x080008e0                __aeabi_ul2d
                0x080008f0                __floatdidf
                0x080008f0                __aeabi_l2d
 .text          0x0800094c      0x424 g:/rt-threadstudio/platform/env_released/env/tools/gnu_gcc/arm_gcc/mingw/bin/../lib/gcc/arm-none-eabi/10.3.1/thumb/v7-m/nofp\libgcc.a(_arm_muldivdf3.o)
                0x0800094c                __aeabi_dmul
                0x0800094c                __muldf3
                0x08000ba0                __divdf3
                0x08000ba0                __aeabi_ddiv
 .text          0x08000d70      0x110 g:/rt-threadstudio/platform/env_released/env/tools/gnu_gcc/arm_gcc/mingw/bin/../lib/gcc/arm-none-eabi/10.3.1/thumb/v7-m/nofp\libgcc.a(_arm_cmpdf2.o)
                0x08000d70                __gtdf2
                0x08000d70                __gedf2
                0x08000d78                __ltdf2
                0x08000d78                __ledf2
                0x08000d80                __nedf2
                0x08000d80                __eqdf2
                0x08000d80                __cmpdf2
                0x08000dfc                __aeabi_cdrcmple
                0x08000e0c                __aeabi_cdcmpeq
                0x08000e0c                __aeabi_cdcmple
                0x08000e1c                __aeabi_dcmpeq
                0x08000e30                __aeabi_dcmplt
                0x08000e44                __aeabi_dcmple
                0x08000e58                __aeabi_dcmpge
                0x08000e6c                __aeabi_dcmpgt
 .text          0x08000e80       0x2c g:/rt-threadstudio/platform/env_released/env/tools/gnu_gcc/arm_gcc/mingw/bin/../lib/gcc/arm-none-eabi/10.3.1/thumb/v7-m/nofp\libgcc.a(_arm_unorddf2.o)
                0x08000e80                __unorddf2
                0x08000e80                __aeabi_dcmpun
 .text          0x08000eac       0x50 g:/rt-threadstudio/platform/env_released/env/tools/gnu_gcc/arm_gcc/mingw/bin/../lib/gcc/arm-none-eabi/10.3.1/thumb/v7-m/nofp\libgcc.a(_arm_fixdfsi.o)
                0x08000eac                __aeabi_d2iz
                0x08000eac                __fixdfsi
 .text          0x08000efc       0x40 g:/rt-threadstudio/platform/env_released/env/tools/gnu_gcc/arm_gcc/mingw/bin/../lib/gcc/arm-none-eabi/10.3.1/thumb/v7-m/nofp\libgcc.a(_arm_fixunsdfsi.o)
                0x08000efc                __aeabi_d2uiz
                0x08000efc                __fixunsdfsi
 .text          0x08000f3c       0xa0 g:/rt-threadstudio/platform/env_released/env/tools/gnu_gcc/arm_gcc/mingw/bin/../lib/gcc/arm-none-eabi/10.3.1/thumb/v7-m/nofp\libgcc.a(_arm_truncdfsf2.o)
                0x08000f3c                __truncdfsf2
                0x08000f3c                __aeabi_d2f
 .text          0x08000fdc      0x21c g:/rt-threadstudio/platform/env_released/env/tools/gnu_gcc/arm_gcc/mingw/bin/../lib/gcc/arm-none-eabi/10.3.1/thumb/v7-m/nofp\libgcc.a(_arm_addsubsf3.o)
                0x08000fdc                __aeabi_frsub
                0x08000fe4                __subsf3
                0x08000fe4                __aeabi_fsub
                0x08000fe8                __aeabi_fadd
                0x08000fe8                __addsf3
                0x08001148                __aeabi_ui2f
                0x08001148                __floatunsisf
                0x08001150                __aeabi_i2f
                0x08001150                __floatsisf
                0x0800116c                __aeabi_ul2f
                0x0800116c                __floatundisf
                0x0800117c                __aeabi_l2f
                0x0800117c                __floatdisf
 .text          0x080011f8      0x2a0 g:/rt-threadstudio/platform/env_released/env/tools/gnu_gcc/arm_gcc/mingw/bin/../lib/gcc/arm-none-eabi/10.3.1/thumb/v7-m/nofp\libgcc.a(_arm_muldivsf3.o)
                0x080011f8                __mulsf3
                0x080011f8                __aeabi_fmul
                0x08001360                __aeabi_fdiv
                0x08001360                __divsf3
 .text          0x08001498       0xec g:/rt-threadstudio/platform/env_released/env/tools/gnu_gcc/arm_gcc/mingw/bin/../lib/gcc/arm-none-eabi/10.3.1/thumb/v7-m/nofp\libgcc.a(_arm_cmpsf2.o)
                0x08001498                __gesf2
                0x08001498                __gtsf2
                0x080014a0                __lesf2
                0x080014a0                __ltsf2
                0x080014a8                __nesf2
                0x080014a8                __eqsf2
                0x080014a8                __cmpsf2
                0x08001508                __aeabi_cfrcmple
                0x08001510                __aeabi_cfcmpeq
                0x08001510                __aeabi_cfcmple
                0x08001520                __aeabi_fcmpeq
                0x08001534                __aeabi_fcmplt
                0x08001548                __aeabi_fcmple
                0x0800155c                __aeabi_fcmpge
                0x08001570                __aeabi_fcmpgt
 .text          0x08001584       0x40 g:/rt-threadstudio/platform/env_released/env/tools/gnu_gcc/arm_gcc/mingw/bin/../lib/gcc/arm-none-eabi/10.3.1/thumb/v7-m/nofp\libgcc.a(_arm_fixunssfsi.o)
                0x08001584                __fixunssfsi
                0x08001584                __aeabi_f2uiz
 .text          0x080015c4       0xa0 g:/rt-threadstudio/platform/env_released/env/tools/gnu_gcc/arm_gcc/mingw/bin/../lib/gcc/arm-none-eabi/10.3.1/thumb/v7-m/nofp\libgcc.a(_aeabi_ldivmod.o)
                0x080015c4                __aeabi_ldivmod
 .text          0x08001664       0x30 g:/rt-threadstudio/platform/env_released/env/tools/gnu_gcc/arm_gcc/mingw/bin/../lib/gcc/arm-none-eabi/10.3.1/thumb/v7-m/nofp\libgcc.a(_aeabi_uldivmod.o)
                0x08001664                __aeabi_uldivmod
 .text          0x08001694       0x34 g:/rt-threadstudio/platform/env_released/env/tools/gnu_gcc/arm_gcc/mingw/bin/../lib/gcc/arm-none-eabi/10.3.1/thumb/v7-m/nofp\libgcc.a(_fixdfdi.o)
                0x08001694                __fixdfdi
                0x08001694                __aeabi_d2lz
 .text          0x080016c8       0x3c g:/rt-threadstudio/platform/env_released/env/tools/gnu_gcc/arm_gcc/mingw/bin/../lib/gcc/arm-none-eabi/10.3.1/thumb/v7-m/nofp\libgcc.a(_fixunsdfdi.o)
                0x080016c8                __fixunsdfdi
                0x080016c8                __aeabi_d2ulz
 .text          0x08001704      0x2d4 g:/rt-threadstudio/platform/env_released/env/tools/gnu_gcc/arm_gcc/mingw/bin/../lib/gcc/arm-none-eabi/10.3.1/thumb/v7-m/nofp\libgcc.a(_udivmoddi4.o)
                0x08001704                __udivmoddi4
 .text          0x080019d8        0x4 g:/rt-threadstudio/platform/env_released/env/tools/gnu_gcc/arm_gcc/mingw/bin/../lib/gcc/arm-none-eabi/10.3.1/thumb/v7-m/nofp\libgcc.a(_dvmd_tls.o)
                0x080019d8                __aeabi_idiv0
                0x080019d8                __aeabi_ldiv0
 *(.text.*)
 .text.Dwin_Read
                0x080019dc       0x34 build\applications\lhc_dwin\Src\dwin.o
 .text.Dwin_PageChange
                0x08001a10       0x48 build\applications\lhc_dwin\Src\dwin.o
 .text.Dwin_GetSignedData
                0x08001a58        0x4 build\applications\lhc_dwin\Src\dwin.o
 .text.Dwin_Write
                0x08001a5c       0x58 build\applications\lhc_dwin\Src\dwin.o
 .text.Dwin_Poll
                0x08001ab4      0x100 build\applications\lhc_dwin\Src\dwin.o
 .text.Create_DwinObject
                0x08001bb4      0x104 build\applications\lhc_dwin\Src\dwin.o
                0x08001bb4                Create_DwinObject
 .text.Modbus_Master_Request
                0x08001cb8       0x44 build\applications\lhc_modbus\Src\small_modbus.o
 .text.Modbus_ReadXCoil
                0x08001cfc       0xd0 build\applications\lhc_modbus\Src\small_modbus.o
 .text.Modbus_Operatex
                0x08001dcc       0xa0 build\applications\lhc_modbus\Src\small_modbus.o
 .text.Modbus_46H
                0x08001e6c       0x5c build\applications\lhc_modbus\Src\small_modbus.o
 .text.Modbus_WriteHoldRegister
                0x08001ec8       0x88 build\applications\lhc_modbus\Src\small_modbus.o
 .text.Modbus_ReadXRegister
                0x08001f50       0x94 build\applications\lhc_modbus\Src\small_modbus.o
 .text.Modbus_WriteCoil
                0x08001fe4       0x94 build\applications\lhc_modbus\Src\small_modbus.o
 .text.Modbus_Poll
                0x08002078      0x130 build\applications\lhc_modbus\Src\small_modbus.o
 .text.Create_ModObject
                0x080021a8       0xfc build\applications\lhc_modbus\Src\small_modbus.o
                0x080021a8                Create_ModObject
 .text.see_di   0x080022a4       0x64 build\applications\io_signal.o
 .text.see_do   0x08002308       0x68 build\applications\io_signal.o
 .text.set_do   0x08002370       0xa4 build\applications\io_signal.o
 *fill*         0x08002414        0x4 00000000
 .text.see_dac  0x08002418       0x74 build\applications\io_signal.o
 .text.set_dac  0x0800248c       0x8c build\applications\io_signal.o
 .text.Output_Current.isra.0
                0x08002518       0x6c build\applications\io_signal.o
 .text.set_ao   0x08002584       0xa0 build\applications\io_signal.o
 .text.see_adc  0x08002624       0xd0 build\applications\io_signal.o
 .text.Read_Digital_Io
                0x080026f4       0x98 build\applications\io_signal.o
                0x080026f4                Read_Digital_Io
 .text.Write_Digital_IO
                0x0800278c       0x8c build\applications\io_signal.o
                0x0800278c                Write_Digital_IO
 .text.Read_Analog_Io
                0x08002818      0x110 build\applications\io_signal.o
                0x08002818                Read_Analog_Io
 .text.Write_Analog_IO
                0x08002928       0x6c build\applications\io_signal.o
                0x08002928                Write_Analog_IO
 .text.Modbus_CallBack
                0x08002994        0x4 build\applications\lhc_modbus\Src\small_modbus_port.o
 .text.rt_small_modbus_init
                0x08002998       0xb4 build\applications\lhc_modbus\Src\small_modbus_port.o
                0x08002998                rt_small_modbus_init
 .text.lhc_ota_update
                0x08002a4c       0x54 build\applications\lhc_modbus\Src\small_modbus_port.o
 .text.Modbus_UnLock
                0x08002aa0        0xc build\applications\lhc_modbus\Src\small_modbus_port.o
 .text.Modbus_Lock
                0x08002aac       0x10 build\applications\lhc_modbus\Src\small_modbus_port.o
 .text.Modbus_Send
                0x08002abc       0x3c build\applications\lhc_modbus\Src\small_modbus_port.o
 .text.Modbus_ErrorHadle
                0x08002af8        0x4 build\applications\lhc_modbus\Src\small_modbus_port.o
 .text.Dwin_ErrorHandle
                0x08002afc       0x50 build\applications\lhc_dwin\Src\dwin_port.o
 .text.Dwin_DeveloperMode
                0x08002b4c       0x94 build\applications\lhc_dwin\Src\dwin_port.o
 .text.Dwin_ClearHistoryData
                0x08002be0       0x34 build\applications\lhc_dwin\Src\dwin_port.o
 .text.Dwin_SureOrCancelHandle
                0x08002c14      0x180 build\applications\lhc_dwin\Src\dwin_port.o
 .text.Dwin_Cur_Operate_Distinguish
                0x08002d94       0x94 build\applications\lhc_dwin\Src\dwin_port.o
 .text.Dwin_ButtonEventHandle
                0x08002e28       0x98 build\applications\lhc_dwin\Src\dwin_port.o
 .text.rt_dwin_init
                0x08002ec0       0x88 build\applications\lhc_dwin\Src\dwin_port.o
                0x08002ec0                rt_dwin_init
 .text.Dwin_Send
                0x08002f48       0x44 build\applications\lhc_dwin\Src\dwin_port.o
 .text.Dwin_Save.isra.0
                0x08002f8c       0x50 build\applications\lhc_dwin\Src\dwin_port.o
 .text.dwin_check_scope
                0x08002fdc       0x7c build\applications\lhc_dwin\Src\dwin_port.o
                0x08002fdc                dwin_check_scope
 .text.Dwin_Back_ParamHandle
                0x08003058       0xd0 build\applications\lhc_dwin\Src\dwin_port.o
 .text.Dwin_LimitHandle
                0x08003128      0x110 build\applications\lhc_dwin\Src\dwin_port.o
 .text.report_thread_entry
                0x08003238      0x2d8 build\applications\main.o
 .text.measure_poll_thread_entry
                0x08003510       0x10 build\applications\main.o
 .text.contrl_thread_entry
                0x08003520       0x14 build\applications\main.o
 .text.sampling_thread_entry
                0x08003534       0x18 build\applications\main.o
 .text.rt_thread_hal_uartx_dma_info_init
                0x0800354c       0x38 build\applications\main.o
 .text.dwin_recive_thread_entry
                0x08003584       0x2c build\applications\main.o
 .text.modbus_slave_thread_entry
                0x080035b0       0x54 build\applications\main.o
 .text.timer_callback1
                0x08003604        0x4 build\applications\main.o
 .text.startup.main
                0x08003608       0xd4 build\applications\main.o
                0x08003608                main
 .text.uartx_recive_handle
                0x080036dc       0x58 build\applications\lhc_dwin\Src\tool.o
                0x080036dc                uartx_recive_handle
 .text.get_crc16
                0x08003734       0x38 build\applications\lhc_dwin\Src\tool.o
                0x08003734                get_crc16
 .text.endian_swap
                0x0800376c       0x38 build\applications\lhc_dwin\Src\tool.o
                0x0800376c                endian_swap
 *fill*         0x080037a4        0x4 00000000
 .text.kalmanFilter
                0x080037a8       0x80 build\applications\lhc_dwin\Src\tool.o
                0x080037a8                kalmanFilter
 .text.DMA1_Channel1_IRQHandler
                0x08003828       0x18 build\applications\stm32_irq.o
                0x08003828                DMA1_Channel1_IRQHandler
 .text.DMA1_Channel2_IRQHandler
                0x08003840       0x18 build\applications\stm32_irq.o
                0x08003840                DMA1_Channel2_IRQHandler
 .text.DMA1_Channel3_IRQHandler
                0x08003858       0x18 build\applications\stm32_irq.o
                0x08003858                DMA1_Channel3_IRQHandler
 .text.DMA1_Channel4_IRQHandler
                0x08003870       0x18 build\applications\stm32_irq.o
                0x08003870                DMA1_Channel4_IRQHandler
 .text.DMA1_Channel5_IRQHandler
                0x08003888       0x18 build\applications\stm32_irq.o
                0x08003888                DMA1_Channel5_IRQHandler
 .text.DMA1_Channel6_IRQHandler
                0x080038a0       0x18 build\applications\stm32_irq.o
                0x080038a0                DMA1_Channel6_IRQHandler
 .text.DMA1_Channel7_IRQHandler
                0x080038b8       0x18 build\applications\stm32_irq.o
                0x080038b8                DMA1_Channel7_IRQHandler
 .text.USART2_IRQHandler
                0x080038d0       0x28 build\applications\stm32_irq.o
                0x080038d0                USART2_IRQHandler
 .text.USART3_IRQHandler
                0x080038f8       0x28 build\applications\stm32_irq.o
                0x080038f8                USART3_IRQHandler
 .text.rt_measure_init
                0x08003920       0xe8 build\applications\measure.o
                0x08003920                rt_measure_init
 .text.see_action
                0x08003a08       0x40 build\applications\measure.o
 .text.see_sensor_data
                0x08003a48       0xc0 build\applications\measure.o
 .text.set_pwm  0x08003b08       0x88 build\applications\measure.o
 .text.set_measure_information
                0x08003b90      0x100 build\applications\measure.o
                0x08003b90                set_measure_information
 .text.conductivity_measure_system
                0x08003c90      0x130 build\applications\measure.o
 .text.temperature_measure_system
                0x08003dc0      0x13c build\applications\measure.o
 .text.pressure_flow_level_measure_system
                0x08003efc      0x288 build\applications\measure.o
 .text.measure_timer_poll
                0x08004184       0x38 build\applications\measure.o
                0x08004184                measure_timer_poll
 .text.measure_poll
                0x080041bc      0x1c0 build\applications\measure.o
                0x080041bc                measure_poll
 .text.measure_sampling
                0x0800437c      0x294 build\applications\measure.o
                0x0800437c                measure_sampling
 .text.FLASH_Init
                0x08004610       0x18 build\applications\flash.o
                0x08004610                FLASH_Init
 .text.FLASH_Read
                0x08004628       0x30 build\applications\flash.o
                0x08004628                FLASH_Read
 .text.FLASH_Write
                0x08004658       0x8c build\applications\flash.o
                0x08004658                FLASH_Write
 .text.Reset_Handler
                0x080046e4       0x48 libraries\STM32F1xx_HAL\CMSIS\Device\ST\STM32F1xx\Source\Templates\gcc\startup_stm32f103xe.o
                0x080046e4                Reset_Handler
 .text.Default_Handler
                0x0800472c        0x2 libraries\STM32F1xx_HAL\CMSIS\Device\ST\STM32F1xx\Source\Templates\gcc\startup_stm32f103xe.o
                0x0800472c                RTC_Alarm_IRQHandler
                0x0800472c                TIM8_TRG_COM_IRQHandler
                0x0800472c                TIM8_CC_IRQHandler
                0x0800472c                DebugMon_Handler
                0x0800472c                TIM1_CC_IRQHandler
                0x0800472c                TIM6_IRQHandler
                0x0800472c                PVD_IRQHandler
                0x0800472c                SDIO_IRQHandler
                0x0800472c                NMI_Handler
                0x0800472c                I2C2_EV_IRQHandler
                0x0800472c                UsageFault_Handler
                0x0800472c                ADC1_2_IRQHandler
                0x0800472c                SPI1_IRQHandler
                0x0800472c                TAMPER_IRQHandler
                0x0800472c                TIM8_UP_IRQHandler
                0x0800472c                DMA2_Channel2_IRQHandler
                0x0800472c                RTC_IRQHandler
                0x0800472c                CAN1_RX1_IRQHandler
                0x0800472c                UART5_IRQHandler
                0x0800472c                ADC3_IRQHandler
                0x0800472c                TIM4_IRQHandler
                0x0800472c                DMA2_Channel1_IRQHandler
                0x0800472c                I2C1_EV_IRQHandler
                0x0800472c                UART4_IRQHandler
                0x0800472c                TIM3_IRQHandler
                0x0800472c                RCC_IRQHandler
                0x0800472c                TIM1_TRG_COM_IRQHandler
                0x0800472c                Default_Handler
                0x0800472c                TIM7_IRQHandler
                0x0800472c                TIM5_IRQHandler
                0x0800472c                SPI2_IRQHandler
                0x0800472c                MemManage_Handler
                0x0800472c                SVC_Handler
                0x0800472c                USB_LP_CAN1_RX0_IRQHandler
                0x0800472c                USB_HP_CAN1_TX_IRQHandler
                0x0800472c                FSMC_IRQHandler
                0x0800472c                TIM1_UP_IRQHandler
                0x0800472c                WWDG_IRQHandler
                0x0800472c                TIM2_IRQHandler
                0x0800472c                TIM1_BRK_IRQHandler
                0x0800472c                DMA2_Channel4_5_IRQHandler
                0x0800472c                I2C2_ER_IRQHandler
                0x0800472c                TIM8_BRK_IRQHandler
                0x0800472c                CAN1_SCE_IRQHandler
                0x0800472c                FLASH_IRQHandler
                0x0800472c                BusFault_Handler
                0x0800472c                SPI3_IRQHandler
                0x0800472c                I2C1_ER_IRQHandler
                0x0800472c                USBWakeUp_IRQHandler
                0x0800472c                DMA2_Channel3_IRQHandler
 *fill*         0x0800472e        0x2 00000000
 .text.HAL_MspInit
                0x08004730       0x44 build\board\CubeMX_Config\Src\stm32f1xx_hal_msp.o
                0x08004730                HAL_MspInit
 .text.HAL_ADC_MspInit
                0x08004774       0xe4 build\board\CubeMX_Config\Src\stm32f1xx_hal_msp.o
                0x08004774                HAL_ADC_MspInit
 .text.HAL_DAC_MspInit
                0x08004858       0x64 build\board\CubeMX_Config\Src\stm32f1xx_hal_msp.o
                0x08004858                HAL_DAC_MspInit
 .text.HAL_TIM_Base_MspInit
                0x080048bc       0x2c build\board\CubeMX_Config\Src\stm32f1xx_hal_msp.o
                0x080048bc                HAL_TIM_Base_MspInit
 .text.HAL_TIM_MspPostInit
                0x080048e8       0x54 build\board\CubeMX_Config\Src\stm32f1xx_hal_msp.o
                0x080048e8                HAL_TIM_MspPostInit
 .text.HAL_UART_MspInit
                0x0800493c      0x2b4 build\board\CubeMX_Config\Src\stm32f1xx_hal_msp.o
                0x0800493c                HAL_UART_MspInit
 .text.HAL_UART_MspDeInit
                0x08004bf0       0xb4 build\board\CubeMX_Config\Src\stm32f1xx_hal_msp.o
                0x08004bf0                HAL_UART_MspDeInit
 .text.rt_stm32_hal_init
                0x08004ca4      0x4c0 build\board\CubeMX_Config\Src\main.o
                0x08004ca4                rt_stm32_hal_init
 .text.SystemClock_Config
                0x08005164       0x80 build\board\CubeMX_Config\Src\main.o
                0x08005164                SystemClock_Config
 .text.Error_Handler
                0x080051e4        0x4 build\board\CubeMX_Config\Src\main.o
                0x080051e4                Error_Handler
 .text.dump_stack
                0x080051e8       0xb0 build\packages\CmBacktrace-v1.4.1\cm_backtrace.o
 .text.get_cur_thread_stack_info.constprop.0
                0x08005298       0x18 build\packages\CmBacktrace-v1.4.1\cm_backtrace.o
 .text.cm_backtrace_init
                0x080052b0       0x94 build\packages\CmBacktrace-v1.4.1\cm_backtrace.o
                0x080052b0                cm_backtrace_init
 .text.cm_backtrace_call_stack
                0x08005344      0x168 build\packages\CmBacktrace-v1.4.1\cm_backtrace.o
                0x08005344                cm_backtrace_call_stack
 .text.print_call_stack
                0x080054ac       0x98 build\packages\CmBacktrace-v1.4.1\cm_backtrace.o
 .text.cm_backtrace_assert
                0x08005544       0xe0 build\packages\CmBacktrace-v1.4.1\cm_backtrace.o
                0x08005544                cm_backtrace_assert
 .text.cm_backtrace_fault
                0x08005624      0x504 build\packages\CmBacktrace-v1.4.1\cm_backtrace.o
                0x08005624                cm_backtrace_fault
 .text.rt_cm_backtrace_exception_hook
                0x08005b28       0xbc build\packages\CmBacktrace-v1.4.1\cmb_port.o
                0x08005b28                rt_cm_backtrace_exception_hook
 .text.rt_cm_backtrace_assert_hook
                0x08005be4       0x6c build\packages\CmBacktrace-v1.4.1\cmb_port.o
                0x08005be4                rt_cm_backtrace_assert_hook
 .text.exception_hook
                0x08005c50       0x28 build\packages\CmBacktrace-v1.4.1\cmb_port.o
                0x08005c50                exception_hook
 .text.assert_hook
                0x08005c78       0x30 build\packages\CmBacktrace-v1.4.1\cmb_port.o
                0x08005c78                assert_hook
 .text.rt_cm_backtrace_init
                0x08005ca8       0x48 build\packages\CmBacktrace-v1.4.1\cmb_port.o
                0x08005ca8                rt_cm_backtrace_init
 .text.cmb_test
                0x08005cf0      0x110 build\packages\CmBacktrace-v1.4.1\cmb_port.o
                0x08005cf0                cmb_test
 .text.out_buffer
                0x08005e00        0x8 build\packages\rt_vsnprintf_full-latest\rt_vsnprintf.o
 .text.out_discard
                0x08005e08        0x4 build\packages\rt_vsnprintf_full-latest\rt_vsnprintf.o
 .text.out_rev_
                0x08005e0c       0x88 build\packages\rt_vsnprintf_full-latest\rt_vsnprintf.o
 .text.print_integer
                0x08005e94      0x26c build\packages\rt_vsnprintf_full-latest\rt_vsnprintf.o
 .text.get_components
                0x08006100      0x128 build\packages\rt_vsnprintf_full-latest\rt_vsnprintf.o
 .text.print_broken_up_decimal.isra.0
                0x08006228      0x22c build\packages\rt_vsnprintf_full-latest\rt_vsnprintf.o
 *fill*         0x08006454        0x4 00000000
 .text.print_exponential_number
                0x08006458      0x69c build\packages\rt_vsnprintf_full-latest\rt_vsnprintf.o
 *fill*         0x08006af4        0x4 00000000
 .text.print_floating_point
                0x08006af8      0x1e4 build\packages\rt_vsnprintf_full-latest\rt_vsnprintf.o
 .text.rt_vsnprintf
                0x08006cdc      0x690 build\packages\rt_vsnprintf_full-latest\rt_vsnprintf.o
                0x08006cdc                rt_vsnprintf
 .text.rt_thread_idle_entry
                0x0800736c       0x88 build\kernel\src\idle.o
 .text.rt_thread_defunct_enqueue
                0x080073f4       0x18 build\kernel\src\idle.o
                0x080073f4                rt_thread_defunct_enqueue
 .text.rt_thread_idle_init
                0x0800740c       0x48 build\kernel\src\idle.o
                0x0800740c                rt_thread_idle_init
 .text.rt_sem_init
                0x08007454       0x68 build\kernel\src\ipc.o
                0x08007454                rt_sem_init
 .text.rt_sem_create
                0x080074bc       0x80 build\kernel\src\ipc.o
                0x080074bc                rt_sem_create
 .text.rt_sem_take
                0x0800753c      0x1bc build\kernel\src\ipc.o
                0x0800753c                rt_sem_take
 .text.rt_sem_release
                0x080076f8       0x8c build\kernel\src\ipc.o
                0x080076f8                rt_sem_release
 .text.rt_mutex_init
                0x08007784       0x44 build\kernel\src\ipc.o
                0x08007784                rt_mutex_init
 .text.rt_mutex_create
                0x080077c8       0x5c build\kernel\src\ipc.o
                0x080077c8                rt_mutex_create
 .text.rt_mutex_take
                0x08007824      0x21c build\kernel\src\ipc.o
                0x08007824                rt_mutex_take
 .text.rt_mutex_release
                0x08007a40      0x16c build\kernel\src\ipc.o
                0x08007a40                rt_mutex_release
 .text.rt_interrupt_enter
                0x08007bac       0x2c build\kernel\src\irq.o
                0x08007bac                rt_interrupt_enter
 .text.rt_interrupt_leave
                0x08007bd8       0x2c build\kernel\src\irq.o
                0x08007bd8                rt_interrupt_leave
 .text.rt_interrupt_get_nest
                0x08007c04       0x18 build\kernel\src\irq.o
                0x08007c04                rt_interrupt_get_nest
 .text.rt_strerror
                0x08007c1c       0x1c build\kernel\src\kservice.o
                0x08007c1c                rt_strerror
 .text.rt_set_errno
                0x08007c38       0x20 build\kernel\src\kservice.o
                0x08007c38                rt_set_errno
 .text._rt_errno
                0x08007c58       0x1c build\kernel\src\kservice.o
                0x08007c58                _rt_errno
 .text.rt_memset
                0x08007c74       0x84 build\kernel\src\kservice.o
                0x08007c74                rt_memset
 .text.rt_memcpy
                0x08007cf8       0xd8 build\kernel\src\kservice.o
                0x08007cf8                rt_memcpy
 .text.rt_memmove
                0x08007dd0       0x38 build\kernel\src\kservice.o
                0x08007dd0                rt_memmove
 .text.rt_snprintf
                0x08007e08       0x1c build\kernel\src\kservice.o
                0x08007e08                rt_snprintf
 .text.rt_sprintf
                0x08007e24       0x20 build\kernel\src\kservice.o
                0x08007e24                rt_sprintf
 .text.rt_console_get_device
                0x08007e44        0xc build\kernel\src\kservice.o
                0x08007e44                rt_console_get_device
 .text.rt_console_set_device
                0x08007e50       0x30 build\kernel\src\kservice.o
                0x08007e50                rt_console_set_device
 .text.rt_hw_console_output
                0x08007e80        0x4 build\kernel\src\kservice.o
                0x08007e80                rt_hw_console_output
 .text.rt_kprintf
                0x08007e84       0x4c build\kernel\src\kservice.o
                0x08007e84                rt_kprintf
 .text.rt_show_version
                0x08007ed0       0x48 build\kernel\src\kservice.o
                0x08007ed0                rt_show_version
 .text.rt_system_heap_init
                0x08007f18       0x80 build\kernel\src\kservice.o
                0x08007f18                rt_system_heap_init
 .text.rt_malloc
                0x08007f98       0x9c build\kernel\src\kservice.o
                0x08007f98                rt_malloc
 .text.rt_strdup
                0x08008034       0x20 build\kernel\src\kservice.o
                0x08008034                rt_strdup
 .text.rt_realloc
                0x08008054       0x94 build\kernel\src\kservice.o
                0x08008054                rt_realloc
 .text.rt_calloc
                0x080080e8       0x1c build\kernel\src\kservice.o
                0x080080e8                rt_calloc
 .text.rt_free  0x08008104       0x98 build\kernel\src\kservice.o
                0x08008104                rt_free
 .text.rt_memory_info
                0x0800819c       0x98 build\kernel\src\kservice.o
                0x0800819c                rt_memory_info
 .text.rt_assert_set_hook
                0x08008234        0xc build\kernel\src\kservice.o
                0x08008234                rt_assert_set_hook
 .text.rt_assert_handler
                0x08008240       0x3c build\kernel\src\kservice.o
                0x08008240                rt_assert_handler
 .text.plug_holes
                0x0800827c       0x8c build\kernel\src\mem.o
 .text.rt_smem_init
                0x08008308       0x84 build\kernel\src\mem.o
                0x08008308                rt_smem_init
 .text.rt_smem_alloc
                0x0800838c      0x170 build\kernel\src\mem.o
                0x0800838c                rt_smem_alloc
 .text.rt_smem_free
                0x080084fc      0x104 build\kernel\src\mem.o
                0x080084fc                rt_smem_free
 .text.rt_smem_realloc
                0x08008600      0x174 build\kernel\src\mem.o
                0x08008600                rt_smem_realloc
 .text.rt_timer_init
                0x08008774       0x84 build\kernel\src\timer.o
                0x08008774                rt_timer_init
 .text.rt_timer_detach
                0x080087f8       0x7c build\kernel\src\timer.o
                0x080087f8                rt_timer_detach
 .text.rt_timer_create
                0x08008874       0x6c build\kernel\src\timer.o
                0x08008874                rt_timer_create
 .text.rt_timer_start
                0x080088e0      0x110 build\kernel\src\timer.o
                0x080088e0                rt_timer_start
 .text.rt_timer_stop
                0x080089f0       0x74 build\kernel\src\timer.o
                0x080089f0                rt_timer_stop
 .text.rt_timer_control
                0x08008a64       0xc8 build\kernel\src\timer.o
                0x08008a64                rt_timer_control
 .text.rt_timer_check
                0x08008b2c       0xdc build\kernel\src\timer.o
                0x08008b2c                rt_timer_check
 .text.rt_timer_next_timeout_tick
                0x08008c08       0x28 build\kernel\src\timer.o
                0x08008c08                rt_timer_next_timeout_tick
 .text.rt_soft_timer_check
                0x08008c30       0xe8 build\kernel\src\timer.o
                0x08008c30                rt_soft_timer_check
 .text._timer_thread_entry
                0x08008d18       0x44 build\kernel\src\timer.o
 .text.rt_system_timer_init
                0x08008d5c        0xc build\kernel\src\timer.o
                0x08008d5c                rt_system_timer_init
 .text.rt_system_timer_thread_init
                0x08008d68       0x4c build\kernel\src\timer.o
                0x08008d68                rt_system_timer_thread_init
 .text.rt_object_get_information
                0x08008db4       0x24 build\kernel\src\object.o
                0x08008db4                rt_object_get_information
 .text.rt_object_init
                0x08008dd8       0xc4 build\kernel\src\object.o
                0x08008dd8                rt_object_init
 .text.rt_object_detach
                0x08008e9c       0x4c build\kernel\src\object.o
                0x08008e9c                rt_object_detach
 .text.rt_object_allocate
                0x08008ee8       0xc8 build\kernel\src\object.o
                0x08008ee8                rt_object_allocate
 .text.rt_object_delete
                0x08008fb0       0x6c build\kernel\src\object.o
                0x08008fb0                rt_object_delete
 .text.rt_object_is_systemobject
                0x0800901c       0x2c build\kernel\src\object.o
                0x0800901c                rt_object_is_systemobject
 .text.rt_object_get_type
                0x08009048       0x2c build\kernel\src\object.o
                0x08009048                rt_object_get_type
 .text.rt_object_find
                0x08009074       0x94 build\kernel\src\object.o
                0x08009074                rt_object_find
 .text.rt_tick_get
                0x08009108        0xc build\kernel\src\clock.o
                0x08009108                rt_tick_get
 .text.rt_tick_set
                0x08009114       0x18 build\kernel\src\clock.o
                0x08009114                rt_tick_set
 .text.rt_tick_increase
                0x0800912c       0x60 build\kernel\src\clock.o
                0x0800912c                rt_tick_increase
 .text.rt_tick_from_millisecond
                0x0800918c       0x3c build\kernel\src\clock.o
                0x0800918c                rt_tick_from_millisecond
 .text.rti_start
                0x080091c8        0x4 build\kernel\src\components.o
 .text.main_thread_entry
                0x080091cc       0x24 build\kernel\src\components.o
                0x080091cc                main_thread_entry
 .text.rti_end  0x080091f0        0x4 build\kernel\src\components.o
 .text.rti_board_start
                0x080091f4        0x4 build\kernel\src\components.o
 .text.rti_board_end
                0x080091f8        0x4 build\kernel\src\components.o
 .text.rt_components_board_init
                0x080091fc       0x20 build\kernel\src\components.o
                0x080091fc                rt_components_board_init
 .text.rt_application_init
                0x0800921c       0x50 build\kernel\src\components.o
                0x0800921c                rt_application_init
 .text.entry    0x0800926c       0x2c build\kernel\src\components.o
                0x0800926c                entry
 .text.rt_system_scheduler_init
                0x08009298       0x2c build\kernel\src\scheduler.o
                0x08009298                rt_system_scheduler_init
 .text.rt_schedule_insert_thread
                0x080092c4       0x9c build\kernel\src\scheduler.o
                0x080092c4                rt_schedule_insert_thread
 .text.rt_schedule_remove_thread
                0x08009360       0x68 build\kernel\src\scheduler.o
                0x08009360                rt_schedule_remove_thread
 .text.rt_system_scheduler_start
                0x080093c8       0x3c build\kernel\src\scheduler.o
                0x080093c8                rt_system_scheduler_start
 .text.rt_schedule
                0x08009404      0x15c build\kernel\src\scheduler.o
                0x08009404                rt_schedule
 .text.rt_enter_critical
                0x08009560       0x1c build\kernel\src\scheduler.o
                0x08009560                rt_enter_critical
 .text.rt_exit_critical
                0x0800957c       0x3c build\kernel\src\scheduler.o
                0x0800957c                rt_exit_critical
 .text.rt_critical_level
                0x080095b8        0xc build\kernel\src\scheduler.o
                0x080095b8                rt_critical_level
 .text.rt_device_register
                0x080095c4       0x38 build\kernel\src\device.o
                0x080095c4                rt_device_register
 .text.rt_device_find
                0x080095fc        0x8 build\kernel\src\device.o
                0x080095fc                rt_device_find
 .text.rt_device_open
                0x08009604       0xbc build\kernel\src\device.o
                0x08009604                rt_device_open
 .text.rt_device_close
                0x080096c0       0x68 build\kernel\src\device.o
                0x080096c0                rt_device_close
 .text.rt_device_read
                0x08009728       0x7c build\kernel\src\device.o
                0x08009728                rt_device_read
 .text.rt_device_write
                0x080097a4       0x7c build\kernel\src\device.o
                0x080097a4                rt_device_write
 .text.rt_device_set_rx_indicate
                0x08009820       0x40 build\kernel\src\device.o
                0x08009820                rt_device_set_rx_indicate
 .text._thread_timeout
                0x08009860       0x7c build\kernel\src\thread.o
 .text._thread_exit
                0x080098dc       0x38 build\kernel\src\thread.o
 .text._thread_init.constprop.0
                0x08009914       0xa0 build\kernel\src\thread.o
 .text.rt_thread_init
                0x080099b4       0x74 build\kernel\src\thread.o
                0x080099b4                rt_thread_init
 .text.rt_thread_self
                0x08009a28        0xc build\kernel\src\thread.o
                0x08009a28                rt_thread_self
 .text.rt_thread_detach
                0x08009a34       0x8c build\kernel\src\thread.o
                0x08009a34                rt_thread_detach
 .text.rt_thread_create
                0x08009ac0       0x54 build\kernel\src\thread.o
                0x08009ac0                rt_thread_create
 .text.rt_thread_delete
                0x08009b14       0x8c build\kernel\src\thread.o
                0x08009b14                rt_thread_delete
 .text.rt_thread_suspend
                0x08009ba0       0xa8 build\kernel\src\thread.o
                0x08009ba0                rt_thread_suspend
 .text.rt_thread_sleep
                0x08009c48       0x7c build\kernel\src\thread.o
                0x08009c48                rt_thread_sleep
 .text.rt_thread_delay
                0x08009cc4        0x4 build\kernel\src\thread.o
                0x08009cc4                rt_thread_delay
 .text.rt_thread_mdelay
                0x08009cc8       0x10 build\kernel\src\thread.o
                0x08009cc8                rt_thread_mdelay
 .text.rt_thread_resume
                0x08009cd8       0x88 build\kernel\src\thread.o
                0x08009cd8                rt_thread_resume
 .text.rt_thread_startup
                0x08009d60       0x78 build\kernel\src\thread.o
                0x08009d60                rt_thread_startup
 .text.rt_thread_control
                0x08009dd8       0xb8 build\kernel\src\thread.o
                0x08009dd8                rt_thread_control
 .text.rt_hw_stack_init
                0x08009e90       0x40 build\kernel\libcpu\arm\cortex-m3\cpuport.o
                0x08009e90                rt_hw_stack_init
 .text.rt_hw_exception_install
                0x08009ed0        0xc build\kernel\libcpu\arm\cortex-m3\cpuport.o
                0x08009ed0                rt_hw_exception_install
 .text.rt_hw_hard_fault_exception
                0x08009edc      0x348 build\kernel\libcpu\arm\cortex-m3\cpuport.o
                0x08009edc                rt_hw_hard_fault_exception
 .text.rt_hw_cpu_reset
                0x0800a224       0x10 build\kernel\libcpu\arm\cortex-m3\cpuport.o
                0x0800a224                rt_hw_cpu_reset
 .text.__rt_ffs
                0x0800a234       0x14 build\kernel\libcpu\arm\cortex-m3\cpuport.o
                0x0800a234                __rt_ffs
 .text.open     0x0800a248       0x54 build\kernel\components\dfs\src\dfs_posix.o
                0x0800a248                open
 .text.close    0x0800a29c       0x40 build\kernel\components\dfs\src\dfs_posix.o
                0x0800a29c                close
 .text.read     0x0800a2dc       0x44 build\kernel\components\dfs\src\dfs_posix.o
                0x0800a2dc                read
 .text.write    0x0800a320       0x44 build\kernel\components\dfs\src\dfs_posix.o
                0x0800a320                write
 .text.lseek    0x0800a364       0x74 build\kernel\components\dfs\src\dfs_posix.o
                0x0800a364                lseek
 .text.rename   0x0800a3d8       0x1c build\kernel\components\dfs\src\dfs_posix.o
                0x0800a3d8                rename
 .text.unlink   0x0800a3f4       0x1c build\kernel\components\dfs\src\dfs_posix.o
                0x0800a3f4                unlink
 .text.stat     0x0800a410       0x18 build\kernel\components\dfs\src\dfs_posix.o
                0x0800a410                stat
 .text.mkdir    0x0800a428       0x5c build\kernel\components\dfs\src\dfs_posix.o
                0x0800a428                mkdir
 .text.opendir  0x0800a484       0x78 build\kernel\components\dfs\src\dfs_posix.o
                0x0800a484                opendir
 .text.readdir  0x0800a4fc       0x6c build\kernel\components\dfs\src\dfs_posix.o
                0x0800a4fc                readdir
 .text.rewinddir
                0x0800a568       0x38 build\kernel\components\dfs\src\dfs_posix.o
                0x0800a568                rewinddir
 .text.closedir
                0x0800a5a0       0x4c build\kernel\components\dfs\src\dfs_posix.o
                0x0800a5a0                closedir
 .text.chdir    0x0800a5ec       0x80 build\kernel\components\dfs\src\dfs_posix.o
                0x0800a5ec                chdir
 .text.getcwd   0x0800a66c       0x20 build\kernel\components\dfs\src\dfs_posix.o
                0x0800a66c                getcwd
 .text.dfs_filesystem_lookup
                0x0800a68c       0x90 build\kernel\components\dfs\src\dfs_fs.o
                0x0800a68c                dfs_filesystem_lookup
 .text.dfs_mount
                0x0800a71c      0x1c0 build\kernel\components\dfs\src\dfs_fs.o
                0x0800a71c                dfs_mount
 .text.dfs_unmount
                0x0800a8dc       0x88 build\kernel\components\dfs\src\dfs_fs.o
                0x0800a8dc                dfs_unmount
 .text.dfs_mkfs
                0x0800a964       0xc0 build\kernel\components\dfs\src\dfs_fs.o
                0x0800a964                dfs_mkfs
 .text.df       0x0800aa24       0xe8 build\kernel\components\dfs\src\dfs_fs.o
                0x0800aa24                df
 .text.list_fd  0x0800ab0c      0x12c build\kernel\components\dfs\src\dfs.o
                0x0800ab0c                list_fd
 .text.dfs_init
                0x0800ac38       0x74 build\kernel\components\dfs\src\dfs.o
                0x0800ac38                dfs_init
 .text.dfs_lock
                0x0800acac       0x30 build\kernel\components\dfs\src\dfs.o
                0x0800acac                dfs_lock
 .text.dfs_unlock
                0x0800acdc        0xc build\kernel\components\dfs\src\dfs.o
                0x0800acdc                dfs_unlock
 .text.fd_new   0x0800ace8      0x134 build\kernel\components\dfs\src\dfs.o
                0x0800ace8                fd_new
 .text.fd_get   0x0800ae1c       0x70 build\kernel\components\dfs\src\dfs.o
                0x0800ae1c                fd_get
 .text.fd_put   0x0800ae8c       0x88 build\kernel\components\dfs\src\dfs.o
                0x0800ae8c                fd_put
 .text.dfs_subdir
                0x0800af14       0x28 build\kernel\components\dfs\src\dfs.o
                0x0800af14                dfs_subdir
 .text.dfs_normalize_path
                0x0800af3c      0x16c build\kernel\components\dfs\src\dfs.o
                0x0800af3c                dfs_normalize_path
 .text.fd_is_open
                0x0800b0a8       0xd4 build\kernel\components\dfs\src\dfs.o
                0x0800b0a8                fd_is_open
 .text.dfs_file_open
                0x0800b17c       0xcc build\kernel\components\dfs\src\dfs_file.o
                0x0800b17c                dfs_file_open
 .text.copyfile
                0x0800b248      0x118 build\kernel\components\dfs\src\dfs_file.o
 .text.dfs_file_close
                0x0800b360       0x28 build\kernel\components\dfs\src\dfs_file.o
                0x0800b360                dfs_file_close
 .text.dfs_file_read
                0x0800b388       0x2c build\kernel\components\dfs\src\dfs_file.o
                0x0800b388                dfs_file_read
 .text.dfs_file_getdents
                0x0800b3b4       0x20 build\kernel\components\dfs\src\dfs_file.o
                0x0800b3b4                dfs_file_getdents
 .text.dfs_file_unlink
                0x0800b3d4       0x84 build\kernel\components\dfs\src\dfs_file.o
                0x0800b3d4                dfs_file_unlink
 .text.dfs_file_write
                0x0800b458       0x18 build\kernel\components\dfs\src\dfs_file.o
                0x0800b458                dfs_file_write
 .text.dfs_file_lseek
                0x0800b470       0x24 build\kernel\components\dfs\src\dfs_file.o
                0x0800b470                dfs_file_lseek
 .text.dfs_file_stat
                0x0800b494       0xe4 build\kernel\components\dfs\src\dfs_file.o
                0x0800b494                dfs_file_stat
 .text.copydir  0x0800b578      0x11c build\kernel\components\dfs\src\dfs_file.o
 .text.dfs_file_rename
                0x0800b694       0x8c build\kernel\components\dfs\src\dfs_file.o
                0x0800b694                dfs_file_rename
 .text.ls       0x0800b720      0x118 build\kernel\components\dfs\src\dfs_file.o
                0x0800b720                ls
 .text.cat      0x0800b838       0x88 build\kernel\components\dfs\src\dfs_file.o
                0x0800b838                cat
 .text.copy     0x0800b8c0      0x114 build\kernel\components\dfs\src\dfs_file.o
                0x0800b8c0                copy
 .text.rt_completion_init
                0x0800b9d4       0x34 build\kernel\components\drivers\ipc\completion.o
                0x0800b9d4                rt_completion_init
 .text.rt_completion_wait
                0x0800ba08      0x140 build\kernel\components\drivers\ipc\completion.o
                0x0800ba08                rt_completion_wait
 .text.rt_completion_done
                0x0800bb48       0x54 build\kernel\components\drivers\ipc\completion.o
                0x0800bb48                rt_completion_done
 .text.rt_data_queue_init
                0x0800bb9c       0x6c build\kernel\components\drivers\ipc\dataqueue.o
                0x0800bb9c                rt_data_queue_init
 .text.rt_data_queue_push
                0x0800bc08      0x1ec build\kernel\components\drivers\ipc\dataqueue.o
                0x0800bc08                rt_data_queue_push
 .text.rt_data_queue_peek
                0x0800bdf4       0x74 build\kernel\components\drivers\ipc\dataqueue.o
                0x0800bdf4                rt_data_queue_peek
 .text.rt_data_queue_reset
                0x0800be68       0xac build\kernel\components\drivers\ipc\dataqueue.o
                0x0800be68                rt_data_queue_reset
 .text.rt_data_queue_deinit
                0x0800bf14       0x54 build\kernel\components\drivers\ipc\dataqueue.o
                0x0800bf14                rt_data_queue_deinit
 .text.rt_data_queue_len
                0x0800bf68       0x6c build\kernel\components\drivers\ipc\dataqueue.o
                0x0800bf68                rt_data_queue_len
 .text.rt_data_queue_pop
                0x0800bfd4      0x264 build\kernel\components\drivers\ipc\dataqueue.o
                0x0800bfd4                rt_data_queue_pop
 .text._pin_control
                0x0800c238       0x34 build\kernel\components\drivers\misc\pin.o
 .text._pin_cmd_print_usage
                0x0800c26c       0x58 build\kernel\components\drivers\misc\pin.o
 .text._pin_write
                0x0800c2c4       0x38 build\kernel\components\drivers\misc\pin.o
 .text._pin_read
                0x0800c2fc       0x3c build\kernel\components\drivers\misc\pin.o
 .text.rt_device_pin_register
                0x0800c338       0x44 build\kernel\components\drivers\misc\pin.o
                0x0800c338                rt_device_pin_register
 .text.rt_pin_get
                0x0800c37c       0x48 build\kernel\components\drivers\misc\pin.o
                0x0800c37c                rt_pin_get
 .text._pin_cmd_conv
                0x0800c3c4       0x70 build\kernel\components\drivers\misc\pin.o
 .text._pin_cmd
                0x0800c434      0x230 build\kernel\components\drivers\misc\pin.o
 .text.lptimer_dump
                0x0800c664       0x74 build\kernel\components\drivers\pm\lptimer.o
                0x0800c664                lptimer_dump
 .text.rt_lptimer_next_timeout_tick
                0x0800c6d8       0x50 build\kernel\components\drivers\pm\lptimer.o
                0x0800c6d8                rt_lptimer_next_timeout_tick
 .text._pm_device_frequency_change
                0x0800c728       0x34 build\kernel\components\drivers\pm\pm.o
 .text.rt_pm_dump_status
                0x0800c75c       0xec build\kernel\components\drivers\pm\pm.o
 .text.rt_pm_release_mode_all
                0x0800c848       0x44 build\kernel\components\drivers\pm\pm.o
 .text.rt_module_release_mode_all
                0x0800c88c       0x5c build\kernel\components\drivers\pm\pm.o
 .text.rt_module_delay_sleep
                0x0800c8e8       0x64 build\kernel\components\drivers\pm\pm.o
 .text.rt_pm_request_mode
                0x0800c94c       0x4c build\kernel\components\drivers\pm\pm.o
 .text.rt_pm_release_mode
                0x0800c998       0x4c build\kernel\components\drivers\pm\pm.o
 .text.rt_module_request_mode
                0x0800c9e4       0x68 build\kernel\components\drivers\pm\pm.o
 .text.rt_module_release_mode
                0x0800ca4c       0x74 build\kernel\components\drivers\pm\pm.o
 .text.rt_pm_enter_critical
                0x0800cac0        0x4 build\kernel\components\drivers\pm\pm.o
                0x0800cac0                rt_pm_enter_critical
 .text.rt_pm_exit_critical
                0x0800cac4        0x4 build\kernel\components\drivers\pm\pm.o
                0x0800cac4                rt_pm_exit_critical
 .text.pm_timer_next_timeout_tick
                0x0800cac8       0x18 build\kernel\components\drivers\pm\pm.o
                0x0800cac8                pm_timer_next_timeout_tick
 .text.pm_get_sleep_threshold_mode
                0x0800cae0       0x18 build\kernel\components\drivers\pm\pm.o
                0x0800cae0                pm_get_sleep_threshold_mode
 .text.rt_system_power_manager
                0x0800caf8      0x2a8 build\kernel\components\drivers\pm\pm.o
                0x0800caf8                rt_system_power_manager
 .text.rt_pm_run_enter
                0x0800cda0       0x60 build\kernel\components\drivers\pm\pm.o
                0x0800cda0                rt_pm_run_enter
 .text.rt_pm_run_mode_switch
                0x0800ce00       0x1c build\kernel\components\drivers\pm\pm.o
 .text.rt_serial_control
                0x0800ce1c       0xa4 build\kernel\components\drivers\serial\serial.o
 .text._serial_fifo_calc_recved_len
                0x0800cec0       0x48 build\kernel\components\drivers\serial\serial.o
 .text.rt_serial_init
                0x0800cf08       0x38 build\kernel\components\drivers\serial\serial.o
 .text.rt_serial_open
                0x0800cf40      0x228 build\kernel\components\drivers\serial\serial.o
 .text.rt_serial_write
                0x0800d168      0x118 build\kernel\components\drivers\serial\serial.o
 .text.rt_serial_read
                0x0800d280      0x24c build\kernel\components\drivers\serial\serial.o
 .text.rt_serial_close
                0x0800d4cc      0x144 build\kernel\components\drivers\serial\serial.o
 .text.rt_hw_serial_register
                0x0800d610       0x6c build\kernel\components\drivers\serial\serial.o
                0x0800d610                rt_hw_serial_register
 .text.rt_hw_serial_isr
                0x0800d67c      0x244 build\kernel\components\drivers\serial\serial.o
                0x0800d67c                rt_hw_serial_isr
 .text.finsh_rx_ind
                0x0800d8c0       0x30 build\kernel\components\finsh\shell.o
 .text.finsh_get_prompt.part.0
                0x0800d8f0       0x50 build\kernel\components\finsh\shell.o
 .text.finsh_system_init
                0x0800d940       0xa8 build\kernel\components\finsh\shell.o
                0x0800d940                finsh_system_init
 .text.finsh_get_prompt
                0x0800d9e8       0x28 build\kernel\components\finsh\shell.o
                0x0800d9e8                finsh_get_prompt
 .text.finsh_getchar
                0x0800da10       0x70 build\kernel\components\finsh\shell.o
                0x0800da10                finsh_getchar
 .text.finsh_set_device
                0x0800da80       0x94 build\kernel\components\finsh\shell.o
                0x0800da80                finsh_set_device
 .text.finsh_set_password
                0x0800db14       0x3c build\kernel\components\finsh\shell.o
                0x0800db14                finsh_set_password
 .text.finsh_thread_entry
                0x0800db50      0x564 build\kernel\components\finsh\shell.o
                0x0800db50                finsh_thread_entry
 .text.msh_help
                0x0800e0b4       0x48 build\kernel\components\finsh\msh.o
                0x0800e0b4                msh_help
 .text.cmd_ps   0x0800e0fc        0xc build\kernel\components\finsh\msh.o
                0x0800e0fc                cmd_ps
 .text.cmd_free
                0x0800e108       0x50 build\kernel\components\finsh\msh.o
                0x0800e108                cmd_free
 .text.msh_auto_complete_path.part.0
                0x0800e158      0x1a0 build\kernel\components\finsh\msh.o
 .text.msh_exec
                0x0800e2f8      0x1cc build\kernel\components\finsh\msh.o
                0x0800e2f8                msh_exec
 .text.msh_auto_complete
                0x0800e4c4      0x104 build\kernel\components\finsh\msh.o
                0x0800e4c4                msh_auto_complete
 .text.msh_isint
                0x0800e5c8       0x34 build\kernel\components\finsh\msh_parse.o
                0x0800e5c8                msh_isint
 .text.clear    0x0800e5fc       0x10 build\kernel\components\finsh\cmd.o
 .text.version  0x0800e60c        0xc build\kernel\components\finsh\cmd.o
                0x0800e60c                version
 .text.list_get_next.part.0
                0x0800e618       0x58 build\kernel\components\finsh\cmd.o
 .text.list_thread
                0x0800e670      0x194 build\kernel\components\finsh\cmd.o
                0x0800e670                list_thread
 .text.list_mutex
                0x0800e804       0xf4 build\kernel\components\finsh\cmd.o
                0x0800e804                list_mutex
 .text.list_device
                0x0800e8f8       0xf8 build\kernel\components\finsh\cmd.o
                0x0800e8f8                list_device
 .text.list_timer
                0x0800e9f0      0x118 build\kernel\components\finsh\cmd.o
                0x0800e9f0                list_timer
 .text.list_mempool
                0x0800eb08      0x158 build\kernel\components\finsh\cmd.o
                0x0800eb08                list_mempool
 .text.list_event
                0x0800ec60      0x148 build\kernel\components\finsh\cmd.o
                0x0800ec60                list_event
 .text.list_sem
                0x0800eda8      0x14c build\kernel\components\finsh\cmd.o
                0x0800eda8                list_sem
 .text.list_msgqueue
                0x0800eef4      0x14c build\kernel\components\finsh\cmd.o
                0x0800eef4                list_msgqueue
 .text.list_mailbox
                0x0800f040      0x158 build\kernel\components\finsh\cmd.o
                0x0800f040                list_mailbox
 .text.cmd_list
                0x0800f198      0x164 build\kernel\components\finsh\cmd.o
                0x0800f198                cmd_list
 .text.cmd_ls   0x0800f2fc       0x18 build\kernel\components\finsh\msh_file.o
 .text.cmd_pwd  0x0800f314       0x18 build\kernel\components\finsh\msh_file.o
 .text.directory_delete_for_msh
                0x0800f32c      0x10c build\kernel\components\finsh\msh_file.o
 .text.cmd_rm   0x0800f438      0x114 build\kernel\components\finsh\msh_file.o
 .text.cmd_mkfs
                0x0800f54c       0x60 build\kernel\components\finsh\msh_file.o
 .text.cmd_mount
                0x0800f5ac       0xac build\kernel\components\finsh\msh_file.o
 .text.cmd_umount
                0x0800f658       0x4c build\kernel\components\finsh\msh_file.o
 .text.cmd_tail
                0x0800f6a4      0x130 build\kernel\components\finsh\msh_file.o
 .text.cmd_cp   0x0800f7d4       0x2c build\kernel\components\finsh\msh_file.o
 .text.cmd_mv   0x0800f800       0xdc build\kernel\components\finsh\msh_file.o
 .text.cmd_cat  0x0800f8dc       0x38 build\kernel\components\finsh\msh_file.o
 .text.cmd_cd   0x0800f914       0x3c build\kernel\components\finsh\msh_file.o
 .text.cmd_mkdir
                0x0800f950       0x2c build\kernel\components\finsh\msh_file.o
 .text.cmd_df   0x0800f97c       0x4c build\kernel\components\finsh\msh_file.o
 .text.cmd_echo
                0x0800f9c8       0x68 build\kernel\components\finsh\msh_file.o
 .text.msh_exec_script
                0x0800fa30      0x180 build\kernel\components\finsh\msh_file.o
                0x0800fa30                msh_exec_script
 .text.__rt_libc_exit
                0x0800fbb0       0x40 build\kernel\components\libc\compilers\common\cstdlib.o
                0x0800fbb0                __rt_libc_exit
 .text.strnlen  0x0800fbf0       0x24 build\kernel\components\libc\compilers\common\cstring.o
                0x0800fbf0                strnlen
 .text._malloc_r
                0x0800fc14       0x14 build\kernel\components\libc\compilers\newlib\syscalls.o
                0x0800fc14                _malloc_r
 .text._realloc_r
                0x0800fc28       0x18 build\kernel\components\libc\compilers\newlib\syscalls.o
                0x0800fc28                _realloc_r
 .text._calloc_r
                0x0800fc40       0x18 build\kernel\components\libc\compilers\newlib\syscalls.o
                0x0800fc40                _calloc_r
 .text._free_r  0x0800fc58        0x8 build\kernel\components\libc\compilers\newlib\syscalls.o
                0x0800fc58                _free_r
 .text.__libc_init_array
                0x0800fc60        0x4 build\kernel\components\libc\compilers\newlib\syscalls.o
                0x0800fc60                __libc_init_array
 .text.__errno  0x0800fc64        0x4 build\kernel\components\libc\compilers\newlib\syscalls.o
                0x0800fc64                __errno
 .text._getpid_r
                0x0800fc68        0x4 build\kernel\components\libc\compilers\newlib\syscalls.o
                0x0800fc68                _getpid_r
 .text._close_r
                0x0800fc6c        0x8 build\kernel\components\libc\compilers\newlib\syscalls.o
                0x0800fc6c                _close_r
 .text._fstat_r
                0x0800fc74        0xc build\kernel\components\libc\compilers\newlib\syscalls.o
                0x0800fc74                _fstat_r
 .text._isatty_r
                0x0800fc80        0xc build\kernel\components\libc\compilers\newlib\syscalls.o
                0x0800fc80                _isatty_r
 .text._kill_r  0x0800fc8c        0xc build\kernel\components\libc\compilers\newlib\syscalls.o
                0x0800fc8c                _kill_r
 .text._lseek_r
                0x0800fc98        0xc build\kernel\components\libc\compilers\newlib\syscalls.o
                0x0800fc98                _lseek_r
 .text._read_r  0x0800fca4       0x54 build\kernel\components\libc\compilers\newlib\syscalls.o
                0x0800fca4                _read_r
 .text._write_r
                0x0800fcf8       0x40 build\kernel\components\libc\compilers\newlib\syscalls.o
                0x0800fcf8                _write_r
 .text._exit    0x0800fd38        0x8 build\kernel\components\libc\compilers\newlib\syscalls.o
                0x0800fd38                _exit
 .text.HAL_ADC_ConvCpltCallback
                0x0800fd40        0x4 libraries\STM32F1xx_HAL\STM32F1xx_HAL_Driver\Src\stm32f1xx_hal_adc.o
                0x0800fd40                HAL_ADC_ConvCpltCallback
 .text.ADC_DMAConvCplt
                0x0800fd44       0x50 libraries\STM32F1xx_HAL\STM32F1xx_HAL_Driver\Src\stm32f1xx_hal_adc.o
                0x0800fd44                ADC_DMAConvCplt
 .text.HAL_ADC_ConvHalfCpltCallback
                0x0800fd94        0x4 libraries\STM32F1xx_HAL\STM32F1xx_HAL_Driver\Src\stm32f1xx_hal_adc.o
                0x0800fd94                HAL_ADC_ConvHalfCpltCallback
 .text.ADC_DMAHalfConvCplt
                0x0800fd98        0xc libraries\STM32F1xx_HAL\STM32F1xx_HAL_Driver\Src\stm32f1xx_hal_adc.o
                0x0800fd98                ADC_DMAHalfConvCplt
 .text.HAL_ADC_ErrorCallback
                0x0800fda4        0x4 libraries\STM32F1xx_HAL\STM32F1xx_HAL_Driver\Src\stm32f1xx_hal_adc.o
                0x0800fda4                HAL_ADC_ErrorCallback
 .text.ADC_DMAError
                0x0800fda8       0x1c libraries\STM32F1xx_HAL\STM32F1xx_HAL_Driver\Src\stm32f1xx_hal_adc.o
                0x0800fda8                ADC_DMAError
 .text.HAL_ADC_ConfigChannel
                0x0800fdc4      0x134 libraries\STM32F1xx_HAL\STM32F1xx_HAL_Driver\Src\stm32f1xx_hal_adc.o
                0x0800fdc4                HAL_ADC_ConfigChannel
 .text.ADC_Enable
                0x0800fef8       0x88 libraries\STM32F1xx_HAL\STM32F1xx_HAL_Driver\Src\stm32f1xx_hal_adc.o
                0x0800fef8                ADC_Enable
 .text.HAL_ADC_Start_DMA
                0x0800ff80      0x114 libraries\STM32F1xx_HAL\STM32F1xx_HAL_Driver\Src\stm32f1xx_hal_adc.o
                0x0800ff80                HAL_ADC_Start_DMA
 .text.ADC_ConversionStop_Disable
                0x08010094       0x54 libraries\STM32F1xx_HAL\STM32F1xx_HAL_Driver\Src\stm32f1xx_hal_adc.o
                0x08010094                ADC_ConversionStop_Disable
 .text.HAL_ADC_Init
                0x080100e8      0x158 libraries\STM32F1xx_HAL\STM32F1xx_HAL_Driver\Src\stm32f1xx_hal_adc.o
                0x080100e8                HAL_ADC_Init
 .text.HAL_DMA_Init
                0x08010240       0x90 libraries\STM32F1xx_HAL\STM32F1xx_HAL_Driver\Src\stm32f1xx_hal_dma.o
                0x08010240                HAL_DMA_Init
 .text.HAL_DMA_DeInit
                0x080102d0       0x88 libraries\STM32F1xx_HAL\STM32F1xx_HAL_Driver\Src\stm32f1xx_hal_dma.o
                0x080102d0                HAL_DMA_DeInit
 .text.HAL_DMA_Start_IT
                0x08010358       0x90 libraries\STM32F1xx_HAL\STM32F1xx_HAL_Driver\Src\stm32f1xx_hal_dma.o
                0x08010358                HAL_DMA_Start_IT
 .text.HAL_DMA_Abort
                0x080103e8       0x44 libraries\STM32F1xx_HAL\STM32F1xx_HAL_Driver\Src\stm32f1xx_hal_dma.o
                0x080103e8                HAL_DMA_Abort
 .text.HAL_DMA_Abort_IT
                0x0801042c      0x13c libraries\STM32F1xx_HAL\STM32F1xx_HAL_Driver\Src\stm32f1xx_hal_dma.o
                0x0801042c                HAL_DMA_Abort_IT
 .text.HAL_DMA_IRQHandler
                0x08010568      0x2a8 libraries\STM32F1xx_HAL\STM32F1xx_HAL_Driver\Src\stm32f1xx_hal_dma.o
                0x08010568                HAL_DMA_IRQHandler
 .text.SystemInit
                0x08010810        0x4 libraries\STM32F1xx_HAL\CMSIS\Device\ST\STM32F1xx\Source\Templates\system_stm32f1xx.o
                0x08010810                SystemInit
 .text.HAL_Init
                0x08010814       0x24 libraries\STM32F1xx_HAL\STM32F1xx_HAL_Driver\Src\stm32f1xx_hal.o
                0x08010814                HAL_Init
 .text.HAL_RCCEx_PeriphCLKConfig
                0x08010838      0x104 libraries\STM32F1xx_HAL\STM32F1xx_HAL_Driver\Src\stm32f1xx_hal_rcc_ex.o
                0x08010838                HAL_RCCEx_PeriphCLKConfig
 .text.HAL_DAC_Init
                0x0801093c       0x2c libraries\STM32F1xx_HAL\STM32F1xx_HAL_Driver\Src\stm32f1xx_hal_dac.o
                0x0801093c                HAL_DAC_Init
 .text.HAL_DAC_Start
                0x08010968       0x60 libraries\STM32F1xx_HAL\STM32F1xx_HAL_Driver\Src\stm32f1xx_hal_dac.o
                0x08010968                HAL_DAC_Start
 .text.HAL_DAC_SetValue
                0x080109c8       0x2c libraries\STM32F1xx_HAL\STM32F1xx_HAL_Driver\Src\stm32f1xx_hal_dac.o
                0x080109c8                HAL_DAC_SetValue
 .text.HAL_DAC_ConfigChannel
                0x080109f4       0x54 libraries\STM32F1xx_HAL\STM32F1xx_HAL_Driver\Src\stm32f1xx_hal_dac.o
                0x080109f4                HAL_DAC_ConfigChannel
 .text.HAL_TIMEx_MasterConfigSynchronization
                0x08010a48       0x74 libraries\STM32F1xx_HAL\STM32F1xx_HAL_Driver\Src\stm32f1xx_hal_tim_ex.o
                0x08010a48                HAL_TIMEx_MasterConfigSynchronization
 .text.UART_SetConfig
                0x08010abc       0x84 libraries\STM32F1xx_HAL\STM32F1xx_HAL_Driver\Src\stm32f1xx_hal_uart.o
 .text.HAL_UART_Init
                0x08010b40       0x60 libraries\STM32F1xx_HAL\STM32F1xx_HAL_Driver\Src\stm32f1xx_hal_uart.o
                0x08010b40                HAL_UART_Init
 .text.HAL_UART_DeInit
                0x08010ba0       0x34 libraries\STM32F1xx_HAL\STM32F1xx_HAL_Driver\Src\stm32f1xx_hal_uart.o
                0x08010ba0                HAL_UART_DeInit
 .text.HAL_UART_Transmit_DMA
                0x08010bd4       0x78 libraries\STM32F1xx_HAL\STM32F1xx_HAL_Driver\Src\stm32f1xx_hal_uart.o
                0x08010bd4                HAL_UART_Transmit_DMA
 .text.HAL_UART_DMAStop
                0x08010c4c       0x90 libraries\STM32F1xx_HAL\STM32F1xx_HAL_Driver\Src\stm32f1xx_hal_uart.o
                0x08010c4c                HAL_UART_DMAStop
 .text.UART_DMATransmitCplt
                0x08010cdc       0x2c libraries\STM32F1xx_HAL\STM32F1xx_HAL_Driver\Src\stm32f1xx_hal_uart.o
 .text.HAL_UART_TxHalfCpltCallback
                0x08010d08        0x4 libraries\STM32F1xx_HAL\STM32F1xx_HAL_Driver\Src\stm32f1xx_hal_uart.o
                0x08010d08                HAL_UART_TxHalfCpltCallback
 .text.UART_DMATxHalfCplt
                0x08010d0c        0xc libraries\STM32F1xx_HAL\STM32F1xx_HAL_Driver\Src\stm32f1xx_hal_uart.o
 .text.UART_DMAError
                0x08010d18       0x7c libraries\STM32F1xx_HAL\STM32F1xx_HAL_Driver\Src\stm32f1xx_hal_uart.o
 .text.UART_DMAAbortOnError
                0x08010d94       0x10 libraries\STM32F1xx_HAL\STM32F1xx_HAL_Driver\Src\stm32f1xx_hal_uart.o
 .text.HAL_UARTEx_RxEventCallback
                0x08010da4        0x4 libraries\STM32F1xx_HAL\STM32F1xx_HAL_Driver\Src\stm32f1xx_hal_uart.o
                0x08010da4                HAL_UARTEx_RxEventCallback
 .text.UART_DMARxHalfCplt
                0x08010da8       0x1c libraries\STM32F1xx_HAL\STM32F1xx_HAL_Driver\Src\stm32f1xx_hal_uart.o
 .text.UART_DMAReceiveCplt
                0x08010dc4       0x54 libraries\STM32F1xx_HAL\STM32F1xx_HAL_Driver\Src\stm32f1xx_hal_uart.o
 .text.UART_Receive_IT.part.0.isra.0
                0x08010e18       0xb8 libraries\STM32F1xx_HAL\STM32F1xx_HAL_Driver\Src\stm32f1xx_hal_uart.o
 .text.HAL_UART_IRQHandler
                0x08010ed0      0x268 libraries\STM32F1xx_HAL\STM32F1xx_HAL_Driver\Src\stm32f1xx_hal_uart.o
                0x08010ed0                HAL_UART_IRQHandler
 .text.UART_Start_Receive_DMA
                0x08011138       0x70 libraries\STM32F1xx_HAL\STM32F1xx_HAL_Driver\Src\stm32f1xx_hal_uart.o
                0x08011138                UART_Start_Receive_DMA
 .text.HAL_UART_Receive_DMA
                0x080111a8       0x38 libraries\STM32F1xx_HAL\STM32F1xx_HAL_Driver\Src\stm32f1xx_hal_uart.o
                0x080111a8                HAL_UART_Receive_DMA
 .text.HAL_GPIO_Init
                0x080111e0      0x250 libraries\STM32F1xx_HAL\STM32F1xx_HAL_Driver\Src\stm32f1xx_hal_gpio.o
                0x080111e0                HAL_GPIO_Init
 .text.HAL_GPIO_DeInit
                0x08011430      0x13c libraries\STM32F1xx_HAL\STM32F1xx_HAL_Driver\Src\stm32f1xx_hal_gpio.o
                0x08011430                HAL_GPIO_DeInit
 .text.HAL_GPIO_ReadPin
                0x0801156c        0xc libraries\STM32F1xx_HAL\STM32F1xx_HAL_Driver\Src\stm32f1xx_hal_gpio.o
                0x0801156c                HAL_GPIO_ReadPin
 .text.HAL_GPIO_WritePin
                0x08011578        0x8 libraries\STM32F1xx_HAL\STM32F1xx_HAL_Driver\Src\stm32f1xx_hal_gpio.o
                0x08011578                HAL_GPIO_WritePin
 .text.HAL_GPIO_TogglePin
                0x08011580       0x14 libraries\STM32F1xx_HAL\STM32F1xx_HAL_Driver\Src\stm32f1xx_hal_gpio.o
                0x08011580                HAL_GPIO_TogglePin
 .text.HAL_GPIO_EXTI_IRQHandler
                0x08011594       0x18 libraries\STM32F1xx_HAL\STM32F1xx_HAL_Driver\Src\stm32f1xx_hal_gpio.o
                0x08011594                HAL_GPIO_EXTI_IRQHandler
 .text.HAL_NVIC_SetPriorityGrouping
                0x080115ac       0x24 libraries\STM32F1xx_HAL\STM32F1xx_HAL_Driver\Src\stm32f1xx_hal_cortex.o
                0x080115ac                HAL_NVIC_SetPriorityGrouping
 .text.HAL_NVIC_SetPriority
                0x080115d0       0x7c libraries\STM32F1xx_HAL\STM32F1xx_HAL_Driver\Src\stm32f1xx_hal_cortex.o
                0x080115d0                HAL_NVIC_SetPriority
 .text.HAL_NVIC_EnableIRQ
                0x0801164c       0x1c libraries\STM32F1xx_HAL\STM32F1xx_HAL_Driver\Src\stm32f1xx_hal_cortex.o
                0x0801164c                HAL_NVIC_EnableIRQ
 .text.HAL_NVIC_DisableIRQ
                0x08011668       0x28 libraries\STM32F1xx_HAL\STM32F1xx_HAL_Driver\Src\stm32f1xx_hal_cortex.o
                0x08011668                HAL_NVIC_DisableIRQ
 .text.HAL_SYSTICK_Config
                0x08011690       0x30 libraries\STM32F1xx_HAL\STM32F1xx_HAL_Driver\Src\stm32f1xx_hal_cortex.o
                0x08011690                HAL_SYSTICK_Config
 .text.HAL_RCC_OscConfig
                0x080116c0      0x3e0 libraries\STM32F1xx_HAL\STM32F1xx_HAL_Driver\Src\stm32f1xx_hal_rcc.o
                0x080116c0                HAL_RCC_OscConfig
 .text.HAL_RCC_GetSysClockFreq
                0x08011aa0       0x78 libraries\STM32F1xx_HAL\STM32F1xx_HAL_Driver\Src\stm32f1xx_hal_rcc.o
                0x08011aa0                HAL_RCC_GetSysClockFreq
 .text.HAL_RCC_ClockConfig
                0x08011b18      0x140 libraries\STM32F1xx_HAL\STM32F1xx_HAL_Driver\Src\stm32f1xx_hal_rcc.o
                0x08011b18                HAL_RCC_ClockConfig
 .text.HAL_RCC_GetPCLK1Freq
                0x08011c58       0x20 libraries\STM32F1xx_HAL\STM32F1xx_HAL_Driver\Src\stm32f1xx_hal_rcc.o
                0x08011c58                HAL_RCC_GetPCLK1Freq
 .text.HAL_RCC_GetPCLK2Freq
                0x08011c78       0x20 libraries\STM32F1xx_HAL\STM32F1xx_HAL_Driver\Src\stm32f1xx_hal_rcc.o
                0x08011c78                HAL_RCC_GetPCLK2Freq
 .text.TIM_OC1_SetConfig
                0x08011c98       0x60 libraries\STM32F1xx_HAL\STM32F1xx_HAL_Driver\Src\stm32f1xx_hal_tim.o
 .text.TIM_OC3_SetConfig
                0x08011cf8       0x64 libraries\STM32F1xx_HAL\STM32F1xx_HAL_Driver\Src\stm32f1xx_hal_tim.o
 .text.TIM_OC4_SetConfig
                0x08011d5c       0x54 libraries\STM32F1xx_HAL\STM32F1xx_HAL_Driver\Src\stm32f1xx_hal_tim.o
 .text.HAL_TIM_OC_Start
                0x08011db0       0xd4 libraries\STM32F1xx_HAL\STM32F1xx_HAL_Driver\Src\stm32f1xx_hal_tim.o
                0x08011db0                HAL_TIM_OC_Start
 .text.HAL_TIM_PWM_MspInit
                0x08011e84        0x4 libraries\STM32F1xx_HAL\STM32F1xx_HAL_Driver\Src\stm32f1xx_hal_tim.o
                0x08011e84                HAL_TIM_PWM_MspInit
 .text.HAL_TIM_PWM_Start
                0x08011e88        0x4 libraries\STM32F1xx_HAL\STM32F1xx_HAL_Driver\Src\stm32f1xx_hal_tim.o
                0x08011e88                HAL_TIM_PWM_Start
 .text.HAL_TIM_ConfigClockSource
                0x08011e8c      0x14c libraries\STM32F1xx_HAL\STM32F1xx_HAL_Driver\Src\stm32f1xx_hal_tim.o
                0x08011e8c                HAL_TIM_ConfigClockSource
 .text.TIM_Base_SetConfig
                0x08011fd8       0xa8 libraries\STM32F1xx_HAL\STM32F1xx_HAL_Driver\Src\stm32f1xx_hal_tim.o
                0x08011fd8                TIM_Base_SetConfig
 .text.HAL_TIM_Base_Init
                0x08012080       0x5c libraries\STM32F1xx_HAL\STM32F1xx_HAL_Driver\Src\stm32f1xx_hal_tim.o
                0x08012080                HAL_TIM_Base_Init
 .text.HAL_TIM_PWM_Init
                0x080120dc       0x5c libraries\STM32F1xx_HAL\STM32F1xx_HAL_Driver\Src\stm32f1xx_hal_tim.o
                0x080120dc                HAL_TIM_PWM_Init
 .text.TIM_OC2_SetConfig
                0x08012138       0x68 libraries\STM32F1xx_HAL\STM32F1xx_HAL_Driver\Src\stm32f1xx_hal_tim.o
                0x08012138                TIM_OC2_SetConfig
 .text.HAL_TIM_PWM_ConfigChannel
                0x080121a0       0xdc libraries\STM32F1xx_HAL\STM32F1xx_HAL_Driver\Src\stm32f1xx_hal_tim.o
                0x080121a0                HAL_TIM_PWM_ConfigChannel
 .text.FLASH_SetErrorCode
                0x0801227c       0x54 libraries\STM32F1xx_HAL\STM32F1xx_HAL_Driver\Src\stm32f1xx_hal_flash.o
 .text.HAL_FLASH_Unlock
                0x080122d0       0x28 libraries\STM32F1xx_HAL\STM32F1xx_HAL_Driver\Src\stm32f1xx_hal_flash.o
                0x080122d0                HAL_FLASH_Unlock
 .text.HAL_FLASH_Lock
                0x080122f8       0x14 libraries\STM32F1xx_HAL\STM32F1xx_HAL_Driver\Src\stm32f1xx_hal_flash.o
                0x080122f8                HAL_FLASH_Lock
 .text.FLASH_WaitForLastOperation
                0x0801230c       0x58 libraries\STM32F1xx_HAL\STM32F1xx_HAL_Driver\Src\stm32f1xx_hal_flash.o
                0x0801230c                FLASH_WaitForLastOperation
 .text.HAL_FLASH_Program
                0x08012364       0xa8 libraries\STM32F1xx_HAL\STM32F1xx_HAL_Driver\Src\stm32f1xx_hal_flash.o
                0x08012364                HAL_FLASH_Program
 .text.HAL_FLASHEx_Erase
                0x0801240c       0xc4 libraries\STM32F1xx_HAL\STM32F1xx_HAL_Driver\Src\stm32f1xx_hal_flash_ex.o
                0x0801240c                HAL_FLASHEx_Erase
 .text.stm32_pin_get
                0x080124d0       0x5c libraries\HAL_Drivers\drv_gpio.o
 .text.stm32_pin_dettach_irq
                0x0801252c       0x74 libraries\HAL_Drivers\drv_gpio.o
 .text.stm32_pin_attach_irq
                0x080125a0       0xa4 libraries\HAL_Drivers\drv_gpio.o
 .text.stm32_pin_mode
                0x08012644       0x58 libraries\HAL_Drivers\drv_gpio.o
 .text.stm32_pin_irq_enable
                0x0801269c      0x164 libraries\HAL_Drivers\drv_gpio.o
 .text.stm32_pin_read
                0x08012800       0x28 libraries\HAL_Drivers\drv_gpio.o
 .text.stm32_pin_write
                0x08012828       0x24 libraries\HAL_Drivers\drv_gpio.o
 .text.HAL_GPIO_EXTI_Callback
                0x0801284c       0x34 libraries\HAL_Drivers\drv_gpio.o
                0x0801284c                HAL_GPIO_EXTI_Callback
 .text.EXTI0_IRQHandler
                0x08012880       0x14 libraries\HAL_Drivers\drv_gpio.o
                0x08012880                EXTI0_IRQHandler
 .text.EXTI1_IRQHandler
                0x08012894       0x14 libraries\HAL_Drivers\drv_gpio.o
                0x08012894                EXTI1_IRQHandler
 .text.EXTI2_IRQHandler
                0x080128a8       0x14 libraries\HAL_Drivers\drv_gpio.o
                0x080128a8                EXTI2_IRQHandler
 .text.EXTI3_IRQHandler
                0x080128bc       0x14 libraries\HAL_Drivers\drv_gpio.o
                0x080128bc                EXTI3_IRQHandler
 .text.EXTI4_IRQHandler
                0x080128d0       0x14 libraries\HAL_Drivers\drv_gpio.o
                0x080128d0                EXTI4_IRQHandler
 .text.EXTI9_5_IRQHandler
                0x080128e4       0x30 libraries\HAL_Drivers\drv_gpio.o
                0x080128e4                EXTI9_5_IRQHandler
 .text.EXTI15_10_IRQHandler
                0x08012914       0x40 libraries\HAL_Drivers\drv_gpio.o
                0x08012914                EXTI15_10_IRQHandler
 .text.rt_hw_pin_init
                0x08012954       0xa0 libraries\HAL_Drivers\drv_gpio.o
                0x08012954                rt_hw_pin_init
 .text.stm32_putc
                0x080129f4       0x34 libraries\HAL_Drivers\drv_usart.o
 .text.stm32_getc
                0x08012a28       0x58 libraries\HAL_Drivers\drv_usart.o
 .text.stm32_control
                0x08012a80      0x308 libraries\HAL_Drivers\drv_usart.o
 .text.stm32_configure
                0x08012d88       0xdc libraries\HAL_Drivers\drv_usart.o
 .text.dma_isr  0x08012e64       0x50 libraries\HAL_Drivers\drv_usart.o
 .text.stm32_dma_transmit
                0x08012eb4       0x58 libraries\HAL_Drivers\drv_usart.o
 .text.USART1_IRQHandler
                0x08012f0c      0x150 libraries\HAL_Drivers\drv_usart.o
                0x08012f0c                USART1_IRQHandler
 .text.HAL_UART_ErrorCallback
                0x0801305c       0x18 libraries\HAL_Drivers\drv_usart.o
                0x0801305c                HAL_UART_ErrorCallback
 .text.HAL_UART_RxCpltCallback
                0x08013074       0x34 libraries\HAL_Drivers\drv_usart.o
                0x08013074                HAL_UART_RxCpltCallback
 .text.HAL_UART_RxHalfCpltCallback
                0x080130a8       0x34 libraries\HAL_Drivers\drv_usart.o
                0x080130a8                HAL_UART_RxHalfCpltCallback
 .text.HAL_UART_TxCpltCallback
                0x080130dc       0x3c libraries\HAL_Drivers\drv_usart.o
                0x080130dc                HAL_UART_TxCpltCallback
 .text.rt_hw_usart_init
                0x08013118       0x68 libraries\HAL_Drivers\drv_usart.o
                0x08013118                rt_hw_usart_init
 .text.reboot   0x08013180        0x4 libraries\HAL_Drivers\drv_common.o
 .text.SysTick_Handler
                0x08013184       0x30 libraries\HAL_Drivers\drv_common.o
                0x08013184                SysTick_Handler
 .text.HAL_GetTick
                0x080131b4       0x24 libraries\HAL_Drivers\drv_common.o
                0x080131b4                HAL_GetTick
 .text.HAL_Delay
                0x080131d8       0x68 libraries\HAL_Drivers\drv_common.o
                0x080131d8                HAL_Delay
 .text.HAL_InitTick
                0x08013240       0x38 libraries\HAL_Drivers\drv_common.o
                0x08013240                HAL_InitTick
 .text.rt_hw_board_init
                0x08013278       0x44 libraries\HAL_Drivers\drv_common.o
                0x08013278                rt_hw_board_init
 .text.atof     0x080132bc        0x8 g:/rt-threadstudio/platform/env_released/env/tools/gnu_gcc/arm_gcc/mingw/bin/../lib/gcc/arm-none-eabi/10.3.1/../../../../arm-none-eabi/lib/thumb/v7-m/nofp\libc.a(lib_a-atof.o)
                0x080132bc                atof
 .text.atoi     0x080132c4        0x8 g:/rt-threadstudio/platform/env_released/env/tools/gnu_gcc/arm_gcc/mingw/bin/../lib/gcc/arm-none-eabi/10.3.1/../../../../arm-none-eabi/lib/thumb/v7-m/nofp\libc.a(lib_a-atoi.o)
                0x080132c4                atoi
 .text.memcmp   0x080132cc       0x68 g:/rt-threadstudio/platform/env_released/env/tools/gnu_gcc/arm_gcc/mingw/bin/../lib/gcc/arm-none-eabi/10.3.1/../../../../arm-none-eabi/lib/thumb/v7-m/nofp\libc.a(lib_a-memcmp.o)
                0x080132cc                memcmp
 .text.memmove  0x08013334       0xf8 g:/rt-threadstudio/platform/env_released/env/tools/gnu_gcc/arm_gcc/mingw/bin/../lib/gcc/arm-none-eabi/10.3.1/../../../../arm-none-eabi/lib/thumb/v7-m/nofp\libc.a(lib_a-memmove.o)
                0x08013334                memmove
 .text.memset   0x0801342c       0xa4 g:/rt-threadstudio/platform/env_released/env/tools/gnu_gcc/arm_gcc/mingw/bin/../lib/gcc/arm-none-eabi/10.3.1/../../../../arm-none-eabi/lib/thumb/v7-m/nofp\libc.a(lib_a-memset.o)
                0x0801342c                memset
 .text.sprintf  0x080134d0       0x44 g:/rt-threadstudio/platform/env_released/env/tools/gnu_gcc/arm_gcc/mingw/bin/../lib/gcc/arm-none-eabi/10.3.1/../../../../arm-none-eabi/lib/thumb/v7-m/nofp\libc.a(lib_a-sprintf.o)
                0x080134d0                sprintf
 .text.strchr   0x08013514       0xcc g:/rt-threadstudio/platform/env_released/env/tools/gnu_gcc/arm_gcc/mingw/bin/../lib/gcc/arm-none-eabi/10.3.1/../../../../arm-none-eabi/lib/thumb/v7-m/nofp\libc.a(lib_a-strchr.o)
                0x08013514                strchr
 .text.strlen   0x080135e0       0x5c g:/rt-threadstudio/platform/env_released/env/tools/gnu_gcc/arm_gcc/mingw/bin/../lib/gcc/arm-none-eabi/10.3.1/../../../../arm-none-eabi/lib/thumb/v7-m/nofp\libc.a(lib_a-strlen-stub.o)
                0x080135e0                strlen
 .text.strncat  0x0801363c       0x5c g:/rt-threadstudio/platform/env_released/env/tools/gnu_gcc/arm_gcc/mingw/bin/../lib/gcc/arm-none-eabi/10.3.1/../../../../arm-none-eabi/lib/thumb/v7-m/nofp\libc.a(lib_a-strncat.o)
                0x0801363c                strncat
 .text.strncmp  0x08013698       0x7c g:/rt-threadstudio/platform/env_released/env/tools/gnu_gcc/arm_gcc/mingw/bin/../lib/gcc/arm-none-eabi/10.3.1/../../../../arm-none-eabi/lib/thumb/v7-m/nofp\libc.a(lib_a-strncmp.o)
                0x08013698                strncmp
 .text.strncpy  0x08013714       0x68 g:/rt-threadstudio/platform/env_released/env/tools/gnu_gcc/arm_gcc/mingw/bin/../lib/gcc/arm-none-eabi/10.3.1/../../../../arm-none-eabi/lib/thumb/v7-m/nofp\libc.a(lib_a-strncpy.o)
                0x08013714                strncpy
 .text.strrchr  0x0801377c       0x24 g:/rt-threadstudio/platform/env_released/env/tools/gnu_gcc/arm_gcc/mingw/bin/../lib/gcc/arm-none-eabi/10.3.1/../../../../arm-none-eabi/lib/thumb/v7-m/nofp\libc.a(lib_a-strrchr.o)
                0x0801377c                strrchr
 .text.two_way_long_needle
                0x080137a0      0x2b8 g:/rt-threadstudio/platform/env_released/env/tools/gnu_gcc/arm_gcc/mingw/bin/../lib/gcc/arm-none-eabi/10.3.1/../../../../arm-none-eabi/lib/thumb/v7-m/nofp\libc.a(lib_a-strstr.o)
 .text.strstr   0x08013a58      0x168 g:/rt-threadstudio/platform/env_released/env/tools/gnu_gcc/arm_gcc/mingw/bin/../lib/gcc/arm-none-eabi/10.3.1/../../../../arm-none-eabi/lib/thumb/v7-m/nofp\libc.a(lib_a-strstr.o)
                0x08013a58                strstr
 .text._strtod_l
                0x08013bc0      0xf38 g:/rt-threadstudio/platform/env_released/env/tools/gnu_gcc/arm_gcc/mingw/bin/../lib/gcc/arm-none-eabi/10.3.1/../../../../arm-none-eabi/lib/thumb/v7-m/nofp\libc.a(lib_a-strtod.o)
                0x08013bc0                _strtod_l
 .text.strtod   0x08014af8       0x18 g:/rt-threadstudio/platform/env_released/env/tools/gnu_gcc/arm_gcc/mingw/bin/../lib/gcc/arm-none-eabi/10.3.1/../../../../arm-none-eabi/lib/thumb/v7-m/nofp\libc.a(lib_a-strtod.o)
                0x08014af8                strtod
 .text._strtol_l.part.0
                0x08014b10      0x120 g:/rt-threadstudio/platform/env_released/env/tools/gnu_gcc/arm_gcc/mingw/bin/../lib/gcc/arm-none-eabi/10.3.1/../../../../arm-none-eabi/lib/thumb/v7-m/nofp\libc.a(lib_a-strtol.o)
 .text.strtol   0x08014c30       0x2c g:/rt-threadstudio/platform/env_released/env/tools/gnu_gcc/arm_gcc/mingw/bin/../lib/gcc/arm-none-eabi/10.3.1/../../../../arm-none-eabi/lib/thumb/v7-m/nofp\libc.a(lib_a-strtol.o)
                0x08014c30                strtol
 .text._svfprintf_r
                0x08014c5c     0x1aa4 g:/rt-threadstudio/platform/env_released/env/tools/gnu_gcc/arm_gcc/mingw/bin/../lib/gcc/arm-none-eabi/10.3.1/../../../../arm-none-eabi/lib/thumb/v7-m/nofp\libc.a(lib_a-svfprintf.o)
                0x08014c5c                _svfprintf_r
 .text.startup.register_fini
                0x08016700       0x14 g:/rt-threadstudio/platform/env_released/env/tools/gnu_gcc/arm_gcc/mingw/bin/../lib/gcc/arm-none-eabi/10.3.1/../../../../arm-none-eabi/lib/thumb/v7-m/nofp\libc.a(lib_a-__call_atexit.o)
 .text.atexit   0x08016714        0xc g:/rt-threadstudio/platform/env_released/env/tools/gnu_gcc/arm_gcc/mingw/bin/../lib/gcc/arm-none-eabi/10.3.1/../../../../arm-none-eabi/lib/thumb/v7-m/nofp\libc.a(lib_a-atexit.o)
                0x08016714                atexit
 .text.quorem   0x08016720      0x12c g:/rt-threadstudio/platform/env_released/env/tools/gnu_gcc/arm_gcc/mingw/bin/../lib/gcc/arm-none-eabi/10.3.1/../../../../arm-none-eabi/lib/thumb/v7-m/nofp\libc.a(lib_a-dtoa.o)
 *fill*         0x0801684c        0x4 00000000
 .text._dtoa_r  0x08016850      0xecc g:/rt-threadstudio/platform/env_released/env/tools/gnu_gcc/arm_gcc/mingw/bin/../lib/gcc/arm-none-eabi/10.3.1/../../../../arm-none-eabi/lib/thumb/v7-m/nofp\libc.a(lib_a-dtoa.o)
                0x08016850                _dtoa_r
 .text.__libc_fini_array