<!doctype html public "-//w3c//dtd html 4.0 transitional//en">
<html><head>
<title>Static Call Graph - [.\Objects\rt-thread.axf]</title></head>
<body><HR>
<H1>Static Call Graph for image .\Objects\rt-thread.axf</H1><HR>
<BR><P>#&#060CALLGRAPH&#062# ARM Linker, 5060750: Last Updated: Thu Oct 06 10:31:45 2022
<BR><P>
<H3>Maximum Stack Usage =       1432 bytes + Unknown(Functions without stacksize, Cycles, Untraceable Function Pointers)</H3><H3>
Call chain for Maximum Stack Depth:</H3>
cmd_cp &rArr; copy &rArr; copydir &rArr;  copydir (Cycle)
<P>
<H3>
Functions with no stack information
</H3><UL>
 <LI><a href="#[115]">__user_initial_stackheap</a>
</UL>
</UL>
<P>
<H3>
Mutually Recursive functions
</H3> <LI><a href="#[180]">rt_assert_handler</a>&nbsp;&nbsp;&nbsp;&rArr;&nbsp;&nbsp;&nbsp;<a href="#[131]">rt_kprintf</a><BR>
 <LI><a href="#[14]">NMI_Handler</a>&nbsp;&nbsp;&nbsp;&rArr;&nbsp;&nbsp;&nbsp;<a href="#[14]">NMI_Handler</a><BR>
 <LI><a href="#[16]">MemManage_Handler</a>&nbsp;&nbsp;&nbsp;&rArr;&nbsp;&nbsp;&nbsp;<a href="#[16]">MemManage_Handler</a><BR>
 <LI><a href="#[17]">BusFault_Handler</a>&nbsp;&nbsp;&nbsp;&rArr;&nbsp;&nbsp;&nbsp;<a href="#[17]">BusFault_Handler</a><BR>
 <LI><a href="#[18]">UsageFault_Handler</a>&nbsp;&nbsp;&nbsp;&rArr;&nbsp;&nbsp;&nbsp;<a href="#[18]">UsageFault_Handler</a><BR>
 <LI><a href="#[19]">SVC_Handler</a>&nbsp;&nbsp;&nbsp;&rArr;&nbsp;&nbsp;&nbsp;<a href="#[19]">SVC_Handler</a><BR>
 <LI><a href="#[1a]">DebugMon_Handler</a>&nbsp;&nbsp;&nbsp;&rArr;&nbsp;&nbsp;&nbsp;<a href="#[1a]">DebugMon_Handler</a><BR>
 <LI><a href="#[2f]">ADC1_2_IRQHandler</a>&nbsp;&nbsp;&nbsp;&rArr;&nbsp;&nbsp;&nbsp;<a href="#[2f]">ADC1_2_IRQHandler</a><BR>
 <LI><a href="#[291]">msh_exec_script</a>&nbsp;&nbsp;&nbsp;&rArr;&nbsp;&nbsp;&nbsp;<a href="#[26a]">msh_exec</a><BR>
 <LI><a href="#[10]">contrl_thread_entry</a>&nbsp;&nbsp;&nbsp;&rArr;&nbsp;&nbsp;&nbsp;<a href="#[10]">contrl_thread_entry</a><BR>
 <LI><a href="#[f]">sampling_thread_entry</a>&nbsp;&nbsp;&nbsp;&rArr;&nbsp;&nbsp;&nbsp;<a href="#[f]">sampling_thread_entry</a><BR>
 <LI><a href="#[23b]">copydir</a>&nbsp;&nbsp;&nbsp;&rArr;&nbsp;&nbsp;&nbsp;<a href="#[23b]">copydir</a><BR>
 <LI><a href="#[231]">directory_delete_for_msh</a>&nbsp;&nbsp;&nbsp;&rArr;&nbsp;&nbsp;&nbsp;<a href="#[231]">directory_delete_for_msh</a><BR>
</UL>
<P>
<H3>
Function Pointers
</H3><UL>
 <LI><a href="#[2f]">ADC1_2_IRQHandler</a> from startup_stm32f103xe.o(.text) referenced from startup_stm32f103xe.o(RESET)
 <LI><a href="#[4c]">ADC3_IRQHandler</a> from startup_stm32f103xe.o(.text) referenced from startup_stm32f103xe.o(RESET)
 <LI><a href="#[6a]">ADC_DMAConvCplt</a> from stm32f1xx_hal_adc.o(i.ADC_DMAConvCplt) referenced from stm32f1xx_hal_adc.o(i.HAL_ADC_Start_DMA)
 <LI><a href="#[6c]">ADC_DMAError</a> from stm32f1xx_hal_adc.o(i.ADC_DMAError) referenced from stm32f1xx_hal_adc.o(i.HAL_ADC_Start_DMA)
 <LI><a href="#[6b]">ADC_DMAHalfConvCplt</a> from stm32f1xx_hal_adc.o(i.ADC_DMAHalfConvCplt) referenced from stm32f1xx_hal_adc.o(i.HAL_ADC_Start_DMA)
 <LI><a href="#[17]">BusFault_Handler</a> from startup_stm32f103xe.o(.text) referenced from startup_stm32f103xe.o(RESET)
 <LI><a href="#[32]">CAN1_RX1_IRQHandler</a> from startup_stm32f103xe.o(.text) referenced from startup_stm32f103xe.o(RESET)
 <LI><a href="#[33]">CAN1_SCE_IRQHandler</a> from startup_stm32f103xe.o(.text) referenced from startup_stm32f103xe.o(RESET)
 <LI><a href="#[28]">DMA1_Channel1_IRQHandler</a> from stm32_irq.o(i.DMA1_Channel1_IRQHandler) referenced from startup_stm32f103xe.o(RESET)
 <LI><a href="#[29]">DMA1_Channel2_IRQHandler</a> from stm32_irq.o(i.DMA1_Channel2_IRQHandler) referenced from startup_stm32f103xe.o(RESET)
 <LI><a href="#[2a]">DMA1_Channel3_IRQHandler</a> from stm32_irq.o(i.DMA1_Channel3_IRQHandler) referenced from startup_stm32f103xe.o(RESET)
 <LI><a href="#[2b]">DMA1_Channel4_IRQHandler</a> from stm32_irq.o(i.DMA1_Channel4_IRQHandler) referenced from startup_stm32f103xe.o(RESET)
 <LI><a href="#[2c]">DMA1_Channel5_IRQHandler</a> from stm32_irq.o(i.DMA1_Channel5_IRQHandler) referenced from startup_stm32f103xe.o(RESET)
 <LI><a href="#[2d]">DMA1_Channel6_IRQHandler</a> from stm32_irq.o(i.DMA1_Channel6_IRQHandler) referenced from startup_stm32f103xe.o(RESET)
 <LI><a href="#[2e]">DMA1_Channel7_IRQHandler</a> from stm32_irq.o(i.DMA1_Channel7_IRQHandler) referenced from startup_stm32f103xe.o(RESET)
 <LI><a href="#[55]">DMA2_Channel1_IRQHandler</a> from startup_stm32f103xe.o(.text) referenced from startup_stm32f103xe.o(RESET)
 <LI><a href="#[56]">DMA2_Channel2_IRQHandler</a> from startup_stm32f103xe.o(.text) referenced from startup_stm32f103xe.o(RESET)
 <LI><a href="#[57]">DMA2_Channel3_IRQHandler</a> from startup_stm32f103xe.o(.text) referenced from startup_stm32f103xe.o(RESET)
 <LI><a href="#[58]">DMA2_Channel4_5_IRQHandler</a> from startup_stm32f103xe.o(.text) referenced from startup_stm32f103xe.o(RESET)
 <LI><a href="#[1a]">DebugMon_Handler</a> from startup_stm32f103xe.o(.text) referenced from startup_stm32f103xe.o(RESET)
 <LI><a href="#[6]">Dwin_Back_ParamHandle</a> from dwin_port.o(i.Dwin_Back_ParamHandle) referenced 18 times from dwin_port.o(.data)
 <LI><a href="#[9]">Dwin_CancelHandle</a> from dwin_port.o(i.Dwin_CancelHandle) referenced 2 times from dwin_port.o(.data)
 <LI><a href="#[7]">Dwin_Cur_Operate_Distinguish</a> from dwin_port.o(i.Dwin_Cur_Operate_Distinguish) referenced 2 times from dwin_port.o(.data)
 <LI><a href="#[89]">Dwin_ErrorHandle</a> from dwin_port.o(i.Dwin_ErrorHandle) referenced from dwin_port.o(.constdata)
 <LI><a href="#[5]">Dwin_LimitHandle</a> from dwin_port.o(i.Dwin_LimitHandle) referenced 20 times from dwin_port.o(.data)
 <LI><a href="#[64]">Dwin_PageChange</a> from dwin.o(i.Dwin_PageChange) referenced from dwin.o(i.Create_DwinObject)
 <LI><a href="#[65]">Dwin_Poll</a> from dwin.o(i.Dwin_Poll) referenced from dwin.o(i.Create_DwinObject)
 <LI><a href="#[63]">Dwin_Read</a> from dwin.o(i.Dwin_Read) referenced from dwin.o(i.Create_DwinObject)
 <LI><a href="#[88]">Dwin_Send</a> from dwin_port.o(i.Dwin_Send) referenced from dwin_port.o(.constdata)
 <LI><a href="#[8]">Dwin_SureHandle</a> from dwin_port.o(i.Dwin_SureHandle) referenced 2 times from dwin_port.o(.data)
 <LI><a href="#[62]">Dwin_Write</a> from dwin.o(i.Dwin_Write) referenced from dwin.o(i.Create_DwinObject)
 <LI><a href="#[23]">EXTI0_IRQHandler</a> from drv_gpio.o(i.EXTI0_IRQHandler) referenced from startup_stm32f103xe.o(RESET)
 <LI><a href="#[45]">EXTI15_10_IRQHandler</a> from drv_gpio.o(i.EXTI15_10_IRQHandler) referenced from startup_stm32f103xe.o(RESET)
 <LI><a href="#[24]">EXTI1_IRQHandler</a> from drv_gpio.o(i.EXTI1_IRQHandler) referenced from startup_stm32f103xe.o(RESET)
 <LI><a href="#[25]">EXTI2_IRQHandler</a> from drv_gpio.o(i.EXTI2_IRQHandler) referenced from startup_stm32f103xe.o(RESET)
 <LI><a href="#[26]">EXTI3_IRQHandler</a> from drv_gpio.o(i.EXTI3_IRQHandler) referenced from startup_stm32f103xe.o(RESET)
 <LI><a href="#[27]">EXTI4_IRQHandler</a> from drv_gpio.o(i.EXTI4_IRQHandler) referenced from startup_stm32f103xe.o(RESET)
 <LI><a href="#[34]">EXTI9_5_IRQHandler</a> from drv_gpio.o(i.EXTI9_5_IRQHandler) referenced from startup_stm32f103xe.o(RESET)
 <LI><a href="#[21]">FLASH_IRQHandler</a> from startup_stm32f103xe.o(.text) referenced from startup_stm32f103xe.o(RESET)
 <LI><a href="#[4d]">FSMC_IRQHandler</a> from startup_stm32f103xe.o(.text) referenced from startup_stm32f103xe.o(RESET)
 <LI><a href="#[15]">HardFault_Handler</a> from context_rvds.o(.text) referenced from startup_stm32f103xe.o(RESET)
 <LI><a href="#[3d]">I2C1_ER_IRQHandler</a> from startup_stm32f103xe.o(.text) referenced from startup_stm32f103xe.o(RESET)
 <LI><a href="#[3c]">I2C1_EV_IRQHandler</a> from startup_stm32f103xe.o(.text) referenced from startup_stm32f103xe.o(RESET)
 <LI><a href="#[3f]">I2C2_ER_IRQHandler</a> from startup_stm32f103xe.o(.text) referenced from startup_stm32f103xe.o(RESET)
 <LI><a href="#[3e]">I2C2_EV_IRQHandler</a> from startup_stm32f103xe.o(.text) referenced from startup_stm32f103xe.o(RESET)
 <LI><a href="#[16]">MemManage_Handler</a> from startup_stm32f103xe.o(.text) referenced from startup_stm32f103xe.o(RESET)
 <LI><a href="#[67]">Modbus_46H</a> from small_modbus.o(i.Modbus_46H) referenced from small_modbus.o(i.Create_ModObject)
 <LI><a href="#[8f]">Modbus_CallBack</a> from small_modbus_port.o(i.Modbus_CallBack) referenced from small_modbus_port.o(.constdata)
 <LI><a href="#[93]">Modbus_ErrorHadle</a> from small_modbus_port.o(i.Modbus_ErrorHadle) referenced from small_modbus_port.o(.constdata)
 <LI><a href="#[91]">Modbus_Lock</a> from small_modbus_port.o(i.Modbus_Lock) referenced from small_modbus_port.o(.constdata)
 <LI><a href="#[68]">Modbus_Master_Request</a> from small_modbus.o(i.Modbus_Master_Request) referenced from small_modbus.o(i.Create_ModObject)
 <LI><a href="#[69]">Modbus_Operatex</a> from small_modbus.o(i.Modbus_Operatex) referenced from small_modbus.o(i.Create_ModObject)
 <LI><a href="#[66]">Modbus_Poll</a> from small_modbus.o(i.Modbus_Poll) referenced from small_modbus.o(i.Create_ModObject)
 <LI><a href="#[8b]">Modbus_ReadXCoil</a> from small_modbus.o(i.Modbus_ReadXCoil) referenced from small_modbus.o(.constdata)
 <LI><a href="#[8d]">Modbus_ReadXRegister</a> from small_modbus.o(i.Modbus_ReadXRegister) referenced from small_modbus.o(.constdata)
 <LI><a href="#[90]">Modbus_Send</a> from small_modbus_port.o(i.Modbus_Send) referenced from small_modbus_port.o(.constdata)
 <LI><a href="#[92]">Modbus_UnLock</a> from small_modbus_port.o(i.Modbus_UnLock) referenced from small_modbus_port.o(.constdata)
 <LI><a href="#[8c]">Modbus_WriteCoil</a> from small_modbus.o(i.Modbus_WriteCoil) referenced from small_modbus.o(.constdata)
 <LI><a href="#[8e]">Modbus_WriteHoldRegister</a> from small_modbus.o(i.Modbus_WriteHoldRegister) referenced from small_modbus.o(.constdata)
 <LI><a href="#[14]">NMI_Handler</a> from startup_stm32f103xe.o(.text) referenced from startup_stm32f103xe.o(RESET)
 <LI><a href="#[1e]">PVD_IRQHandler</a> from startup_stm32f103xe.o(.text) referenced from startup_stm32f103xe.o(RESET)
 <LI><a href="#[1b]">PendSV_Handler</a> from context_rvds.o(.text) referenced from startup_stm32f103xe.o(RESET)
 <LI><a href="#[22]">RCC_IRQHandler</a> from startup_stm32f103xe.o(.text) referenced from startup_stm32f103xe.o(RESET)
 <LI><a href="#[46]">RTC_Alarm_IRQHandler</a> from startup_stm32f103xe.o(.text) referenced from startup_stm32f103xe.o(RESET)
 <LI><a href="#[20]">RTC_IRQHandler</a> from startup_stm32f103xe.o(.text) referenced from startup_stm32f103xe.o(RESET)
 <LI><a href="#[13]">Reset_Handler</a> from startup_stm32f103xe.o(.text) referenced from startup_stm32f103xe.o(RESET)
 <LI><a href="#[4e]">SDIO_IRQHandler</a> from startup_stm32f103xe.o(.text) referenced from startup_stm32f103xe.o(RESET)
 <LI><a href="#[40]">SPI1_IRQHandler</a> from startup_stm32f103xe.o(.text) referenced from startup_stm32f103xe.o(RESET)
 <LI><a href="#[41]">SPI2_IRQHandler</a> from startup_stm32f103xe.o(.text) referenced from startup_stm32f103xe.o(RESET)
 <LI><a href="#[50]">SPI3_IRQHandler</a> from startup_stm32f103xe.o(.text) referenced from startup_stm32f103xe.o(RESET)
 <LI><a href="#[19]">SVC_Handler</a> from startup_stm32f103xe.o(.text) referenced from startup_stm32f103xe.o(RESET)
 <LI><a href="#[1c]">SysTick_Handler</a> from drv_common.o(i.SysTick_Handler) referenced from startup_stm32f103xe.o(RESET)
 <LI><a href="#[59]">SystemInit</a> from system_stm32f1xx.o(i.SystemInit) referenced from startup_stm32f103xe.o(.text)
 <LI><a href="#[1f]">TAMPER_IRQHandler</a> from startup_stm32f103xe.o(.text) referenced from startup_stm32f103xe.o(RESET)
 <LI><a href="#[35]">TIM1_BRK_IRQHandler</a> from startup_stm32f103xe.o(.text) referenced from startup_stm32f103xe.o(RESET)
 <LI><a href="#[38]">TIM1_CC_IRQHandler</a> from startup_stm32f103xe.o(.text) referenced from startup_stm32f103xe.o(RESET)
 <LI><a href="#[37]">TIM1_TRG_COM_IRQHandler</a> from startup_stm32f103xe.o(.text) referenced from startup_stm32f103xe.o(RESET)
 <LI><a href="#[36]">TIM1_UP_IRQHandler</a> from startup_stm32f103xe.o(.text) referenced from startup_stm32f103xe.o(RESET)
 <LI><a href="#[39]">TIM2_IRQHandler</a> from startup_stm32f103xe.o(.text) referenced from startup_stm32f103xe.o(RESET)
 <LI><a href="#[3a]">TIM3_IRQHandler</a> from startup_stm32f103xe.o(.text) referenced from startup_stm32f103xe.o(RESET)
 <LI><a href="#[3b]">TIM4_IRQHandler</a> from startup_stm32f103xe.o(.text) referenced from startup_stm32f103xe.o(RESET)
 <LI><a href="#[4f]">TIM5_IRQHandler</a> from startup_stm32f103xe.o(.text) referenced from startup_stm32f103xe.o(RESET)
 <LI><a href="#[53]">TIM6_IRQHandler</a> from startup_stm32f103xe.o(.text) referenced from startup_stm32f103xe.o(RESET)
 <LI><a href="#[54]">TIM7_IRQHandler</a> from startup_stm32f103xe.o(.text) referenced from startup_stm32f103xe.o(RESET)
 <LI><a href="#[48]">TIM8_BRK_IRQHandler</a> from startup_stm32f103xe.o(.text) referenced from startup_stm32f103xe.o(RESET)
 <LI><a href="#[4b]">TIM8_CC_IRQHandler</a> from startup_stm32f103xe.o(.text) referenced from startup_stm32f103xe.o(RESET)
 <LI><a href="#[4a]">TIM8_TRG_COM_IRQHandler</a> from startup_stm32f103xe.o(.text) referenced from startup_stm32f103xe.o(RESET)
 <LI><a href="#[49]">TIM8_UP_IRQHandler</a> from startup_stm32f103xe.o(.text) referenced from startup_stm32f103xe.o(RESET)
 <LI><a href="#[51]">UART4_IRQHandler</a> from startup_stm32f103xe.o(.text) referenced from startup_stm32f103xe.o(RESET)
 <LI><a href="#[52]">UART5_IRQHandler</a> from startup_stm32f103xe.o(.text) referenced from startup_stm32f103xe.o(RESET)
 <LI><a href="#[6d]">UART_DMAAbortOnError</a> from stm32f1xx_hal_uart.o(i.UART_DMAAbortOnError) referenced from stm32f1xx_hal_uart.o(i.HAL_UART_IRQHandler)
 <LI><a href="#[70]">UART_DMAError</a> from stm32f1xx_hal_uart.o(i.UART_DMAError) referenced from stm32f1xx_hal_uart.o(i.HAL_UART_Transmit_DMA)
 <LI><a href="#[70]">UART_DMAError</a> from stm32f1xx_hal_uart.o(i.UART_DMAError) referenced from stm32f1xx_hal_uart.o(i.UART_Start_Receive_DMA)
 <LI><a href="#[71]">UART_DMAReceiveCplt</a> from stm32f1xx_hal_uart.o(i.UART_DMAReceiveCplt) referenced from stm32f1xx_hal_uart.o(i.UART_Start_Receive_DMA)
 <LI><a href="#[72]">UART_DMARxHalfCplt</a> from stm32f1xx_hal_uart.o(i.UART_DMARxHalfCplt) referenced from stm32f1xx_hal_uart.o(i.UART_Start_Receive_DMA)
 <LI><a href="#[6e]">UART_DMATransmitCplt</a> from stm32f1xx_hal_uart.o(i.UART_DMATransmitCplt) referenced from stm32f1xx_hal_uart.o(i.HAL_UART_Transmit_DMA)
 <LI><a href="#[6f]">UART_DMATxHalfCplt</a> from stm32f1xx_hal_uart.o(i.UART_DMATxHalfCplt) referenced from stm32f1xx_hal_uart.o(i.HAL_UART_Transmit_DMA)
 <LI><a href="#[42]">USART1_IRQHandler</a> from drv_usart.o(i.USART1_IRQHandler) referenced from startup_stm32f103xe.o(RESET)
 <LI><a href="#[43]">USART2_IRQHandler</a> from stm32_irq.o(i.USART2_IRQHandler) referenced from startup_stm32f103xe.o(RESET)
 <LI><a href="#[44]">USART3_IRQHandler</a> from stm32_irq.o(i.USART3_IRQHandler) referenced from startup_stm32f103xe.o(RESET)
 <LI><a href="#[47]">USBWakeUp_IRQHandler</a> from startup_stm32f103xe.o(.text) referenced from startup_stm32f103xe.o(RESET)
 <LI><a href="#[30]">USB_HP_CAN1_TX_IRQHandler</a> from startup_stm32f103xe.o(.text) referenced from startup_stm32f103xe.o(RESET)
 <LI><a href="#[31]">USB_LP_CAN1_RX0_IRQHandler</a> from startup_stm32f103xe.o(.text) referenced from startup_stm32f103xe.o(RESET)
 <LI><a href="#[18]">UsageFault_Handler</a> from startup_stm32f103xe.o(.text) referenced from startup_stm32f103xe.o(RESET)
 <LI><a href="#[1d]">WWDG_IRQHandler</a> from startup_stm32f103xe.o(.text) referenced from startup_stm32f103xe.o(RESET)
 <LI><a href="#[df]">__main</a> from __main.o(!!!main) referenced from startup_stm32f103xe.o(.text)
 <LI><a href="#[5b]">_get_lc_ctype</a> from lc_ctype_c.o(locale$$code) referenced from rt_ctype_table.o(.text)
 <LI><a href="#[b5]">_pin_cmd</a> from pin.o(i._pin_cmd) referenced from pin.o(FSymTab)
 <LI><a href="#[7e]">_pin_control</a> from pin.o(i._pin_control) referenced from pin.o(i.rt_device_pin_register)
 <LI><a href="#[7c]">_pin_read</a> from pin.o(i._pin_read) referenced from pin.o(i.rt_device_pin_register)
 <LI><a href="#[7d]">_pin_write</a> from pin.o(i._pin_write) referenced from pin.o(i.rt_device_pin_register)
 <LI><a href="#[5d]">_printf_input_char</a> from _printf_char_common.o(.text) referenced from _printf_char_common.o(.text)
 <LI><a href="#[5f]">_sbackspace</a> from _sgetc.o(.text) referenced from strtod.o(.text)
 <LI><a href="#[5e]">_sgetc</a> from _sgetc.o(.text) referenced from strtod.o(.text)
 <LI><a href="#[5c]">_sputc</a> from _sputc.o(.text) referenced from noretval__2sprintf.o(.text)
 <LI><a href="#[74]">_thread_exit</a> from thread.o(i._thread_exit) referenced from thread.o(i._thread_init)
 <LI><a href="#[75]">_thread_timeout</a> from thread.o(i._thread_timeout) referenced from thread.o(i._thread_init)
 <LI><a href="#[85]">_timer_thread_entry</a> from timer.o(i._timer_thread_entry) referenced from timer.o(i.rt_system_timer_thread_init)
 <LI><a href="#[7b]">assert_hook</a> from cmb_port.o(i.assert_hook) referenced from cmb_port.o(i.rt_cm_backtrace_init)
 <LI><a href="#[c5]">clear</a> from cmd.o(i.clear) referenced from cmd.o(FSymTab)
 <LI><a href="#[b4]">cmb_test</a> from cmb_port.o(i.cmb_test) referenced from cmb_port.o(FSymTab)
 <LI><a href="#[d4]">cmd_cat</a> from msh_file.o(i.cmd_cat) referenced from msh_file.o(FSymTab)
 <LI><a href="#[d6]">cmd_cd</a> from msh_file.o(i.cmd_cd) referenced from msh_file.o(FSymTab)
 <LI><a href="#[d2]">cmd_cp</a> from msh_file.o(i.cmd_cp) referenced from msh_file.o(FSymTab)
 <LI><a href="#[dc]">cmd_df</a> from msh_file.o(i.cmd_df) referenced from msh_file.o(FSymTab)
 <LI><a href="#[dd]">cmd_echo</a> from msh_file.o(i.cmd_echo) referenced from msh_file.o(FSymTab)
 <LI><a href="#[c4]">cmd_free</a> from msh.o(i.cmd_free) referenced from msh.o(FSymTab)
 <LI><a href="#[d0]">cmd_list</a> from cmd.o(i.cmd_list) referenced from cmd.o(FSymTab)
 <LI><a href="#[d1]">cmd_ls</a> from msh_file.o(i.cmd_ls) referenced from msh_file.o(FSymTab)
 <LI><a href="#[d8]">cmd_mkdir</a> from msh_file.o(i.cmd_mkdir) referenced from msh_file.o(FSymTab)
 <LI><a href="#[d9]">cmd_mkfs</a> from msh_file.o(i.cmd_mkfs) referenced from msh_file.o(FSymTab)
 <LI><a href="#[da]">cmd_mount</a> from msh_file.o(i.cmd_mount) referenced from msh_file.o(FSymTab)
 <LI><a href="#[d3]">cmd_mv</a> from msh_file.o(i.cmd_mv) referenced from msh_file.o(FSymTab)
 <LI><a href="#[c3]">cmd_ps</a> from msh.o(i.cmd_ps) referenced from msh.o(FSymTab)
 <LI><a href="#[d7]">cmd_pwd</a> from msh_file.o(i.cmd_pwd) referenced from msh_file.o(FSymTab)
 <LI><a href="#[d5]">cmd_rm</a> from msh_file.o(i.cmd_rm) referenced from msh_file.o(FSymTab)
 <LI><a href="#[de]">cmd_tail</a> from msh_file.o(i.cmd_tail) referenced from msh_file.o(FSymTab)
 <LI><a href="#[db]">cmd_umount</a> from msh_file.o(i.cmd_umount) referenced from msh_file.o(FSymTab)
 <LI><a href="#[c]">conductivity_measure_system</a> from measure.o(i.conductivity_measure_system) referenced 4 times from measure.o(.data)
 <LI><a href="#[10]">contrl_thread_entry</a> from main.o(i.contrl_thread_entry) referenced 2 times from main.o(.data)
 <LI><a href="#[a3]">dfs_init</a> from dfs.o(i.dfs_init) referenced from dfs.o(.rti_fn.2)
 <LI><a href="#[e]">dwin_recive_thread_entry</a> from main.o(i.dwin_recive_thread_entry) referenced 2 times from main.o(.data)
 <LI><a href="#[7a]">exception_hook</a> from cmb_port.o(i.exception_hook) referenced from cmb_port.o(i.rt_cm_backtrace_init)
 <LI><a href="#[76]">finsh_rx_ind</a> from shell.o(i.finsh_rx_ind) referenced from shell.o(i.finsh_set_device)
 <LI><a href="#[a9]">finsh_system_init</a> from shell.o(i.finsh_system_init) referenced from shell.o(.rti_fn.6)
 <LI><a href="#[77]">finsh_thread_entry</a> from shell.o(i.finsh_thread_entry) referenced from shell.o(i.finsh_system_init)
 <LI><a href="#[60]">isspace</a> from isspace.o(.text) referenced from strtod.o(.text)
 <LI><a href="#[cf]">list_device</a> from cmd.o(i.list_device) referenced from cmd.o(FSymTab)
 <LI><a href="#[c9]">list_event</a> from cmd.o(i.list_event) referenced from cmd.o(FSymTab)
 <LI><a href="#[c1]">list_fd</a> from dfs.o(i.list_fd) referenced from dfs.o(FSymTab)
 <LI><a href="#[cb]">list_mailbox</a> from cmd.o(i.list_mailbox) referenced from cmd.o(FSymTab)
 <LI><a href="#[cd]">list_mempool</a> from cmd.o(i.list_mempool) referenced from cmd.o(FSymTab)
 <LI><a href="#[cc]">list_msgqueue</a> from cmd.o(i.list_msgqueue) referenced from cmd.o(FSymTab)
 <LI><a href="#[ca]">list_mutex</a> from cmd.o(i.list_mutex) referenced from cmd.o(FSymTab)
 <LI><a href="#[c8]">list_sem</a> from cmd.o(i.list_sem) referenced from cmd.o(FSymTab)
 <LI><a href="#[c7]">list_thread</a> from cmd.o(i.list_thread) referenced from cmd.o(FSymTab)
 <LI><a href="#[ce]">list_timer</a> from cmd.o(i.list_timer) referenced from cmd.o(FSymTab)
 <LI><a href="#[b6]">lptimer_dump</a> from lptimer.o(i.lptimer_dump) referenced from lptimer.o(FSymTab)
 <LI><a href="#[79]">main_thread_entry</a> from components.o(i.main_thread_entry) referenced from components.o(i.rt_application_init)
 <LI><a href="#[11]">measure_poll_thread_entry</a> from main.o(i.measure_poll_thread_entry) referenced 2 times from main.o(.data)
 <LI><a href="#[d]">modbus_slave_thread_entry</a> from main.o(i.modbus_slave_thread_entry) referenced 2 times from main.o(.data)
 <LI><a href="#[c2]">msh_help</a> from msh.o(i.msh_help) referenced from msh.o(FSymTab)
 <LI><a href="#[87]">out_buffer</a> from rt_vsnprintf.o(i.out_buffer) referenced from rt_vsnprintf.o(i.rt_vsnprintf)
 <LI><a href="#[73]">out_discard</a> from rt_vsnprintf.o(i.out_discard) referenced from rt_vsnprintf.o(i.__vsnprintf)
 <LI><a href="#[a]">pressure_flow_level_measure_system</a> from measure.o(i.pressure_flow_level_measure_system) referenced 4 times from measure.o(.data)
 <LI><a href="#[a]">pressure_flow_level_measure_system</a> from measure.o(i.pressure_flow_level_measure_system) referenced from measure.o(i.rt_measure_init)
 <LI><a href="#[c0]">reboot</a> from drv_common.o(i.reboot) referenced from drv_common.o(FSymTab)
 <LI><a href="#[12]">report_thread_entry</a> from main.o(i.report_thread_entry) referenced 2 times from main.o(.data)
 <LI><a href="#[a6]">rt_cm_backtrace_init</a> from cmb_port.o(i.rt_cm_backtrace_init) referenced from cmb_port.o(.rti_fn.3)
 <LI><a href="#[a4]">rt_dwin_init</a> from dwin_port.o(i.rt_dwin_init) referenced from dwin_port.o(.rti_fn.3)
 <LI><a href="#[a8]">rt_measure_init</a> from measure.o(i.rt_measure_init) referenced from measure.o(.rti_fn.5)
 <LI><a href="#[bd]">rt_module_delay_sleep</a> from pm.o(i.rt_module_delay_sleep) referenced from pm.o(FSymTab)
 <LI><a href="#[ba]">rt_module_release_mode</a> from pm.o(i.rt_module_release_mode) referenced from pm.o(FSymTab)
 <LI><a href="#[bb]">rt_module_release_mode_all</a> from pm.o(i.rt_module_release_mode_all) referenced from pm.o(FSymTab)
 <LI><a href="#[bc]">rt_module_request_mode</a> from pm.o(i.rt_module_request_mode) referenced from pm.o(FSymTab)
 <LI><a href="#[bf]">rt_pm_dump_status</a> from pm.o(i.rt_pm_dump_status) referenced from pm.o(FSymTab)
 <LI><a href="#[b7]">rt_pm_release_mode</a> from pm.o(i.rt_pm_release_mode) referenced from pm.o(FSymTab)
 <LI><a href="#[b8]">rt_pm_release_mode_all</a> from pm.o(i.rt_pm_release_mode_all) referenced from pm.o(FSymTab)
 <LI><a href="#[b9]">rt_pm_request_mode</a> from pm.o(i.rt_pm_request_mode) referenced from pm.o(FSymTab)
 <LI><a href="#[be]">rt_pm_run_mode_switch</a> from pm.o(i.rt_pm_run_mode_switch) referenced from pm.o(FSymTab)
 <LI><a href="#[81]">rt_serial_close</a> from serial.o(i.rt_serial_close) referenced from serial.o(i.rt_hw_serial_register)
 <LI><a href="#[84]">rt_serial_control</a> from serial.o(i.rt_serial_control) referenced from serial.o(i.rt_hw_serial_register)
 <LI><a href="#[7f]">rt_serial_init</a> from serial.o(i.rt_serial_init) referenced from serial.o(i.rt_hw_serial_register)
 <LI><a href="#[80]">rt_serial_open</a> from serial.o(i.rt_serial_open) referenced from serial.o(i.rt_hw_serial_register)
 <LI><a href="#[82]">rt_serial_read</a> from serial.o(i.rt_serial_read) referenced from serial.o(i.rt_hw_serial_register)
 <LI><a href="#[83]">rt_serial_write</a> from serial.o(i.rt_serial_write) referenced from serial.o(i.rt_hw_serial_register)
 <LI><a href="#[a5]">rt_small_modbus_init</a> from small_modbus_port.o(i.rt_small_modbus_init) referenced from small_modbus_port.o(.rti_fn.3)
 <LI><a href="#[a7]">rt_stm32_hal_init</a> from src_main.o(i.rt_stm32_hal_init) referenced from src_main.o(.rti_fn.3)
 <LI><a href="#[86]">rt_thread_idle_entry</a> from idle.o(i.rt_thread_idle_entry) referenced from idle.o(i.rt_thread_idle_init)
 <LI><a href="#[8a]">rt_thread_mdelay</a> from thread.o(i.rt_thread_mdelay) referenced from dwin_port.o(.constdata)
 <LI><a href="#[a2]">rti_board_end</a> from components.o(i.rti_board_end) referenced from components.o(.rti_fn.1.end)
 <LI><a href="#[a1]">rti_board_start</a> from components.o(i.rti_board_start) referenced from components.o(.rti_fn.0.end)
 <LI><a href="#[aa]">rti_end</a> from components.o(i.rti_end) referenced from components.o(.rti_fn.6.end)
 <LI><a href="#[a0]">rti_start</a> from components.o(i.rti_start) referenced from components.o(.rti_fn.0)
 <LI><a href="#[f]">sampling_thread_entry</a> from main.o(i.sampling_thread_entry) referenced 2 times from main.o(.data)
 <LI><a href="#[b2]">see_action</a> from measure.o(i.see_action) referenced from measure.o(FSymTab)
 <LI><a href="#[ae]">see_adc</a> from io_signal.o(i.see_adc) referenced from io_signal.o(FSymTab)
 <LI><a href="#[b1]">see_dac</a> from io_signal.o(i.see_dac) referenced from io_signal.o(FSymTab)
 <LI><a href="#[ab]">see_di</a> from io_signal.o(i.see_di) referenced from io_signal.o(FSymTab)
 <LI><a href="#[ac]">see_do</a> from io_signal.o(i.see_do) referenced from io_signal.o(FSymTab)
 <LI><a href="#[b3]">see_sensor_data</a> from measure.o(i.see_sensor_data) referenced from measure.o(FSymTab)
 <LI><a href="#[b0]">set_ao</a> from io_signal.o(i.set_ao) referenced from io_signal.o(FSymTab)
 <LI><a href="#[af]">set_dac</a> from io_signal.o(i.set_dac) referenced from io_signal.o(FSymTab)
 <LI><a href="#[ad]">set_do</a> from io_signal.o(i.set_do) referenced from io_signal.o(FSymTab)
 <LI><a href="#[9b]">stm32_configure</a> from drv_usart.o(i.stm32_configure) referenced from drv_usart.o(.constdata)
 <LI><a href="#[9c]">stm32_control</a> from drv_usart.o(i.stm32_control) referenced from drv_usart.o(.constdata)
 <LI><a href="#[9f]">stm32_dma_transmit</a> from drv_usart.o(i.stm32_dma_transmit) referenced from drv_usart.o(.constdata)
 <LI><a href="#[9e]">stm32_getc</a> from drv_usart.o(i.stm32_getc) referenced from drv_usart.o(.constdata)
 <LI><a href="#[97]">stm32_pin_attach_irq</a> from drv_gpio.o(i.stm32_pin_attach_irq) referenced from drv_gpio.o(.constdata)
 <LI><a href="#[98]">stm32_pin_dettach_irq</a> from drv_gpio.o(i.stm32_pin_dettach_irq) referenced from drv_gpio.o(.constdata)
 <LI><a href="#[9a]">stm32_pin_get</a> from drv_gpio.o(i.stm32_pin_get) referenced from drv_gpio.o(.constdata)
 <LI><a href="#[99]">stm32_pin_irq_enable</a> from drv_gpio.o(i.stm32_pin_irq_enable) referenced from drv_gpio.o(.constdata)
 <LI><a href="#[94]">stm32_pin_mode</a> from drv_gpio.o(i.stm32_pin_mode) referenced from drv_gpio.o(.constdata)
 <LI><a href="#[96]">stm32_pin_read</a> from drv_gpio.o(i.stm32_pin_read) referenced from drv_gpio.o(.constdata)
 <LI><a href="#[95]">stm32_pin_write</a> from drv_gpio.o(i.stm32_pin_write) referenced from drv_gpio.o(.constdata)
 <LI><a href="#[9d]">stm32_putc</a> from drv_usart.o(i.stm32_putc) referenced from drv_usart.o(.constdata)
 <LI><a href="#[b]">temperature_measure_system</a> from measure.o(i.temperature_measure_system) referenced 4 times from measure.o(.data)
 <LI><a href="#[78]">timer_callback1</a> from main.o(i.timer_callback1) referenced from main.o(i.main)
 <LI><a href="#[61]">uartx_recive_handle</a> from tool.o(i.uartx_recive_handle) referenced from dwin.o(i.Create_DwinObject)
 <LI><a href="#[61]">uartx_recive_handle</a> from tool.o(i.uartx_recive_handle) referenced from small_modbus.o(i.Create_ModObject)
 <LI><a href="#[c6]">version</a> from cmd.o(i.version) referenced from cmd.o(FSymTab)
</UL>
<P>
<H3>
Global Symbols
</H3>
<P><STRONG><a name="[df]"></a>__main</STRONG> (Thumb, 8 bytes, Stack size 0 bytes, __main.o(!!!main))
<BR><BR>[Calls]<UL><LI><a href="#[e1]">&gt;&gt;</a>&nbsp;&nbsp;&nbsp;__rt_entry
<LI><a href="#[e0]">&gt;&gt;</a>&nbsp;&nbsp;&nbsp;__scatterload
</UL>

<P><STRONG><a name="[e0]"></a>__scatterload</STRONG> (Thumb, 0 bytes, Stack size unknown bytes, __scatter.o(!!!scatter))
<BR><BR>[Called By]<UL><LI><a href="#[df]">&gt;&gt;</a>&nbsp;&nbsp;&nbsp;__main
</UL>

<P><STRONG><a name="[e2]"></a>__scatterload_rt2</STRONG> (Thumb, 44 bytes, Stack size unknown bytes, __scatter.o(!!!scatter), UNUSED)
<BR><BR>[Calls]<UL><LI><a href="#[e1]">&gt;&gt;</a>&nbsp;&nbsp;&nbsp;__rt_entry
</UL>

<P><STRONG><a name="[315]"></a>__scatterload_rt2_thumb_only</STRONG> (Thumb, 0 bytes, Stack size unknown bytes, __scatter.o(!!!scatter), UNUSED)

<P><STRONG><a name="[316]"></a>__scatterload_null</STRONG> (Thumb, 0 bytes, Stack size unknown bytes, __scatter.o(!!!scatter), UNUSED)

<P><STRONG><a name="[317]"></a>__decompress</STRONG> (Thumb, 90 bytes, Stack size unknown bytes, __dczerorl2.o(!!dczerorl2), UNUSED)

<P><STRONG><a name="[318]"></a>__decompress1</STRONG> (Thumb, 0 bytes, Stack size unknown bytes, __dczerorl2.o(!!dczerorl2), UNUSED)

<P><STRONG><a name="[319]"></a>__scatterload_zeroinit</STRONG> (Thumb, 28 bytes, Stack size unknown bytes, __scatter_zi.o(!!handler_zi), UNUSED)

<P><STRONG><a name="[ff]"></a>_printf_percent</STRONG> (Thumb, 0 bytes, Stack size unknown bytes, _printf_percent.o(.ARM.Collect$$_printf_percent$$00000000))
<BR><BR>[Called By]<UL><LI><a href="#[fd]">&gt;&gt;</a>&nbsp;&nbsp;&nbsp;__printf
</UL>

<P><STRONG><a name="[e3]"></a>_printf_x</STRONG> (Thumb, 0 bytes, Stack size unknown bytes, _printf_x.o(.ARM.Collect$$_printf_percent$$0000000C))
<BR><BR>[Stack]<UL><LI>Max Depth = 64 + Unknown Stack Size
<LI>Call Chain = _printf_x &rArr; _printf_int_hex &rArr; _printf_int_common &rArr; _printf_post_padding
</UL>
<BR>[Calls]<UL><LI><a href="#[e4]">&gt;&gt;</a>&nbsp;&nbsp;&nbsp;_printf_int_hex
</UL>

<P><STRONG><a name="[31a]"></a>_printf_percent_end</STRONG> (Thumb, 0 bytes, Stack size unknown bytes, _printf_percent_end.o(.ARM.Collect$$_printf_percent$$00000017))

<P><STRONG><a name="[ed]"></a>__rt_lib_init</STRONG> (Thumb, 0 bytes, Stack size unknown bytes, libinit.o(.ARM.Collect$$libinit$$00000000))
<BR><BR>[Called By]<UL><LI><a href="#[ec]">&gt;&gt;</a>&nbsp;&nbsp;&nbsp;__rt_entry_li
</UL>

<P><STRONG><a name="[31b]"></a>__rt_lib_init_fp_1</STRONG> (Thumb, 0 bytes, Stack size unknown bytes, libinit2.o(.ARM.Collect$$libinit$$00000002))

<P><STRONG><a name="[31c]"></a>__rt_lib_init_heap_1</STRONG> (Thumb, 0 bytes, Stack size unknown bytes, libinit2.o(.ARM.Collect$$libinit$$0000000A))

<P><STRONG><a name="[e5]"></a>__rt_lib_init_lc_common</STRONG> (Thumb, 0 bytes, Stack size unknown bytes, libinit2.o(.ARM.Collect$$libinit$$0000000F))
<BR><BR>[Calls]<UL><LI><a href="#[e6]">&gt;&gt;</a>&nbsp;&nbsp;&nbsp;__rt_locale
</UL>

<P><STRONG><a name="[31d]"></a>__rt_lib_init_preinit_1</STRONG> (Thumb, 0 bytes, Stack size unknown bytes, libinit2.o(.ARM.Collect$$libinit$$00000004))

<P><STRONG><a name="[31e]"></a>__rt_lib_init_rand_1</STRONG> (Thumb, 0 bytes, Stack size unknown bytes, libinit2.o(.ARM.Collect$$libinit$$0000000E))

<P><STRONG><a name="[31f]"></a>__rt_lib_init_user_alloc_1</STRONG> (Thumb, 0 bytes, Stack size unknown bytes, libinit2.o(.ARM.Collect$$libinit$$0000000C))

<P><STRONG><a name="[320]"></a>__rt_lib_init_lc_collate_1</STRONG> (Thumb, 0 bytes, Stack size unknown bytes, libinit2.o(.ARM.Collect$$libinit$$00000011))

<P><STRONG><a name="[e7]"></a>__rt_lib_init_lc_ctype_2</STRONG> (Thumb, 0 bytes, Stack size unknown bytes, libinit2.o(.ARM.Collect$$libinit$$00000012))
<BR><BR>[Stack]<UL><LI>Max Depth = 8 + Unknown Stack Size
<LI>Call Chain = __rt_lib_init_lc_ctype_2 &rArr; _get_lc_ctype
</UL>
<BR>[Calls]<UL><LI><a href="#[5b]">&gt;&gt;</a>&nbsp;&nbsp;&nbsp;_get_lc_ctype
</UL>

<P><STRONG><a name="[321]"></a>__rt_lib_init_lc_ctype_1</STRONG> (Thumb, 0 bytes, Stack size unknown bytes, libinit2.o(.ARM.Collect$$libinit$$00000013))

<P><STRONG><a name="[322]"></a>__rt_lib_init_lc_monetary_1</STRONG> (Thumb, 0 bytes, Stack size unknown bytes, libinit2.o(.ARM.Collect$$libinit$$00000015))

<P><STRONG><a name="[e8]"></a>__rt_lib_init_lc_numeric_2</STRONG> (Thumb, 0 bytes, Stack size unknown bytes, libinit2.o(.ARM.Collect$$libinit$$00000016))
<BR><BR>[Stack]<UL><LI>Max Depth = 8 + Unknown Stack Size
<LI>Call Chain = __rt_lib_init_lc_numeric_2 &rArr; _get_lc_numeric
</UL>
<BR>[Calls]<UL><LI><a href="#[e9]">&gt;&gt;</a>&nbsp;&nbsp;&nbsp;_get_lc_numeric
</UL>

<P><STRONG><a name="[323]"></a>__rt_lib_init_alloca_1</STRONG> (Thumb, 0 bytes, Stack size unknown bytes, libinit2.o(.ARM.Collect$$libinit$$0000002E))

<P><STRONG><a name="[324]"></a>__rt_lib_init_argv_1</STRONG> (Thumb, 0 bytes, Stack size unknown bytes, libinit2.o(.ARM.Collect$$libinit$$0000002C))

<P><STRONG><a name="[325]"></a>__rt_lib_init_atexit_1</STRONG> (Thumb, 0 bytes, Stack size unknown bytes, libinit2.o(.ARM.Collect$$libinit$$0000001B))

<P><STRONG><a name="[326]"></a>__rt_lib_init_clock_1</STRONG> (Thumb, 0 bytes, Stack size unknown bytes, libinit2.o(.ARM.Collect$$libinit$$00000021))

<P><STRONG><a name="[327]"></a>__rt_lib_init_cpp_1</STRONG> (Thumb, 0 bytes, Stack size unknown bytes, libinit2.o(.ARM.Collect$$libinit$$00000032))

<P><STRONG><a name="[328]"></a>__rt_lib_init_exceptions_1</STRONG> (Thumb, 0 bytes, Stack size unknown bytes, libinit2.o(.ARM.Collect$$libinit$$00000030))

<P><STRONG><a name="[329]"></a>__rt_lib_init_fp_trap_1</STRONG> (Thumb, 0 bytes, Stack size unknown bytes, libinit2.o(.ARM.Collect$$libinit$$0000001F))

<P><STRONG><a name="[32a]"></a>__rt_lib_init_getenv_1</STRONG> (Thumb, 0 bytes, Stack size unknown bytes, libinit2.o(.ARM.Collect$$libinit$$00000023))

<P><STRONG><a name="[32b]"></a>__rt_lib_init_lc_numeric_1</STRONG> (Thumb, 0 bytes, Stack size unknown bytes, libinit2.o(.ARM.Collect$$libinit$$00000017))

<P><STRONG><a name="[32c]"></a>__rt_lib_init_lc_time_1</STRONG> (Thumb, 0 bytes, Stack size unknown bytes, libinit2.o(.ARM.Collect$$libinit$$00000019))

<P><STRONG><a name="[32d]"></a>__rt_lib_init_return</STRONG> (Thumb, 0 bytes, Stack size unknown bytes, libinit2.o(.ARM.Collect$$libinit$$00000033))

<P><STRONG><a name="[32e]"></a>__rt_lib_init_signal_1</STRONG> (Thumb, 0 bytes, Stack size unknown bytes, libinit2.o(.ARM.Collect$$libinit$$0000001D))

<P><STRONG><a name="[32f]"></a>__rt_lib_init_stdio_1</STRONG> (Thumb, 0 bytes, Stack size unknown bytes, libinit2.o(.ARM.Collect$$libinit$$00000025))

<P><STRONG><a name="[f2]"></a>__rt_lib_shutdown</STRONG> (Thumb, 0 bytes, Stack size unknown bytes, libshutdown.o(.ARM.Collect$$libshutdown$$00000000))
<BR><BR>[Called By]<UL><LI><a href="#[f1]">&gt;&gt;</a>&nbsp;&nbsp;&nbsp;__rt_exit_ls
</UL>

<P><STRONG><a name="[330]"></a>__rt_lib_shutdown_cpp_1</STRONG> (Thumb, 0 bytes, Stack size unknown bytes, libshutdown2.o(.ARM.Collect$$libshutdown$$00000002))

<P><STRONG><a name="[331]"></a>__rt_lib_shutdown_fp_trap_1</STRONG> (Thumb, 0 bytes, Stack size unknown bytes, libshutdown2.o(.ARM.Collect$$libshutdown$$00000007))

<P><STRONG><a name="[332]"></a>__rt_lib_shutdown_heap_1</STRONG> (Thumb, 0 bytes, Stack size unknown bytes, libshutdown2.o(.ARM.Collect$$libshutdown$$0000000F))

<P><STRONG><a name="[333]"></a>__rt_lib_shutdown_return</STRONG> (Thumb, 0 bytes, Stack size unknown bytes, libshutdown2.o(.ARM.Collect$$libshutdown$$00000010))

<P><STRONG><a name="[334]"></a>__rt_lib_shutdown_signal_1</STRONG> (Thumb, 0 bytes, Stack size unknown bytes, libshutdown2.o(.ARM.Collect$$libshutdown$$0000000A))

<P><STRONG><a name="[335]"></a>__rt_lib_shutdown_stdio_1</STRONG> (Thumb, 0 bytes, Stack size unknown bytes, libshutdown2.o(.ARM.Collect$$libshutdown$$00000004))

<P><STRONG><a name="[336]"></a>__rt_lib_shutdown_user_alloc_1</STRONG> (Thumb, 0 bytes, Stack size unknown bytes, libshutdown2.o(.ARM.Collect$$libshutdown$$0000000C))

<P><STRONG><a name="[e1]"></a>__rt_entry</STRONG> (Thumb, 0 bytes, Stack size unknown bytes, __rtentry.o(.ARM.Collect$$rtentry$$00000000))
<BR><BR>[Called By]<UL><LI><a href="#[df]">&gt;&gt;</a>&nbsp;&nbsp;&nbsp;__main
<LI><a href="#[e2]">&gt;&gt;</a>&nbsp;&nbsp;&nbsp;__scatterload_rt2
</UL>

<P><STRONG><a name="[337]"></a>__rt_entry_presh_1</STRONG> (Thumb, 0 bytes, Stack size unknown bytes, __rtentry2.o(.ARM.Collect$$rtentry$$00000002))

<P><STRONG><a name="[ea]"></a>__rt_entry_sh</STRONG> (Thumb, 0 bytes, Stack size unknown bytes, __rtentry4.o(.ARM.Collect$$rtentry$$00000004))
<BR><BR>[Stack]<UL><LI>Max Depth = 8 + Unknown Stack Size
<LI>Call Chain = __rt_entry_sh &rArr; __user_setup_stackheap
</UL>
<BR>[Calls]<UL><LI><a href="#[eb]">&gt;&gt;</a>&nbsp;&nbsp;&nbsp;__user_setup_stackheap
</UL>

<P><STRONG><a name="[ec]"></a>__rt_entry_li</STRONG> (Thumb, 0 bytes, Stack size unknown bytes, __rtentry2.o(.ARM.Collect$$rtentry$$0000000A))
<BR><BR>[Calls]<UL><LI><a href="#[ed]">&gt;&gt;</a>&nbsp;&nbsp;&nbsp;__rt_lib_init
</UL>

<P><STRONG><a name="[338]"></a>__rt_entry_postsh_1</STRONG> (Thumb, 0 bytes, Stack size unknown bytes, __rtentry2.o(.ARM.Collect$$rtentry$$00000009))

<P><STRONG><a name="[ee]"></a>__rt_entry_main</STRONG> (Thumb, 0 bytes, Stack size unknown bytes, __rtentry2.o(.ARM.Collect$$rtentry$$0000000D))
<BR><BR>[Stack]<UL><LI>Max Depth = 944 + Unknown Stack Size
<LI>Call Chain = __rt_entry_main &rArr; main &rArr; rtthread_startup &rArr; rt_thread_idle_init &rArr; rt_thread_init &rArr; _thread_init &rArr; rt_timer_init &rArr; rt_object_init &rArr; rt_exit_critical &rArr; rt_schedule &rArr; _scheduler_stack_check &rArr; rt_kprintf &rArr; rt_vsnprintf &rArr; __vsnprintf &rArr; print_floating_point &rArr; print_exponential_number &rArr; print_integer &rArr; print_integer_finalization &rArr; out_rev_
</UL>
<BR>[Calls]<UL><LI><a href="#[ef]">&gt;&gt;</a>&nbsp;&nbsp;&nbsp;main
<LI><a href="#[f0]">&gt;&gt;</a>&nbsp;&nbsp;&nbsp;exit
</UL>

<P><STRONG><a name="[339]"></a>__rt_entry_postli_1</STRONG> (Thumb, 0 bytes, Stack size unknown bytes, __rtentry2.o(.ARM.Collect$$rtentry$$0000000C))

<P><STRONG><a name="[11e]"></a>__rt_exit</STRONG> (Thumb, 0 bytes, Stack size unknown bytes, rtexit.o(.ARM.Collect$$rtexit$$00000000))
<BR><BR>[Called By]<UL><LI><a href="#[f0]">&gt;&gt;</a>&nbsp;&nbsp;&nbsp;exit
</UL>

<P><STRONG><a name="[f1]"></a>__rt_exit_ls</STRONG> (Thumb, 0 bytes, Stack size unknown bytes, rtexit2.o(.ARM.Collect$$rtexit$$00000003))
<BR><BR>[Calls]<UL><LI><a href="#[f2]">&gt;&gt;</a>&nbsp;&nbsp;&nbsp;__rt_lib_shutdown
</UL>

<P><STRONG><a name="[33a]"></a>__rt_exit_prels_1</STRONG> (Thumb, 0 bytes, Stack size unknown bytes, rtexit2.o(.ARM.Collect$$rtexit$$00000002))

<P><STRONG><a name="[f3]"></a>__rt_exit_exit</STRONG> (Thumb, 0 bytes, Stack size unknown bytes, rtexit2.o(.ARM.Collect$$rtexit$$00000004))
<BR><BR>[Stack]<UL><LI>Max Depth = 776 + Unknown Stack Size
<LI>Call Chain = __rt_exit_exit &rArr; _sys_exit &rArr; __rt_libc_exit &rArr; rt_thread_control &rArr; rt_thread_startup &rArr; rt_schedule &rArr; _scheduler_stack_check &rArr; rt_kprintf &rArr; rt_vsnprintf &rArr; __vsnprintf &rArr; print_floating_point &rArr; print_exponential_number &rArr; print_integer &rArr; print_integer_finalization &rArr; out_rev_
</UL>
<BR>[Calls]<UL><LI><a href="#[f4]">&gt;&gt;</a>&nbsp;&nbsp;&nbsp;_sys_exit
</UL>

<P><STRONG><a name="[33b]"></a>__asm___10_cmb_port_c_15d1e976__cmb_get_msp</STRONG> (Thumb, 6 bytes, Stack size 0 bytes, cmb_port.o(.emb_text), UNUSED)

<P><STRONG><a name="[2a1]"></a>__asm___10_cmb_port_c_15d1e976__cmb_get_psp</STRONG> (Thumb, 6 bytes, Stack size 0 bytes, cmb_port.o(.emb_text))
<BR><BR>[Called By]<UL><LI><a href="#[250]">&gt;&gt;</a>&nbsp;&nbsp;&nbsp;rt_cm_backtrace_exception_hook
</UL>

<P><STRONG><a name="[2a0]"></a>__asm___10_cmb_port_c_15d1e976__cmb_get_sp</STRONG> (Thumb, 4 bytes, Stack size 0 bytes, cmb_port.o(.emb_text))
<BR><BR>[Called By]<UL><LI><a href="#[250]">&gt;&gt;</a>&nbsp;&nbsp;&nbsp;rt_cm_backtrace_exception_hook
<LI><a href="#[207]">&gt;&gt;</a>&nbsp;&nbsp;&nbsp;rt_cm_backtrace_assert_hook
</UL>

<P><STRONG><a name="[2a2]"></a>__asm___10_cmb_port_c_15d1e976__cmb_set_psp</STRONG> (Thumb, 6 bytes, Stack size 0 bytes, cmb_port.o(.emb_text))
<BR><BR>[Called By]<UL><LI><a href="#[250]">&gt;&gt;</a>&nbsp;&nbsp;&nbsp;rt_cm_backtrace_exception_hook
</UL>

<P><STRONG><a name="[21b]"></a>__asm___14_cm_backtrace_c_13c737ea__cmb_get_msp</STRONG> (Thumb, 6 bytes, Stack size 0 bytes, cm_backtrace.o(.emb_text))
<BR><BR>[Called By]<UL><LI><a href="#[218]">&gt;&gt;</a>&nbsp;&nbsp;&nbsp;cm_backtrace_assert
</UL>

<P><STRONG><a name="[21c]"></a>__asm___14_cm_backtrace_c_13c737ea__cmb_get_psp</STRONG> (Thumb, 6 bytes, Stack size 0 bytes, cm_backtrace.o(.emb_text))
<BR><BR>[Called By]<UL><LI><a href="#[220]">&gt;&gt;</a>&nbsp;&nbsp;&nbsp;cm_backtrace_call_stack
<LI><a href="#[221]">&gt;&gt;</a>&nbsp;&nbsp;&nbsp;cm_backtrace_fault
<LI><a href="#[218]">&gt;&gt;</a>&nbsp;&nbsp;&nbsp;cm_backtrace_assert
</UL>

<P><STRONG><a name="[219]"></a>__asm___14_cm_backtrace_c_13c737ea__cmb_get_sp</STRONG> (Thumb, 4 bytes, Stack size 0 bytes, cm_backtrace.o(.emb_text))
<BR><BR>[Called By]<UL><LI><a href="#[220]">&gt;&gt;</a>&nbsp;&nbsp;&nbsp;cm_backtrace_call_stack
<LI><a href="#[218]">&gt;&gt;</a>&nbsp;&nbsp;&nbsp;cm_backtrace_assert
</UL>

<P><STRONG><a name="[1e7]"></a>__rt_ffs</STRONG> (Thumb, 16 bytes, Stack size 0 bytes, cpuport.o(.emb_text))
<BR><BR>[Called By]<UL><LI><a href="#[1e6]">&gt;&gt;</a>&nbsp;&nbsp;&nbsp;_scheduler_get_highest_priority_thread
</UL>

<P><STRONG><a name="[192]"></a>rt_hw_interrupt_disable</STRONG> (Thumb, 8 bytes, Stack size 0 bytes, context_rvds.o(.text))
<BR><BR>[Called By]<UL><LI><a href="#[25b]">&gt;&gt;</a>&nbsp;&nbsp;&nbsp;rt_sem_release
<LI><a href="#[1bb]">&gt;&gt;</a>&nbsp;&nbsp;&nbsp;rt_thread_control
<LI><a href="#[27e]">&gt;&gt;</a>&nbsp;&nbsp;&nbsp;rt_enter_critical
<LI><a href="#[c7]">&gt;&gt;</a>&nbsp;&nbsp;&nbsp;list_thread
<LI><a href="#[136]">&gt;&gt;</a>&nbsp;&nbsp;&nbsp;rt_interrupt_leave
<LI><a href="#[134]">&gt;&gt;</a>&nbsp;&nbsp;&nbsp;rt_interrupt_enter
<LI><a href="#[287]">&gt;&gt;</a>&nbsp;&nbsp;&nbsp;rt_timer_start
<LI><a href="#[24f]">&gt;&gt;</a>&nbsp;&nbsp;&nbsp;rt_sem_take
<LI><a href="#[2d7]">&gt;&gt;</a>&nbsp;&nbsp;&nbsp;rt_sem_create
<LI><a href="#[19d]">&gt;&gt;</a>&nbsp;&nbsp;&nbsp;rt_mutex_take
<LI><a href="#[19f]">&gt;&gt;</a>&nbsp;&nbsp;&nbsp;rt_mutex_release
<LI><a href="#[2c8]">&gt;&gt;</a>&nbsp;&nbsp;&nbsp;rt_mutex_create
<LI><a href="#[27f]">&gt;&gt;</a>&nbsp;&nbsp;&nbsp;rt_exit_critical
<LI><a href="#[2ac]">&gt;&gt;</a>&nbsp;&nbsp;&nbsp;rt_data_queue_reset
<LI><a href="#[2b2]">&gt;&gt;</a>&nbsp;&nbsp;&nbsp;rt_data_queue_push
<LI><a href="#[2b0]">&gt;&gt;</a>&nbsp;&nbsp;&nbsp;rt_data_queue_pop
<LI><a href="#[2af]">&gt;&gt;</a>&nbsp;&nbsp;&nbsp;rt_data_queue_peek
<LI><a href="#[2ae]">&gt;&gt;</a>&nbsp;&nbsp;&nbsp;rt_data_queue_len
<LI><a href="#[2ab]">&gt;&gt;</a>&nbsp;&nbsp;&nbsp;rt_data_queue_deinit
<LI><a href="#[2a9]">&gt;&gt;</a>&nbsp;&nbsp;&nbsp;rt_timer_control
<LI><a href="#[1ca]">&gt;&gt;</a>&nbsp;&nbsp;&nbsp;rt_thread_suspend
<LI><a href="#[1c8]">&gt;&gt;</a>&nbsp;&nbsp;&nbsp;rt_thread_resume
<LI><a href="#[1f5]">&gt;&gt;</a>&nbsp;&nbsp;&nbsp;rt_schedule
<LI><a href="#[2a8]">&gt;&gt;</a>&nbsp;&nbsp;&nbsp;rt_interrupt_get_nest
<LI><a href="#[1f1]">&gt;&gt;</a>&nbsp;&nbsp;&nbsp;rt_completion_wait
<LI><a href="#[2a6]">&gt;&gt;</a>&nbsp;&nbsp;&nbsp;rt_completion_init
<LI><a href="#[2a5]">&gt;&gt;</a>&nbsp;&nbsp;&nbsp;rt_completion_done
<LI><a href="#[194]">&gt;&gt;</a>&nbsp;&nbsp;&nbsp;rt_hw_serial_isr
<LI><a href="#[83]">&gt;&gt;</a>&nbsp;&nbsp;&nbsp;rt_serial_write
<LI><a href="#[1ef]">&gt;&gt;</a>&nbsp;&nbsp;&nbsp;_serial_int_rx
<LI><a href="#[1ea]">&gt;&gt;</a>&nbsp;&nbsp;&nbsp;_serial_dma_rx
<LI><a href="#[1de]">&gt;&gt;</a>&nbsp;&nbsp;&nbsp;rt_pm_enter_critical
<LI><a href="#[1e5]">&gt;&gt;</a>&nbsp;&nbsp;&nbsp;rt_timer_check
<LI><a href="#[1e4]">&gt;&gt;</a>&nbsp;&nbsp;&nbsp;rt_tick_set
<LI><a href="#[2dd]">&gt;&gt;</a>&nbsp;&nbsp;&nbsp;rt_system_power_manager
<LI><a href="#[2d2]">&gt;&gt;</a>&nbsp;&nbsp;&nbsp;rt_pm_run_enter
<LI><a href="#[2d1]">&gt;&gt;</a>&nbsp;&nbsp;&nbsp;rt_pm_request
<LI><a href="#[2d0]">&gt;&gt;</a>&nbsp;&nbsp;&nbsp;rt_pm_release_all
<LI><a href="#[2cf]">&gt;&gt;</a>&nbsp;&nbsp;&nbsp;rt_pm_release
<LI><a href="#[2c7]">&gt;&gt;</a>&nbsp;&nbsp;&nbsp;rt_pm_module_request
<LI><a href="#[2c6]">&gt;&gt;</a>&nbsp;&nbsp;&nbsp;rt_pm_module_release_all
<LI><a href="#[2c5]">&gt;&gt;</a>&nbsp;&nbsp;&nbsp;rt_pm_module_release
<LI><a href="#[2c4]">&gt;&gt;</a>&nbsp;&nbsp;&nbsp;rt_pm_module_delay_sleep
<LI><a href="#[295]">&gt;&gt;</a>&nbsp;&nbsp;&nbsp;rt_lptimer_next_timeout_tick
<LI><a href="#[b6]">&gt;&gt;</a>&nbsp;&nbsp;&nbsp;lptimer_dump
<LI><a href="#[2e8]">&gt;&gt;</a>&nbsp;&nbsp;&nbsp;rt_timer_stop
<LI><a href="#[1f3]">&gt;&gt;</a>&nbsp;&nbsp;&nbsp;rt_timer_detach
<LI><a href="#[2e2]">&gt;&gt;</a>&nbsp;&nbsp;&nbsp;rt_thread_delete
<LI><a href="#[185]">&gt;&gt;</a>&nbsp;&nbsp;&nbsp;HAL_UART_TxCpltCallback
<LI><a href="#[1ae]">&gt;&gt;</a>&nbsp;&nbsp;&nbsp;uart_isr
<LI><a href="#[190]">&gt;&gt;</a>&nbsp;&nbsp;&nbsp;dma_isr
<LI><a href="#[99]">&gt;&gt;</a>&nbsp;&nbsp;&nbsp;stm32_pin_irq_enable
<LI><a href="#[98]">&gt;&gt;</a>&nbsp;&nbsp;&nbsp;stm32_pin_dettach_irq
<LI><a href="#[97]">&gt;&gt;</a>&nbsp;&nbsp;&nbsp;stm32_pin_attach_irq
<LI><a href="#[1a9]">&gt;&gt;</a>&nbsp;&nbsp;&nbsp;rt_tick_increase
<LI><a href="#[ce]">&gt;&gt;</a>&nbsp;&nbsp;&nbsp;list_timer
<LI><a href="#[c8]">&gt;&gt;</a>&nbsp;&nbsp;&nbsp;list_sem
<LI><a href="#[ca]">&gt;&gt;</a>&nbsp;&nbsp;&nbsp;list_mutex
<LI><a href="#[cc]">&gt;&gt;</a>&nbsp;&nbsp;&nbsp;list_msgqueue
<LI><a href="#[cd]">&gt;&gt;</a>&nbsp;&nbsp;&nbsp;list_mempool
<LI><a href="#[cb]">&gt;&gt;</a>&nbsp;&nbsp;&nbsp;list_mailbox
<LI><a href="#[c9]">&gt;&gt;</a>&nbsp;&nbsp;&nbsp;list_event
<LI><a href="#[cf]">&gt;&gt;</a>&nbsp;&nbsp;&nbsp;list_device
<LI><a href="#[27b]">&gt;&gt;</a>&nbsp;&nbsp;&nbsp;list_get_next
<LI><a href="#[25e]">&gt;&gt;</a>&nbsp;&nbsp;&nbsp;finsh_set_password
<LI><a href="#[2c9]">&gt;&gt;</a>&nbsp;&nbsp;&nbsp;rt_object_allocate
<LI><a href="#[2cb]">&gt;&gt;</a>&nbsp;&nbsp;&nbsp;rt_object_delete
<LI><a href="#[2e4]">&gt;&gt;</a>&nbsp;&nbsp;&nbsp;rt_thread_defunct_dequeue
<LI><a href="#[2b6]">&gt;&gt;</a>&nbsp;&nbsp;&nbsp;rt_object_init
<LI><a href="#[2b3]">&gt;&gt;</a>&nbsp;&nbsp;&nbsp;rt_object_find
<LI><a href="#[2cd]">&gt;&gt;</a>&nbsp;&nbsp;&nbsp;rt_object_detach
<LI><a href="#[128]">&gt;&gt;</a>&nbsp;&nbsp;&nbsp;rtthread_startup
<LI><a href="#[200]">&gt;&gt;</a>&nbsp;&nbsp;&nbsp;rt_soft_timer_check
<LI><a href="#[1fc]">&gt;&gt;</a>&nbsp;&nbsp;&nbsp;_timer_list_next_timeout
<LI><a href="#[2e5]">&gt;&gt;</a>&nbsp;&nbsp;&nbsp;rt_thread_sleep
<LI><a href="#[2e3]">&gt;&gt;</a>&nbsp;&nbsp;&nbsp;rt_thread_detach
<LI><a href="#[75]">&gt;&gt;</a>&nbsp;&nbsp;&nbsp;_thread_timeout
<LI><a href="#[74]">&gt;&gt;</a>&nbsp;&nbsp;&nbsp;_thread_exit
<LI><a href="#[1f2]">&gt;&gt;</a>&nbsp;&nbsp;&nbsp;rt_schedule_remove_thread
<LI><a href="#[1fb]">&gt;&gt;</a>&nbsp;&nbsp;&nbsp;rt_schedule_insert_thread
<LI><a href="#[1e8]">&gt;&gt;</a>&nbsp;&nbsp;&nbsp;_scheduler_stack_check
</UL>

<P><STRONG><a name="[193]"></a>rt_hw_interrupt_enable</STRONG> (Thumb, 6 bytes, Stack size 0 bytes, context_rvds.o(.text))
<BR><BR>[Called By]<UL><LI><a href="#[25b]">&gt;&gt;</a>&nbsp;&nbsp;&nbsp;rt_sem_release
<LI><a href="#[1bb]">&gt;&gt;</a>&nbsp;&nbsp;&nbsp;rt_thread_control
<LI><a href="#[27e]">&gt;&gt;</a>&nbsp;&nbsp;&nbsp;rt_enter_critical
<LI><a href="#[c7]">&gt;&gt;</a>&nbsp;&nbsp;&nbsp;list_thread
<LI><a href="#[136]">&gt;&gt;</a>&nbsp;&nbsp;&nbsp;rt_interrupt_leave
<LI><a href="#[134]">&gt;&gt;</a>&nbsp;&nbsp;&nbsp;rt_interrupt_enter
<LI><a href="#[287]">&gt;&gt;</a>&nbsp;&nbsp;&nbsp;rt_timer_start
<LI><a href="#[24f]">&gt;&gt;</a>&nbsp;&nbsp;&nbsp;rt_sem_take
<LI><a href="#[2d7]">&gt;&gt;</a>&nbsp;&nbsp;&nbsp;rt_sem_create
<LI><a href="#[19d]">&gt;&gt;</a>&nbsp;&nbsp;&nbsp;rt_mutex_take
<LI><a href="#[19f]">&gt;&gt;</a>&nbsp;&nbsp;&nbsp;rt_mutex_release
<LI><a href="#[2c8]">&gt;&gt;</a>&nbsp;&nbsp;&nbsp;rt_mutex_create
<LI><a href="#[27f]">&gt;&gt;</a>&nbsp;&nbsp;&nbsp;rt_exit_critical
<LI><a href="#[2ac]">&gt;&gt;</a>&nbsp;&nbsp;&nbsp;rt_data_queue_reset
<LI><a href="#[2b2]">&gt;&gt;</a>&nbsp;&nbsp;&nbsp;rt_data_queue_push
<LI><a href="#[2b0]">&gt;&gt;</a>&nbsp;&nbsp;&nbsp;rt_data_queue_pop
<LI><a href="#[2af]">&gt;&gt;</a>&nbsp;&nbsp;&nbsp;rt_data_queue_peek
<LI><a href="#[2ae]">&gt;&gt;</a>&nbsp;&nbsp;&nbsp;rt_data_queue_len
<LI><a href="#[2ab]">&gt;&gt;</a>&nbsp;&nbsp;&nbsp;rt_data_queue_deinit
<LI><a href="#[2a9]">&gt;&gt;</a>&nbsp;&nbsp;&nbsp;rt_timer_control
<LI><a href="#[1ca]">&gt;&gt;</a>&nbsp;&nbsp;&nbsp;rt_thread_suspend
<LI><a href="#[1c8]">&gt;&gt;</a>&nbsp;&nbsp;&nbsp;rt_thread_resume
<LI><a href="#[1f5]">&gt;&gt;</a>&nbsp;&nbsp;&nbsp;rt_schedule
<LI><a href="#[2a8]">&gt;&gt;</a>&nbsp;&nbsp;&nbsp;rt_interrupt_get_nest
<LI><a href="#[1f1]">&gt;&gt;</a>&nbsp;&nbsp;&nbsp;rt_completion_wait
<LI><a href="#[2a6]">&gt;&gt;</a>&nbsp;&nbsp;&nbsp;rt_completion_init
<LI><a href="#[2a5]">&gt;&gt;</a>&nbsp;&nbsp;&nbsp;rt_completion_done
<LI><a href="#[194]">&gt;&gt;</a>&nbsp;&nbsp;&nbsp;rt_hw_serial_isr
<LI><a href="#[83]">&gt;&gt;</a>&nbsp;&nbsp;&nbsp;rt_serial_write
<LI><a href="#[1ef]">&gt;&gt;</a>&nbsp;&nbsp;&nbsp;_serial_int_rx
<LI><a href="#[1ea]">&gt;&gt;</a>&nbsp;&nbsp;&nbsp;_serial_dma_rx
<LI><a href="#[1e0]">&gt;&gt;</a>&nbsp;&nbsp;&nbsp;rt_pm_exit_critical
<LI><a href="#[1e5]">&gt;&gt;</a>&nbsp;&nbsp;&nbsp;rt_timer_check
<LI><a href="#[1e4]">&gt;&gt;</a>&nbsp;&nbsp;&nbsp;rt_tick_set
<LI><a href="#[2dd]">&gt;&gt;</a>&nbsp;&nbsp;&nbsp;rt_system_power_manager
<LI><a href="#[2d2]">&gt;&gt;</a>&nbsp;&nbsp;&nbsp;rt_pm_run_enter
<LI><a href="#[2d1]">&gt;&gt;</a>&nbsp;&nbsp;&nbsp;rt_pm_request
<LI><a href="#[2d0]">&gt;&gt;</a>&nbsp;&nbsp;&nbsp;rt_pm_release_all
<LI><a href="#[2cf]">&gt;&gt;</a>&nbsp;&nbsp;&nbsp;rt_pm_release
<LI><a href="#[2c7]">&gt;&gt;</a>&nbsp;&nbsp;&nbsp;rt_pm_module_request
<LI><a href="#[2c6]">&gt;&gt;</a>&nbsp;&nbsp;&nbsp;rt_pm_module_release_all
<LI><a href="#[2c5]">&gt;&gt;</a>&nbsp;&nbsp;&nbsp;rt_pm_module_release
<LI><a href="#[2c4]">&gt;&gt;</a>&nbsp;&nbsp;&nbsp;rt_pm_module_delay_sleep
<LI><a href="#[295]">&gt;&gt;</a>&nbsp;&nbsp;&nbsp;rt_lptimer_next_timeout_tick
<LI><a href="#[b6]">&gt;&gt;</a>&nbsp;&nbsp;&nbsp;lptimer_dump
<LI><a href="#[2e8]">&gt;&gt;</a>&nbsp;&nbsp;&nbsp;rt_timer_stop
<LI><a href="#[1f3]">&gt;&gt;</a>&nbsp;&nbsp;&nbsp;rt_timer_detach
<LI><a href="#[2e2]">&gt;&gt;</a>&nbsp;&nbsp;&nbsp;rt_thread_delete
<LI><a href="#[185]">&gt;&gt;</a>&nbsp;&nbsp;&nbsp;HAL_UART_TxCpltCallback
<LI><a href="#[1ae]">&gt;&gt;</a>&nbsp;&nbsp;&nbsp;uart_isr
<LI><a href="#[190]">&gt;&gt;</a>&nbsp;&nbsp;&nbsp;dma_isr
<LI><a href="#[99]">&gt;&gt;</a>&nbsp;&nbsp;&nbsp;stm32_pin_irq_enable
<LI><a href="#[98]">&gt;&gt;</a>&nbsp;&nbsp;&nbsp;stm32_pin_dettach_irq
<LI><a href="#[97]">&gt;&gt;</a>&nbsp;&nbsp;&nbsp;stm32_pin_attach_irq
<LI><a href="#[1a9]">&gt;&gt;</a>&nbsp;&nbsp;&nbsp;rt_tick_increase
<LI><a href="#[ce]">&gt;&gt;</a>&nbsp;&nbsp;&nbsp;list_timer
<LI><a href="#[c8]">&gt;&gt;</a>&nbsp;&nbsp;&nbsp;list_sem
<LI><a href="#[ca]">&gt;&gt;</a>&nbsp;&nbsp;&nbsp;list_mutex
<LI><a href="#[cc]">&gt;&gt;</a>&nbsp;&nbsp;&nbsp;list_msgqueue
<LI><a href="#[cd]">&gt;&gt;</a>&nbsp;&nbsp;&nbsp;list_mempool
<LI><a href="#[cb]">&gt;&gt;</a>&nbsp;&nbsp;&nbsp;list_mailbox
<LI><a href="#[c9]">&gt;&gt;</a>&nbsp;&nbsp;&nbsp;list_event
<LI><a href="#[cf]">&gt;&gt;</a>&nbsp;&nbsp;&nbsp;list_device
<LI><a href="#[27b]">&gt;&gt;</a>&nbsp;&nbsp;&nbsp;list_get_next
<LI><a href="#[25e]">&gt;&gt;</a>&nbsp;&nbsp;&nbsp;finsh_set_password
<LI><a href="#[2c9]">&gt;&gt;</a>&nbsp;&nbsp;&nbsp;rt_object_allocate
<LI><a href="#[2cb]">&gt;&gt;</a>&nbsp;&nbsp;&nbsp;rt_object_delete
<LI><a href="#[2e4]">&gt;&gt;</a>&nbsp;&nbsp;&nbsp;rt_thread_defunct_dequeue
<LI><a href="#[2b6]">&gt;&gt;</a>&nbsp;&nbsp;&nbsp;rt_object_init
<LI><a href="#[2b3]">&gt;&gt;</a>&nbsp;&nbsp;&nbsp;rt_object_find
<LI><a href="#[2cd]">&gt;&gt;</a>&nbsp;&nbsp;&nbsp;rt_object_detach
<LI><a href="#[200]">&gt;&gt;</a>&nbsp;&nbsp;&nbsp;rt_soft_timer_check
<LI><a href="#[1fc]">&gt;&gt;</a>&nbsp;&nbsp;&nbsp;_timer_list_next_timeout
<LI><a href="#[2e5]">&gt;&gt;</a>&nbsp;&nbsp;&nbsp;rt_thread_sleep
<LI><a href="#[2e3]">&gt;&gt;</a>&nbsp;&nbsp;&nbsp;rt_thread_detach
<LI><a href="#[75]">&gt;&gt;</a>&nbsp;&nbsp;&nbsp;_thread_timeout
<LI><a href="#[74]">&gt;&gt;</a>&nbsp;&nbsp;&nbsp;_thread_exit
<LI><a href="#[1f2]">&gt;&gt;</a>&nbsp;&nbsp;&nbsp;rt_schedule_remove_thread
<LI><a href="#[1fb]">&gt;&gt;</a>&nbsp;&nbsp;&nbsp;rt_schedule_insert_thread
</UL>

<P><STRONG><a name="[2d6]"></a>rt_hw_context_switch</STRONG> (Thumb, 32 bytes, Stack size 0 bytes, context_rvds.o(.text))
<BR><BR>[Called By]<UL><LI><a href="#[1f5]">&gt;&gt;</a>&nbsp;&nbsp;&nbsp;rt_schedule
</UL>

<P><STRONG><a name="[2d5]"></a>rt_hw_context_switch_interrupt</STRONG> (Thumb, 0 bytes, Stack size 0 bytes, context_rvds.o(.text))
<BR><BR>[Called By]<UL><LI><a href="#[1f5]">&gt;&gt;</a>&nbsp;&nbsp;&nbsp;rt_schedule
</UL>

<P><STRONG><a name="[1b]"></a>PendSV_Handler</STRONG> (Thumb, 60 bytes, Stack size 0 bytes, context_rvds.o(.text))
<BR>[Address Reference Count : 1]<UL><LI> startup_stm32f103xe.o(RESET)
</UL>
<P><STRONG><a name="[2df]"></a>rt_hw_context_switch_to</STRONG> (Thumb, 64 bytes, Stack size 0 bytes, context_rvds.o(.text))
<BR><BR>[Called By]<UL><LI><a href="#[2de]">&gt;&gt;</a>&nbsp;&nbsp;&nbsp;rt_system_scheduler_start
</UL>

<P><STRONG><a name="[33c]"></a>rt_hw_interrupt_thread_switch</STRONG> (Thumb, 2 bytes, Stack size 0 bytes, context_rvds.o(.text), UNUSED)

<P><STRONG><a name="[15]"></a>HardFault_Handler</STRONG> (Thumb, 52 bytes, Stack size 0 bytes, context_rvds.o(.text))
<BR><BR>[Stack]<UL><LI>Max Depth = 968<LI>Call Chain = HardFault_Handler &rArr; rt_hw_hard_fault_exception &rArr; list_thread &rArr; object_split &rArr; rt_kprintf &rArr; rt_vsnprintf &rArr; __vsnprintf &rArr; print_floating_point &rArr; print_exponential_number &rArr; print_integer &rArr; print_integer_finalization &rArr; out_rev_
</UL>
<BR>[Calls]<UL><LI><a href="#[f5]">&gt;&gt;</a>&nbsp;&nbsp;&nbsp;rt_hw_hard_fault_exception
</UL>
<BR>[Address Reference Count : 1]<UL><LI> startup_stm32f103xe.o(RESET)
</UL>
<P><STRONG><a name="[13]"></a>Reset_Handler</STRONG> (Thumb, 8 bytes, Stack size 0 bytes, startup_stm32f103xe.o(.text))
<BR>[Address Reference Count : 1]<UL><LI> startup_stm32f103xe.o(RESET)
</UL>
<P><STRONG><a name="[14]"></a>NMI_Handler</STRONG> (Thumb, 2 bytes, Stack size 0 bytes, startup_stm32f103xe.o(.text))
<BR><BR>[Calls]<UL><LI><a href="#[14]">&gt;&gt;</a>&nbsp;&nbsp;&nbsp;NMI_Handler
</UL>
<BR>[Called By]<UL><LI><a href="#[14]">&gt;&gt;</a>&nbsp;&nbsp;&nbsp;NMI_Handler
</UL>
<BR>[Address Reference Count : 1]<UL><LI> startup_stm32f103xe.o(RESET)
</UL>
<P><STRONG><a name="[16]"></a>MemManage_Handler</STRONG> (Thumb, 2 bytes, Stack size 0 bytes, startup_stm32f103xe.o(.text))
<BR><BR>[Calls]<UL><LI><a href="#[16]">&gt;&gt;</a>&nbsp;&nbsp;&nbsp;MemManage_Handler
</UL>
<BR>[Called By]<UL><LI><a href="#[16]">&gt;&gt;</a>&nbsp;&nbsp;&nbsp;MemManage_Handler
</UL>
<BR>[Address Reference Count : 1]<UL><LI> startup_stm32f103xe.o(RESET)
</UL>
<P><STRONG><a name="[17]"></a>BusFault_Handler</STRONG> (Thumb, 2 bytes, Stack size 0 bytes, startup_stm32f103xe.o(.text))
<BR><BR>[Calls]<UL><LI><a href="#[17]">&gt;&gt;</a>&nbsp;&nbsp;&nbsp;BusFault_Handler
</UL>
<BR>[Called By]<UL><LI><a href="#[17]">&gt;&gt;</a>&nbsp;&nbsp;&nbsp;BusFault_Handler
</UL>
<BR>[Address Reference Count : 1]<UL><LI> startup_stm32f103xe.o(RESET)
</UL>
<P><STRONG><a name="[18]"></a>UsageFault_Handler</STRONG> (Thumb, 2 bytes, Stack size 0 bytes, startup_stm32f103xe.o(.text))
<BR><BR>[Calls]<UL><LI><a href="#[18]">&gt;&gt;</a>&nbsp;&nbsp;&nbsp;UsageFault_Handler
</UL>
<BR>[Called By]<UL><LI><a href="#[18]">&gt;&gt;</a>&nbsp;&nbsp;&nbsp;UsageFault_Handler
</UL>
<BR>[Address Reference Count : 1]<UL><LI> startup_stm32f103xe.o(RESET)
</UL>
<P><STRONG><a name="[19]"></a>SVC_Handler</STRONG> (Thumb, 2 bytes, Stack size 0 bytes, startup_stm32f103xe.o(.text))
<BR><BR>[Calls]<UL><LI><a href="#[19]">&gt;&gt;</a>&nbsp;&nbsp;&nbsp;SVC_Handler
</UL>
<BR>[Called By]<UL><LI><a href="#[19]">&gt;&gt;</a>&nbsp;&nbsp;&nbsp;SVC_Handler
</UL>
<BR>[Address Reference Count : 1]<UL><LI> startup_stm32f103xe.o(RESET)
</UL>
<P><STRONG><a name="[1a]"></a>DebugMon_Handler</STRONG> (Thumb, 2 bytes, Stack size 0 bytes, startup_stm32f103xe.o(.text))
<BR><BR>[Calls]<UL><LI><a href="#[1a]">&gt;&gt;</a>&nbsp;&nbsp;&nbsp;DebugMon_Handler
</UL>
<BR>[Called By]<UL><LI><a href="#[1a]">&gt;&gt;</a>&nbsp;&nbsp;&nbsp;DebugMon_Handler
</UL>
<BR>[Address Reference Count : 1]<UL><LI> startup_stm32f103xe.o(RESET)
</UL>
<P><STRONG><a name="[2f]"></a>ADC1_2_IRQHandler</STRONG> (Thumb, 0 bytes, Stack size 0 bytes, startup_stm32f103xe.o(.text))
<BR><BR>[Calls]<UL><LI><a href="#[2f]">&gt;&gt;</a>&nbsp;&nbsp;&nbsp;ADC1_2_IRQHandler
</UL>
<BR>[Called By]<UL><LI><a href="#[2f]">&gt;&gt;</a>&nbsp;&nbsp;&nbsp;ADC1_2_IRQHandler
</UL>
<BR>[Address Reference Count : 1]<UL><LI> startup_stm32f103xe.o(RESET)
</UL>
<P><STRONG><a name="[4c]"></a>ADC3_IRQHandler</STRONG> (Thumb, 0 bytes, Stack size 0 bytes, startup_stm32f103xe.o(.text))
<BR>[Address Reference Count : 1]<UL><LI> startup_stm32f103xe.o(RESET)
</UL>
<P><STRONG><a name="[32]"></a>CAN1_RX1_IRQHandler</STRONG> (Thumb, 0 bytes, Stack size 0 bytes, startup_stm32f103xe.o(.text))
<BR>[Address Reference Count : 1]<UL><LI> startup_stm32f103xe.o(RESET)
</UL>
<P><STRONG><a name="[33]"></a>CAN1_SCE_IRQHandler</STRONG> (Thumb, 0 bytes, Stack size 0 bytes, startup_stm32f103xe.o(.text))
<BR>[Address Reference Count : 1]<UL><LI> startup_stm32f103xe.o(RESET)
</UL>
<P><STRONG><a name="[55]"></a>DMA2_Channel1_IRQHandler</STRONG> (Thumb, 0 bytes, Stack size 0 bytes, startup_stm32f103xe.o(.text))
<BR>[Address Reference Count : 1]<UL><LI> startup_stm32f103xe.o(RESET)
</UL>
<P><STRONG><a name="[56]"></a>DMA2_Channel2_IRQHandler</STRONG> (Thumb, 0 bytes, Stack size 0 bytes, startup_stm32f103xe.o(.text))
<BR>[Address Reference Count : 1]<UL><LI> startup_stm32f103xe.o(RESET)
</UL>
<P><STRONG><a name="[57]"></a>DMA2_Channel3_IRQHandler</STRONG> (Thumb, 0 bytes, Stack size 0 bytes, startup_stm32f103xe.o(.text))
<BR>[Address Reference Count : 1]<UL><LI> startup_stm32f103xe.o(RESET)
</UL>
<P><STRONG><a name="[58]"></a>DMA2_Channel4_5_IRQHandler</STRONG> (Thumb, 0 bytes, Stack size 0 bytes, startup_stm32f103xe.o(.text))
<BR>[Address Reference Count : 1]<UL><LI> startup_stm32f103xe.o(RESET)
</UL>
<P><STRONG><a name="[21]"></a>FLASH_IRQHandler</STRONG> (Thumb, 0 bytes, Stack size 0 bytes, startup_stm32f103xe.o(.text))
<BR>[Address Reference Count : 1]<UL><LI> startup_stm32f103xe.o(RESET)
</UL>
<P><STRONG><a name="[4d]"></a>FSMC_IRQHandler</STRONG> (Thumb, 0 bytes, Stack size 0 bytes, startup_stm32f103xe.o(.text))
<BR>[Address Reference Count : 1]<UL><LI> startup_stm32f103xe.o(RESET)
</UL>
<P><STRONG><a name="[3d]"></a>I2C1_ER_IRQHandler</STRONG> (Thumb, 0 bytes, Stack size 0 bytes, startup_stm32f103xe.o(.text))
<BR>[Address Reference Count : 1]<UL><LI> startup_stm32f103xe.o(RESET)
</UL>
<P><STRONG><a name="[3c]"></a>I2C1_EV_IRQHandler</STRONG> (Thumb, 0 bytes, Stack size 0 bytes, startup_stm32f103xe.o(.text))
<BR>[Address Reference Count : 1]<UL><LI> startup_stm32f103xe.o(RESET)
</UL>
<P><STRONG><a name="[3f]"></a>I2C2_ER_IRQHandler</STRONG> (Thumb, 0 bytes, Stack size 0 bytes, startup_stm32f103xe.o(.text))
<BR>[Address Reference Count : 1]<UL><LI> startup_stm32f103xe.o(RESET)
</UL>
<P><STRONG><a name="[3e]"></a>I2C2_EV_IRQHandler</STRONG> (Thumb, 0 bytes, Stack size 0 bytes, startup_stm32f103xe.o(.text))
<BR>[Address Reference Count : 1]<UL><LI> startup_stm32f103xe.o(RESET)
</UL>
<P><STRONG><a name="[1e]"></a>PVD_IRQHandler</STRONG> (Thumb, 0 bytes, Stack size 0 bytes, startup_stm32f103xe.o(.text))
<BR>[Address Reference Count : 1]<UL><LI> startup_stm32f103xe.o(RESET)
</UL>
<P><STRONG><a name="[22]"></a>RCC_IRQHandler</STRONG> (Thumb, 0 bytes, Stack size 0 bytes, startup_stm32f103xe.o(.text))
<BR>[Address Reference Count : 1]<UL><LI> startup_stm32f103xe.o(RESET)
</UL>
<P><STRONG><a name="[46]"></a>RTC_Alarm_IRQHandler</STRONG> (Thumb, 0 bytes, Stack size 0 bytes, startup_stm32f103xe.o(.text))
<BR>[Address Reference Count : 1]<UL><LI> startup_stm32f103xe.o(RESET)
</UL>
<P><STRONG><a name="[20]"></a>RTC_IRQHandler</STRONG> (Thumb, 0 bytes, Stack size 0 bytes, startup_stm32f103xe.o(.text))
<BR>[Address Reference Count : 1]<UL><LI> startup_stm32f103xe.o(RESET)
</UL>
<P><STRONG><a name="[4e]"></a>SDIO_IRQHandler</STRONG> (Thumb, 0 bytes, Stack size 0 bytes, startup_stm32f103xe.o(.text))
<BR>[Address Reference Count : 1]<UL><LI> startup_stm32f103xe.o(RESET)
</UL>
<P><STRONG><a name="[40]"></a>SPI1_IRQHandler</STRONG> (Thumb, 0 bytes, Stack size 0 bytes, startup_stm32f103xe.o(.text))
<BR>[Address Reference Count : 1]<UL><LI> startup_stm32f103xe.o(RESET)
</UL>
<P><STRONG><a name="[41]"></a>SPI2_IRQHandler</STRONG> (Thumb, 0 bytes, Stack size 0 bytes, startup_stm32f103xe.o(.text))
<BR>[Address Reference Count : 1]<UL><LI> startup_stm32f103xe.o(RESET)
</UL>
<P><STRONG><a name="[50]"></a>SPI3_IRQHandler</STRONG> (Thumb, 0 bytes, Stack size 0 bytes, startup_stm32f103xe.o(.text))
<BR>[Address Reference Count : 1]<UL><LI> startup_stm32f103xe.o(RESET)
</UL>
<P><STRONG><a name="[1f]"></a>TAMPER_IRQHandler</STRONG> (Thumb, 0 bytes, Stack size 0 bytes, startup_stm32f103xe.o(.text))
<BR>[Address Reference Count : 1]<UL><LI> startup_stm32f103xe.o(RESET)
</UL>
<P><STRONG><a name="[35]"></a>TIM1_BRK_IRQHandler</STRONG> (Thumb, 0 bytes, Stack size 0 bytes, startup_stm32f103xe.o(.text))
<BR>[Address Reference Count : 1]<UL><LI> startup_stm32f103xe.o(RESET)
</UL>
<P><STRONG><a name="[38]"></a>TIM1_CC_IRQHandler</STRONG> (Thumb, 0 bytes, Stack size 0 bytes, startup_stm32f103xe.o(.text))
<BR>[Address Reference Count : 1]<UL><LI> startup_stm32f103xe.o(RESET)
</UL>
<P><STRONG><a name="[37]"></a>TIM1_TRG_COM_IRQHandler</STRONG> (Thumb, 0 bytes, Stack size 0 bytes, startup_stm32f103xe.o(.text))
<BR>[Address Reference Count : 1]<UL><LI> startup_stm32f103xe.o(RESET)
</UL>
<P><STRONG><a name="[36]"></a>TIM1_UP_IRQHandler</STRONG> (Thumb, 0 bytes, Stack size 0 bytes, startup_stm32f103xe.o(.text))
<BR>[Address Reference Count : 1]<UL><LI> startup_stm32f103xe.o(RESET)
</UL>
<P><STRONG><a name="[39]"></a>TIM2_IRQHandler</STRONG> (Thumb, 0 bytes, Stack size 0 bytes, startup_stm32f103xe.o(.text))
<BR>[Address Reference Count : 1]<UL><LI> startup_stm32f103xe.o(RESET)
</UL>
<P><STRONG><a name="[3a]"></a>TIM3_IRQHandler</STRONG> (Thumb, 0 bytes, Stack size 0 bytes, startup_stm32f103xe.o(.text))
<BR>[Address Reference Count : 1]<UL><LI> startup_stm32f103xe.o(RESET)
</UL>
<P><STRONG><a name="[3b]"></a>TIM4_IRQHandler</STRONG> (Thumb, 0 bytes, Stack size 0 bytes, startup_stm32f103xe.o(.text))
<BR>[Address Reference Count : 1]<UL><LI> startup_stm32f103xe.o(RESET)
</UL>
<P><STRONG><a name="[4f]"></a>TIM5_IRQHandler</STRONG> (Thumb, 0 bytes, Stack size 0 bytes, startup_stm32f103xe.o(.text))
<BR>[Address Reference Count : 1]<UL><LI> startup_stm32f103xe.o(RESET)
</UL>
<P><STRONG><a name="[53]"></a>TIM6_IRQHandler</STRONG> (Thumb, 0 bytes, Stack size 0 bytes, startup_stm32f103xe.o(.text))
<BR>[Address Reference Count : 1]<UL><LI> startup_stm32f103xe.o(RESET)
</UL>
<P><STRONG><a name="[54]"></a>TIM7_IRQHandler</STRONG> (Thumb, 0 bytes, Stack size 0 bytes, startup_stm32f103xe.o(.text))
<BR>[Address Reference Count : 1]<UL><LI> startup_stm32f103xe.o(RESET)
</UL>
<P><STRONG><a name="[48]"></a>TIM8_BRK_IRQHandler</STRONG> (Thumb, 0 bytes, Stack size 0 bytes, startup_stm32f103xe.o(.text))
<BR>[Address Reference Count : 1]<UL><LI> startup_stm32f103xe.o(RESET)
</UL>
<P><STRONG><a name="[4b]"></a>TIM8_CC_IRQHandler</STRONG> (Thumb, 0 bytes, Stack size 0 bytes, startup_stm32f103xe.o(.text))
<BR>[Address Reference Count : 1]<UL><LI> startup_stm32f103xe.o(RESET)
</UL>
<P><STRONG><a name="[4a]"></a>TIM8_TRG_COM_IRQHandler</STRONG> (Thumb, 0 bytes, Stack size 0 bytes, startup_stm32f103xe.o(.text))
<BR>[Address Reference Count : 1]<UL><LI> startup_stm32f103xe.o(RESET)
</UL>
<P><STRONG><a name="[49]"></a>TIM8_UP_IRQHandler</STRONG> (Thumb, 0 bytes, Stack size 0 bytes, startup_stm32f103xe.o(.text))
<BR>[Address Reference Count : 1]<UL><LI> startup_stm32f103xe.o(RESET)
</UL>
<P><STRONG><a name="[51]"></a>UART4_IRQHandler</STRONG> (Thumb, 0 bytes, Stack size 0 bytes, startup_stm32f103xe.o(.text))
<BR>[Address Reference Count : 1]<UL><LI> startup_stm32f103xe.o(RESET)
</UL>
<P><STRONG><a name="[52]"></a>UART5_IRQHandler</STRONG> (Thumb, 0 bytes, Stack size 0 bytes, startup_stm32f103xe.o(.text))
<BR>[Address Reference Count : 1]<UL><LI> startup_stm32f103xe.o(RESET)
</UL>
<P><STRONG><a name="[47]"></a>USBWakeUp_IRQHandler</STRONG> (Thumb, 0 bytes, Stack size 0 bytes, startup_stm32f103xe.o(.text))
<BR>[Address Reference Count : 1]<UL><LI> startup_stm32f103xe.o(RESET)
</UL>
<P><STRONG><a name="[30]"></a>USB_HP_CAN1_TX_IRQHandler</STRONG> (Thumb, 0 bytes, Stack size 0 bytes, startup_stm32f103xe.o(.text))
<BR>[Address Reference Count : 1]<UL><LI> startup_stm32f103xe.o(RESET)
</UL>
<P><STRONG><a name="[31]"></a>USB_LP_CAN1_RX0_IRQHandler</STRONG> (Thumb, 0 bytes, Stack size 0 bytes, startup_stm32f103xe.o(.text))
<BR>[Address Reference Count : 1]<UL><LI> startup_stm32f103xe.o(RESET)
</UL>
<P><STRONG><a name="[1d]"></a>WWDG_IRQHandler</STRONG> (Thumb, 0 bytes, Stack size 0 bytes, startup_stm32f103xe.o(.text))
<BR>[Address Reference Count : 1]<UL><LI> startup_stm32f103xe.o(RESET)
</UL>
<P><STRONG><a name="[115]"></a>__user_initial_stackheap</STRONG> (Thumb, 0 bytes, Stack size unknown bytes, startup_stm32f103xe.o(.text))
<BR><BR>[Called By]<UL><LI><a href="#[eb]">&gt;&gt;</a>&nbsp;&nbsp;&nbsp;__user_setup_stackheap
</UL>

<P><STRONG><a name="[33d]"></a>__semihosting$guard</STRONG> (Thumb, 0 bytes, Stack size 0 bytes, use_no_semi.o(.text), UNUSED)

<P><STRONG><a name="[33e]"></a>__use_no_semihosting_swi</STRONG> (Thumb, 2 bytes, Stack size 0 bytes, use_no_semi.o(.text), UNUSED)

<P><STRONG><a name="[f6]"></a>__rt_ctype_table</STRONG> (Thumb, 16 bytes, Stack size 8 bytes, rt_ctype_table.o(.text))
<BR><BR>[Stack]<UL><LI>Max Depth = 8<LI>Call Chain = __rt_ctype_table
</UL>
<BR>[Calls]<UL><LI><a href="#[e6]">&gt;&gt;</a>&nbsp;&nbsp;&nbsp;__rt_locale
</UL>
<BR>[Called By]<UL><LI><a href="#[1d9]">&gt;&gt;</a>&nbsp;&nbsp;&nbsp;msh_isint
<LI><a href="#[60]">&gt;&gt;</a>&nbsp;&nbsp;&nbsp;isspace
<LI><a href="#[102]">&gt;&gt;</a>&nbsp;&nbsp;&nbsp;strtol
<LI><a href="#[f9]">&gt;&gt;</a>&nbsp;&nbsp;&nbsp;toupper
</UL>

<P><STRONG><a name="[f8]"></a>__aeabi_uldivmod</STRONG> (Thumb, 0 bytes, Stack size 48 bytes, lludivv7m.o(.text))
<BR><BR>[Stack]<UL><LI>Max Depth = 48<LI>Call Chain = __aeabi_uldivmod
</UL>
<BR>[Called By]<UL><LI><a href="#[f7]">&gt;&gt;</a>&nbsp;&nbsp;&nbsp;_ll_sdiv
<LI><a href="#[1c0]">&gt;&gt;</a>&nbsp;&nbsp;&nbsp;print_integer
</UL>

<P><STRONG><a name="[33f]"></a>_ll_udiv</STRONG> (Thumb, 238 bytes, Stack size 48 bytes, lludivv7m.o(.text), UNUSED)

<P><STRONG><a name="[158]"></a>__aeabi_llsr</STRONG> (Thumb, 0 bytes, Stack size 0 bytes, llushr.o(.text))
<BR><BR>[Called By]<UL><LI><a href="#[14b]">&gt;&gt;</a>&nbsp;&nbsp;&nbsp;HAL_FLASH_Program
</UL>

<P><STRONG><a name="[340]"></a>_ll_ushift_r</STRONG> (Thumb, 38 bytes, Stack size 0 bytes, llushr.o(.text), UNUSED)

<P><STRONG><a name="[23f]"></a>__aeabi_ldivmod</STRONG> (Thumb, 0 bytes, Stack size 8 bytes, llsdiv.o(.text))
<BR><BR>[Stack]<UL><LI>Max Depth = 8<LI>Call Chain = __aeabi_ldivmod
</UL>
<BR>[Called By]<UL><LI><a href="#[225]">&gt;&gt;</a>&nbsp;&nbsp;&nbsp;df
<LI><a href="#[296]">&gt;&gt;</a>&nbsp;&nbsp;&nbsp;print_broken_up_decimal
</UL>

<P><STRONG><a name="[f7]"></a>_ll_sdiv</STRONG> (Thumb, 72 bytes, Stack size 8 bytes, llsdiv.o(.text), UNUSED)
<BR><BR>[Calls]<UL><LI><a href="#[f8]">&gt;&gt;</a>&nbsp;&nbsp;&nbsp;__aeabi_uldivmod
</UL>

<P><STRONG><a name="[f9]"></a>toupper</STRONG> (Thumb, 30 bytes, Stack size 8 bytes, toupper.o(.text))
<BR><BR>[Stack]<UL><LI>Max Depth = 16<LI>Call Chain = toupper &rArr; __rt_ctype_table
</UL>
<BR>[Calls]<UL><LI><a href="#[f6]">&gt;&gt;</a>&nbsp;&nbsp;&nbsp;__rt_ctype_table
</UL>
<BR>[Called By]<UL><LI><a href="#[1d1]">&gt;&gt;</a>&nbsp;&nbsp;&nbsp;_pin_cmd_conv
</UL>

<P><STRONG><a name="[fa]"></a>__2sprintf</STRONG> (Thumb, 34 bytes, Stack size 32 bytes, noretval__2sprintf.o(.text))
<BR><BR>[Stack]<UL><LI>Max Depth = 136 + Unknown Stack Size
<LI>Call Chain = __2sprintf &rArr; _printf_char_common &rArr; __printf
</UL>
<BR>[Calls]<UL><LI><a href="#[5c]">&gt;&gt;</a>&nbsp;&nbsp;&nbsp;_sputc
<LI><a href="#[fb]">&gt;&gt;</a>&nbsp;&nbsp;&nbsp;_printf_char_common
</UL>
<BR>[Called By]<UL><LI><a href="#[21f]">&gt;&gt;</a>&nbsp;&nbsp;&nbsp;print_call_stack
</UL>

<P><STRONG><a name="[10d]"></a>_printf_pre_padding</STRONG> (Thumb, 44 bytes, Stack size 16 bytes, _printf_pad.o(.text))
<BR><BR>[Stack]<UL><LI>Max Depth = 16<LI>Call Chain = _printf_pre_padding
</UL>
<BR>[Called By]<UL><LI><a href="#[fc]">&gt;&gt;</a>&nbsp;&nbsp;&nbsp;_printf_int_common
</UL>

<P><STRONG><a name="[10e]"></a>_printf_post_padding</STRONG> (Thumb, 34 bytes, Stack size 16 bytes, _printf_pad.o(.text))
<BR><BR>[Stack]<UL><LI>Max Depth = 16<LI>Call Chain = _printf_post_padding
</UL>
<BR>[Called By]<UL><LI><a href="#[fc]">&gt;&gt;</a>&nbsp;&nbsp;&nbsp;_printf_int_common
</UL>

<P><STRONG><a name="[e4]"></a>_printf_int_hex</STRONG> (Thumb, 84 bytes, Stack size 16 bytes, _printf_hex_int.o(.text))
<BR><BR>[Stack]<UL><LI>Max Depth = 64<LI>Call Chain = _printf_int_hex &rArr; _printf_int_common &rArr; _printf_post_padding
</UL>
<BR>[Calls]<UL><LI><a href="#[fc]">&gt;&gt;</a>&nbsp;&nbsp;&nbsp;_printf_int_common
</UL>
<BR>[Called By]<UL><LI><a href="#[e3]">&gt;&gt;</a>&nbsp;&nbsp;&nbsp;_printf_x
</UL>

<P><STRONG><a name="[341]"></a>_printf_longlong_hex</STRONG> (Thumb, 0 bytes, Stack size 16 bytes, _printf_hex_int.o(.text), UNUSED)

<P><STRONG><a name="[fd]"></a>__printf</STRONG> (Thumb, 388 bytes, Stack size 40 bytes, __printf_flags_ss_wp.o(.text))
<BR><BR>[Stack]<UL><LI>Max Depth = 40 + Unknown Stack Size
<LI>Call Chain = __printf
</UL>
<BR>[Calls]<UL><LI><a href="#[ff]">&gt;&gt;</a>&nbsp;&nbsp;&nbsp;_printf_percent
<LI><a href="#[fe]">&gt;&gt;</a>&nbsp;&nbsp;&nbsp;_is_digit
</UL>
<BR>[Called By]<UL><LI><a href="#[fb]">&gt;&gt;</a>&nbsp;&nbsp;&nbsp;_printf_char_common
</UL>

<P><STRONG><a name="[100]"></a>atoi</STRONG> (Thumb, 26 bytes, Stack size 16 bytes, atoi.o(.text))
<BR><BR>[Stack]<UL><LI>Max Depth = 88<LI>Call Chain = atoi &rArr; strtol &rArr; _strtoul
</UL>
<BR>[Calls]<UL><LI><a href="#[102]">&gt;&gt;</a>&nbsp;&nbsp;&nbsp;strtol
<LI><a href="#[101]">&gt;&gt;</a>&nbsp;&nbsp;&nbsp;__aeabi_errno_addr
</UL>
<BR>[Called By]<UL><LI><a href="#[af]">&gt;&gt;</a>&nbsp;&nbsp;&nbsp;set_dac
<LI><a href="#[b0]">&gt;&gt;</a>&nbsp;&nbsp;&nbsp;set_ao
<LI><a href="#[be]">&gt;&gt;</a>&nbsp;&nbsp;&nbsp;rt_pm_run_mode_switch
<LI><a href="#[b9]">&gt;&gt;</a>&nbsp;&nbsp;&nbsp;rt_pm_request_mode
<LI><a href="#[b8]">&gt;&gt;</a>&nbsp;&nbsp;&nbsp;rt_pm_release_mode_all
<LI><a href="#[b7]">&gt;&gt;</a>&nbsp;&nbsp;&nbsp;rt_pm_release_mode
<LI><a href="#[bc]">&gt;&gt;</a>&nbsp;&nbsp;&nbsp;rt_module_request_mode
<LI><a href="#[bb]">&gt;&gt;</a>&nbsp;&nbsp;&nbsp;rt_module_release_mode_all
<LI><a href="#[ba]">&gt;&gt;</a>&nbsp;&nbsp;&nbsp;rt_module_release_mode
<LI><a href="#[bd]">&gt;&gt;</a>&nbsp;&nbsp;&nbsp;rt_module_delay_sleep
<LI><a href="#[1d5]">&gt;&gt;</a>&nbsp;&nbsp;&nbsp;_pin_cmd_write
<LI><a href="#[1d4]">&gt;&gt;</a>&nbsp;&nbsp;&nbsp;_pin_cmd_read
<LI><a href="#[1d3]">&gt;&gt;</a>&nbsp;&nbsp;&nbsp;_pin_cmd_mode
<LI><a href="#[de]">&gt;&gt;</a>&nbsp;&nbsp;&nbsp;cmd_tail
</UL>

<P><STRONG><a name="[1d7]"></a>strncat</STRONG> (Thumb, 36 bytes, Stack size 8 bytes, strncat.o(.text))
<BR><BR>[Stack]<UL><LI>Max Depth = 8<LI>Call Chain = strncat
</UL>
<BR>[Called By]<UL><LI><a href="#[1d1]">&gt;&gt;</a>&nbsp;&nbsp;&nbsp;_pin_cmd_conv
</UL>

<P><STRONG><a name="[292]"></a>strstr</STRONG> (Thumb, 36 bytes, Stack size 12 bytes, strstr.o(.text))
<BR><BR>[Stack]<UL><LI>Max Depth = 12<LI>Call Chain = strstr
</UL>
<BR>[Called By]<UL><LI><a href="#[291]">&gt;&gt;</a>&nbsp;&nbsp;&nbsp;msh_exec_script
</UL>

<P><STRONG><a name="[2ec]"></a>memcmp</STRONG> (Thumb, 88 bytes, Stack size 8 bytes, memcmp.o(.text))
<BR><BR>[Stack]<UL><LI>Max Depth = 8<LI>Call Chain = memcmp
</UL>
<BR>[Called By]<UL><LI><a href="#[269]">&gt;&gt;</a>&nbsp;&nbsp;&nbsp;shell_push_history
</UL>

<P><STRONG><a name="[256]"></a>strcpy</STRONG> (Thumb, 72 bytes, Stack size 12 bytes, strcpy.o(.text))
<BR><BR>[Stack]<UL><LI>Max Depth = 12<LI>Call Chain = strcpy
</UL>
<BR>[Called By]<UL><LI><a href="#[28e]">&gt;&gt;</a>&nbsp;&nbsp;&nbsp;msh_auto_complete_path
<LI><a href="#[255]">&gt;&gt;</a>&nbsp;&nbsp;&nbsp;finsh_get_prompt
</UL>

<P><STRONG><a name="[1c4]"></a>strrchr</STRONG> (Thumb, 22 bytes, Stack size 0 bytes, strrchr.o(.text))
<BR><BR>[Called By]<UL><LI><a href="#[1c3]">&gt;&gt;</a>&nbsp;&nbsp;&nbsp;_get_path_lastname
</UL>

<P><STRONG><a name="[1d6]"></a>strlen</STRONG> (Thumb, 62 bytes, Stack size 8 bytes, strlen.o(.text))
<BR><BR>[Stack]<UL><LI>Max Depth = 8<LI>Call Chain = strlen
</UL>
<BR>[Called By]<UL><LI><a href="#[1d1]">&gt;&gt;</a>&nbsp;&nbsp;&nbsp;_pin_cmd_conv
<LI><a href="#[240]">&gt;&gt;</a>&nbsp;&nbsp;&nbsp;dfs_filesystem_lookup
<LI><a href="#[20f]">&gt;&gt;</a>&nbsp;&nbsp;&nbsp;dfs_normalize_path
<LI><a href="#[20e]">&gt;&gt;</a>&nbsp;&nbsp;&nbsp;chdir
<LI><a href="#[9a]">&gt;&gt;</a>&nbsp;&nbsp;&nbsp;stm32_pin_get
<LI><a href="#[d3]">&gt;&gt;</a>&nbsp;&nbsp;&nbsp;cmd_mv
<LI><a href="#[dd]">&gt;&gt;</a>&nbsp;&nbsp;&nbsp;cmd_echo
<LI><a href="#[28e]">&gt;&gt;</a>&nbsp;&nbsp;&nbsp;msh_auto_complete_path
<LI><a href="#[268]">&gt;&gt;</a>&nbsp;&nbsp;&nbsp;msh_auto_complete
<LI><a href="#[77]">&gt;&gt;</a>&nbsp;&nbsp;&nbsp;finsh_thread_entry
<LI><a href="#[25e]">&gt;&gt;</a>&nbsp;&nbsp;&nbsp;finsh_set_password
<LI><a href="#[255]">&gt;&gt;</a>&nbsp;&nbsp;&nbsp;finsh_get_prompt
<LI><a href="#[265]">&gt;&gt;</a>&nbsp;&nbsp;&nbsp;finsh_wait_auth
<LI><a href="#[242]">&gt;&gt;</a>&nbsp;&nbsp;&nbsp;rt_strdup
<LI><a href="#[c1]">&gt;&gt;</a>&nbsp;&nbsp;&nbsp;list_fd
<LI><a href="#[245]">&gt;&gt;</a>&nbsp;&nbsp;&nbsp;fd_is_open
<LI><a href="#[241]">&gt;&gt;</a>&nbsp;&nbsp;&nbsp;dfs_subdir
</UL>

<P><STRONG><a name="[1cd]"></a>strncmp</STRONG> (Thumb, 150 bytes, Stack size 16 bytes, strncmp.o(.text))
<BR><BR>[Stack]<UL><LI>Max Depth = 16<LI>Call Chain = strncmp
</UL>
<BR>[Called By]<UL><LI><a href="#[240]">&gt;&gt;</a>&nbsp;&nbsp;&nbsp;dfs_filesystem_lookup
<LI><a href="#[28e]">&gt;&gt;</a>&nbsp;&nbsp;&nbsp;msh_auto_complete_path
<LI><a href="#[1cc]">&gt;&gt;</a>&nbsp;&nbsp;&nbsp;_msh_exec_cmd
<LI><a href="#[268]">&gt;&gt;</a>&nbsp;&nbsp;&nbsp;msh_auto_complete
<LI><a href="#[265]">&gt;&gt;</a>&nbsp;&nbsp;&nbsp;finsh_wait_auth
<LI><a href="#[2b3]">&gt;&gt;</a>&nbsp;&nbsp;&nbsp;rt_object_find
</UL>

<P><STRONG><a name="[258]"></a>strcat</STRONG> (Thumb, 24 bytes, Stack size 0 bytes, strcat.o(.text))
<BR><BR>[Called By]<UL><LI><a href="#[28e]">&gt;&gt;</a>&nbsp;&nbsp;&nbsp;msh_auto_complete_path
<LI><a href="#[255]">&gt;&gt;</a>&nbsp;&nbsp;&nbsp;finsh_get_prompt
</UL>

<P><STRONG><a name="[106]"></a>__aeabi_memcpy</STRONG> (Thumb, 0 bytes, Stack size 0 bytes, rt_memcpy_v6.o(.text))
<BR><BR>[Called By]<UL><LI><a href="#[8e]">&gt;&gt;</a>&nbsp;&nbsp;&nbsp;Modbus_WriteHoldRegister
<LI><a href="#[8c]">&gt;&gt;</a>&nbsp;&nbsp;&nbsp;Modbus_WriteCoil
<LI><a href="#[8d]">&gt;&gt;</a>&nbsp;&nbsp;&nbsp;Modbus_ReadXRegister
<LI><a href="#[67]">&gt;&gt;</a>&nbsp;&nbsp;&nbsp;Modbus_46H
<LI><a href="#[62]">&gt;&gt;</a>&nbsp;&nbsp;&nbsp;Dwin_Write
<LI><a href="#[105]">&gt;&gt;</a>&nbsp;&nbsp;&nbsp;memcpy
</UL>

<P><STRONG><a name="[103]"></a>__rt_memcpy</STRONG> (Thumb, 138 bytes, Stack size 0 bytes, rt_memcpy_v6.o(.text), UNUSED)
<BR><BR>[Calls]<UL><LI><a href="#[104]">&gt;&gt;</a>&nbsp;&nbsp;&nbsp;__aeabi_memcpy4
</UL>

<P><STRONG><a name="[342]"></a>_memcpy_lastbytes</STRONG> (Thumb, 0 bytes, Stack size unknown bytes, rt_memcpy_v6.o(.text), UNUSED)

<P><STRONG><a name="[105]"></a>memcpy</STRONG> (Thumb, 8 bytes, Stack size 8 bytes, memcpy.o(.text))
<BR><BR>[Stack]<UL><LI>Max Depth = 8<LI>Call Chain = memcpy
</UL>
<BR>[Calls]<UL><LI><a href="#[106]">&gt;&gt;</a>&nbsp;&nbsp;&nbsp;__aeabi_memcpy
</UL>
<BR>[Called By]<UL><LI><a href="#[69]">&gt;&gt;</a>&nbsp;&nbsp;&nbsp;Modbus_Operatex
</UL>

<P><STRONG><a name="[104]"></a>__aeabi_memcpy4</STRONG> (Thumb, 0 bytes, Stack size 8 bytes, rt_memcpy_w.o(.text))
<BR><BR>[Stack]<UL><LI>Max Depth = 8<LI>Call Chain = __aeabi_memcpy4
</UL>
<BR>[Called By]<UL><LI><a href="#[a8]">&gt;&gt;</a>&nbsp;&nbsp;&nbsp;rt_measure_init
<LI><a href="#[133]">&gt;&gt;</a>&nbsp;&nbsp;&nbsp;Create_ModObject
<LI><a href="#[1a3]">&gt;&gt;</a>&nbsp;&nbsp;&nbsp;Read_Analog_Io
<LI><a href="#[a4]">&gt;&gt;</a>&nbsp;&nbsp;&nbsp;rt_dwin_init
<LI><a href="#[12f]">&gt;&gt;</a>&nbsp;&nbsp;&nbsp;Create_DwinObject
<LI><a href="#[221]">&gt;&gt;</a>&nbsp;&nbsp;&nbsp;cm_backtrace_fault
<LI><a href="#[a5]">&gt;&gt;</a>&nbsp;&nbsp;&nbsp;rt_small_modbus_init
<LI><a href="#[103]">&gt;&gt;</a>&nbsp;&nbsp;&nbsp;__rt_memcpy
<LI><a href="#[297]">&gt;&gt;</a>&nbsp;&nbsp;&nbsp;print_exponential_number
<LI><a href="#[271]">&gt;&gt;</a>&nbsp;&nbsp;&nbsp;get_normalized_components
<LI><a href="#[26c]">&gt;&gt;</a>&nbsp;&nbsp;&nbsp;get_components
</UL>

<P><STRONG><a name="[343]"></a>__aeabi_memcpy8</STRONG> (Thumb, 0 bytes, Stack size 8 bytes, rt_memcpy_w.o(.text), UNUSED)

<P><STRONG><a name="[344]"></a>__rt_memcpy_w</STRONG> (Thumb, 100 bytes, Stack size 8 bytes, rt_memcpy_w.o(.text), UNUSED)

<P><STRONG><a name="[345]"></a>_memcpy_lastbytes_aligned</STRONG> (Thumb, 0 bytes, Stack size unknown bytes, rt_memcpy_w.o(.text), UNUSED)

<P><STRONG><a name="[10a]"></a>__aeabi_memclr</STRONG> (Thumb, 0 bytes, Stack size 0 bytes, rt_memclr.o(.text))
<BR><BR>[Called By]<UL><LI><a href="#[133]">&gt;&gt;</a>&nbsp;&nbsp;&nbsp;Create_ModObject
<LI><a href="#[8e]">&gt;&gt;</a>&nbsp;&nbsp;&nbsp;Modbus_WriteHoldRegister
<LI><a href="#[8c]">&gt;&gt;</a>&nbsp;&nbsp;&nbsp;Modbus_WriteCoil
<LI><a href="#[8d]">&gt;&gt;</a>&nbsp;&nbsp;&nbsp;Modbus_ReadXRegister
<LI><a href="#[8b]">&gt;&gt;</a>&nbsp;&nbsp;&nbsp;Modbus_ReadXCoil
<LI><a href="#[66]">&gt;&gt;</a>&nbsp;&nbsp;&nbsp;Modbus_Poll
<LI><a href="#[68]">&gt;&gt;</a>&nbsp;&nbsp;&nbsp;Modbus_Master_Request
<LI><a href="#[67]">&gt;&gt;</a>&nbsp;&nbsp;&nbsp;Modbus_46H
<LI><a href="#[12f]">&gt;&gt;</a>&nbsp;&nbsp;&nbsp;Create_DwinObject
<LI><a href="#[65]">&gt;&gt;</a>&nbsp;&nbsp;&nbsp;Dwin_Poll
<LI><a href="#[109]">&gt;&gt;</a>&nbsp;&nbsp;&nbsp;strncpy
</UL>

<P><STRONG><a name="[107]"></a>__rt_memclr</STRONG> (Thumb, 68 bytes, Stack size 0 bytes, rt_memclr.o(.text), UNUSED)
<BR><BR>[Calls]<UL><LI><a href="#[108]">&gt;&gt;</a>&nbsp;&nbsp;&nbsp;_memset_w
</UL>

<P><STRONG><a name="[346]"></a>_memset</STRONG> (Thumb, 0 bytes, Stack size unknown bytes, rt_memclr.o(.text), UNUSED)

<P><STRONG><a name="[13d]"></a>__aeabi_memclr4</STRONG> (Thumb, 0 bytes, Stack size 4 bytes, rt_memclr_w.o(.text))
<BR><BR>[Stack]<UL><LI>Max Depth = 4<LI>Call Chain = __aeabi_memclr4
</UL>
<BR>[Called By]<UL><LI><a href="#[a8]">&gt;&gt;</a>&nbsp;&nbsp;&nbsp;rt_measure_init
<LI><a href="#[28b]">&gt;&gt;</a>&nbsp;&nbsp;&nbsp;measure_sensor_data_handle
<LI><a href="#[1a3]">&gt;&gt;</a>&nbsp;&nbsp;&nbsp;Read_Analog_Io
[...]
</UL>
<P><STRONG><a name="[70]"></a>UART_DMAError</STRONG> (Thumb, 74 bytes, Stack size 16 bytes, stm32f1xx_hal_uart.o(i.UART_DMAError))
<BR><BR>[Stack]<UL><LI>Max Depth = 32<LI>Call Chain = UART_DMAError &rArr; HAL_UART_ErrorCallback &rArr; rt_assert_handler &rArr;  rt_kprintf (Cycle)
</UL>
<BR>[Calls]<UL><LI><a href="#[17f]">&gt;&gt;</a>&nbsp;&nbsp;&nbsp;HAL_UART_ErrorCallback
<LI><a href="#[17b]">&gt;&gt;</a>&nbsp;&nbsp;&nbsp;UART_EndTxTransfer
<LI><a href="#[17c]">&gt;&gt;</a>&nbsp;&nbsp;&nbsp;UART_EndRxTransfer
</UL>
<BR>[Address Reference Count : 2]<UL><LI> stm32f1xx_hal_uart.o(i.HAL_UART_Transmit_DMA)
<LI> stm32f1xx_hal_uart.o(i.UART_Start_Receive_DMA)
</UL>
<P><STRONG><a name="[71]"></a>UART_DMAReceiveCplt</STRONG> (Thumb, 90 bytes, Stack size 8 bytes, stm32f1xx_hal_uart.o(i.UART_DMAReceiveCplt))
<BR><BR>[Stack]<UL><LI>Max Depth = 896<LI>Call Chain = UART_DMAReceiveCplt &rArr; HAL_UART_RxCpltCallback &rArr; dma_isr &rArr; rt_hw_serial_isr &rArr; rt_data_queue_pop &rArr; rt_timer_start &rArr; rt_schedule &rArr; _scheduler_stack_check &rArr; rt_kprintf &rArr; rt_vsnprintf &rArr; __vsnprintf &rArr; print_floating_point &rArr; print_exponential_number &rArr; print_integer &rArr; print_integer_finalization &rArr; out_rev_
</UL>
<BR>[Calls]<UL><LI><a href="#[18f]">&gt;&gt;</a>&nbsp;&nbsp;&nbsp;HAL_UART_RxCpltCallback
<LI><a href="#[184]">&gt;&gt;</a>&nbsp;&nbsp;&nbsp;HAL_UARTEx_RxEventCallback
</UL>
<BR>[Address Reference Count : 1]<UL><LI> stm32f1xx_hal_uart.o(i.UART_Start_Receive_DMA)
</UL>
<P><STRONG><a name="[72]"></a>UART_DMARxHalfCplt</STRONG> (Thumb, 26 bytes, Stack size 8 bytes, stm32f1xx_hal_uart.o(i.UART_DMARxHalfCplt))
<BR><BR>[Stack]<UL><LI>Max Depth = 896<LI>Call Chain = UART_DMARxHalfCplt &rArr; HAL_UART_RxHalfCpltCallback &rArr; dma_isr &rArr; rt_hw_serial_isr &rArr; rt_data_queue_pop &rArr; rt_timer_start &rArr; rt_schedule &rArr; _scheduler_stack_check &rArr; rt_kprintf &rArr; rt_vsnprintf &rArr; __vsnprintf &rArr; print_floating_point &rArr; print_exponential_number &rArr; print_integer &rArr; print_integer_finalization &rArr; out_rev_
</UL>
<BR>[Calls]<UL><LI><a href="#[191]">&gt;&gt;</a>&nbsp;&nbsp;&nbsp;HAL_UART_RxHalfCpltCallback
<LI><a href="#[184]">&gt;&gt;</a>&nbsp;&nbsp;&nbsp;HAL_UARTEx_RxEventCallback
</UL>
<BR>[Address Reference Count : 1]<UL><LI> stm32f1xx_hal_uart.o(i.UART_Start_Receive_DMA)
</UL>
<P><STRONG><a name="[6e]"></a>UART_DMATransmitCplt</STRONG> (Thumb, 46 bytes, Stack size 8 bytes, stm32f1xx_hal_uart.o(i.UART_DMATransmitCplt))
<BR><BR>[Stack]<UL><LI>Max Depth = 888<LI>Call Chain = UART_DMATransmitCplt &rArr; HAL_UART_TxCpltCallback &rArr; rt_hw_serial_isr &rArr; rt_data_queue_pop &rArr; rt_timer_start &rArr; rt_schedule &rArr; _scheduler_stack_check &rArr; rt_kprintf &rArr; rt_vsnprintf &rArr; __vsnprintf &rArr; print_floating_point &rArr; print_exponential_number &rArr; print_integer &rArr; print_integer_finalization &rArr; out_rev_
</UL>
<BR>[Calls]<UL><LI><a href="#[185]">&gt;&gt;</a>&nbsp;&nbsp;&nbsp;HAL_UART_TxCpltCallback
</UL>
<BR>[Address Reference Count : 1]<UL><LI> stm32f1xx_hal_uart.o(i.HAL_UART_Transmit_DMA)
</UL>
<P><STRONG><a name="[6f]"></a>UART_DMATxHalfCplt</STRONG> (Thumb, 10 bytes, Stack size 8 bytes, stm32f1xx_hal_uart.o(i.UART_DMATxHalfCplt))
<BR><BR>[Stack]<UL><LI>Max Depth = 8<LI>Call Chain = UART_DMATxHalfCplt
</UL>
<BR>[Calls]<UL><LI><a href="#[1ab]">&gt;&gt;</a>&nbsp;&nbsp;&nbsp;HAL_UART_TxHalfCpltCallback
</UL>
<BR>[Address Reference Count : 1]<UL><LI> stm32f1xx_hal_uart.o(i.HAL_UART_Transmit_DMA)
</UL>
<P><STRONG><a name="[17c]"></a>UART_EndRxTransfer</STRONG> (Thumb, 48 bytes, Stack size 0 bytes, stm32f1xx_hal_uart.o(i.UART_EndRxTransfer))
<BR><BR>[Called By]<UL><LI><a href="#[179]">&gt;&gt;</a>&nbsp;&nbsp;&nbsp;HAL_UART_DMAStop
<LI><a href="#[181]">&gt;&gt;</a>&nbsp;&nbsp;&nbsp;HAL_UART_IRQHandler
<LI><a href="#[70]">&gt;&gt;</a>&nbsp;&nbsp;&nbsp;UART_DMAError
</UL>

<P><STRONG><a name="[17b]"></a>UART_EndTxTransfer</STRONG> (Thumb, 18 bytes, Stack size 0 bytes, stm32f1xx_hal_uart.o(i.UART_EndTxTransfer))
<BR><BR>[Called By]<UL><LI><a href="#[179]">&gt;&gt;</a>&nbsp;&nbsp;&nbsp;HAL_UART_DMAStop
<LI><a href="#[70]">&gt;&gt;</a>&nbsp;&nbsp;&nbsp;UART_DMAError
</UL>

<P><STRONG><a name="[182]"></a>UART_Receive_IT</STRONG> (Thumb, 182 bytes, Stack size 8 bytes, stm32f1xx_hal_uart.o(i.UART_Receive_IT))
<BR><BR>[Stack]<UL><LI>Max Depth = 896<LI>Call Chain = UART_Receive_IT &rArr; HAL_UART_RxCpltCallback &rArr; dma_isr &rArr; rt_hw_serial_isr &rArr; rt_data_queue_pop &rArr; rt_timer_start &rArr; rt_schedule &rArr; _scheduler_stack_check &rArr; rt_kprintf &rArr; rt_vsnprintf &rArr; __vsnprintf &rArr; print_floating_point &rArr; print_exponential_number &rArr; print_integer &rArr; print_integer_finalization &rArr; out_rev_
</UL>
<BR>[Calls]<UL><LI><a href="#[18f]">&gt;&gt;</a>&nbsp;&nbsp;&nbsp;HAL_UART_RxCpltCallback
<LI><a href="#[184]">&gt;&gt;</a>&nbsp;&nbsp;&nbsp;HAL_UARTEx_RxEventCallback
</UL>
<BR>[Called By]<UL><LI><a href="#[181]">&gt;&gt;</a>&nbsp;&nbsp;&nbsp;HAL_UART_IRQHandler
</UL>

<P><STRONG><a name="[188]"></a>UART_SetConfig</STRONG> (Thumb, 178 bytes, Stack size 16 bytes, stm32f1xx_hal_uart.o(i.UART_SetConfig))
<BR><BR>[Stack]<UL><LI>Max Depth = 16<LI>Call Chain = UART_SetConfig
</UL>
<BR>[Calls]<UL><LI><a href="#[1ac]">&gt;&gt;</a>&nbsp;&nbsp;&nbsp;HAL_RCC_GetPCLK2Freq
<LI><a href="#[1ad]">&gt;&gt;</a>&nbsp;&nbsp;&nbsp;HAL_RCC_GetPCLK1Freq
</UL>
<BR>[Called By]<UL><LI><a href="#[186]">&gt;&gt;</a>&nbsp;&nbsp;&nbsp;HAL_UART_Init
</UL>

<P><STRONG><a name="[163]"></a>__NVIC_SetPriority</STRONG> (Thumb, 32 bytes, Stack size 0 bytes, stm32f1xx_hal_cortex.o(i.__NVIC_SetPriority))
<BR><BR>[Called By]<UL><LI><a href="#[162]">&gt;&gt;</a>&nbsp;&nbsp;&nbsp;HAL_NVIC_SetPriority
<LI><a href="#[168]">&gt;&gt;</a>&nbsp;&nbsp;&nbsp;HAL_SYSTICK_Config
</UL>

<P><STRONG><a name="[170]"></a>TIM_ITRx_SetConfig</STRONG> (Thumb, 16 bytes, Stack size 0 bytes, stm32f1xx_hal_tim.o(i.TIM_ITRx_SetConfig))
<BR><BR>[Called By]<UL><LI><a href="#[16c]">&gt;&gt;</a>&nbsp;&nbsp;&nbsp;HAL_TIM_ConfigClockSource
</UL>

<P><STRONG><a name="[173]"></a>TIM_OC1_SetConfig</STRONG> (Thumb, 88 bytes, Stack size 20 bytes, stm32f1xx_hal_tim.o(i.TIM_OC1_SetConfig))
<BR><BR>[Stack]<UL><LI>Max Depth = 20<LI>Call Chain = TIM_OC1_SetConfig
</UL>
<BR>[Called By]<UL><LI><a href="#[172]">&gt;&gt;</a>&nbsp;&nbsp;&nbsp;HAL_TIM_PWM_ConfigChannel
</UL>

<P><STRONG><a name="[175]"></a>TIM_OC3_SetConfig</STRONG> (Thumb, 96 bytes, Stack size 20 bytes, stm32f1xx_hal_tim.o(i.TIM_OC3_SetConfig))
<BR><BR>[Stack]<UL><LI>Max Depth = 20<LI>Call Chain = TIM_OC3_SetConfig
</UL>
<BR>[Called By]<UL><LI><a href="#[172]">&gt;&gt;</a>&nbsp;&nbsp;&nbsp;HAL_TIM_PWM_ConfigChannel
</UL>

<P><STRONG><a name="[176]"></a>TIM_OC4_SetConfig</STRONG> (Thumb, 70 bytes, Stack size 12 bytes, stm32f1xx_hal_tim.o(i.TIM_OC4_SetConfig))
<BR><BR>[Stack]<UL><LI>Max Depth = 12<LI>Call Chain = TIM_OC4_SetConfig
</UL>
<BR>[Called By]<UL><LI><a href="#[172]">&gt;&gt;</a>&nbsp;&nbsp;&nbsp;HAL_TIM_PWM_ConfigChannel
</UL>

<P><STRONG><a name="[16e]"></a>TIM_TI1_ConfigInputStage</STRONG> (Thumb, 34 bytes, Stack size 8 bytes, stm32f1xx_hal_tim.o(i.TIM_TI1_ConfigInputStage))
<BR><BR>[Stack]<UL><LI>Max Depth = 8<LI>Call Chain = TIM_TI1_ConfigInputStage
</UL>
<BR>[Called By]<UL><LI><a href="#[16c]">&gt;&gt;</a>&nbsp;&nbsp;&nbsp;HAL_TIM_ConfigClockSource
</UL>

<P><STRONG><a name="[16f]"></a>TIM_TI2_ConfigInputStage</STRONG> (Thumb, 36 bytes, Stack size 8 bytes, stm32f1xx_hal_tim.o(i.TIM_TI2_ConfigInputStage))
<BR><BR>[Stack]<UL><LI>Max Depth = 8<LI>Call Chain = TIM_TI2_ConfigInputStage
</UL>
<BR>[Called By]<UL><LI><a href="#[16c]">&gt;&gt;</a>&nbsp;&nbsp;&nbsp;HAL_TIM_ConfigClockSource
</UL>

<P><STRONG><a name="[159]"></a>FLASH_Program_HalfWord</STRONG> (Thumb, 20 bytes, Stack size 0 bytes, stm32f1xx_hal_flash.o(i.FLASH_Program_HalfWord))
<BR><BR>[Called By]<UL><LI><a href="#[14b]">&gt;&gt;</a>&nbsp;&nbsp;&nbsp;HAL_FLASH_Program
</UL>

<P><STRONG><a name="[149]"></a>FLASH_SetErrorCode</STRONG> (Thumb, 84 bytes, Stack size 0 bytes, stm32f1xx_hal_flash.o(i.FLASH_SetErrorCode))
<BR><BR>[Called By]<UL><LI><a href="#[148]">&gt;&gt;</a>&nbsp;&nbsp;&nbsp;FLASH_WaitForLastOperation
</UL>

<P><STRONG><a name="[156]"></a>FLASH_MassErase</STRONG> (Thumb, 26 bytes, Stack size 0 bytes, stm32f1xx_hal_flash_ex.o(i.FLASH_MassErase))
<BR><BR>[Called By]<UL><LI><a href="#[14a]">&gt;&gt;</a>&nbsp;&nbsp;&nbsp;HAL_FLASHEx_Erase
</UL>

<P><STRONG><a name="[1bd]"></a>__vsnprintf</STRONG> (Thumb, 1238 bytes, Stack size 80 bytes, rt_vsnprintf.o(i.__vsnprintf))
<BR><BR>[Stack]<UL><LI>Max Depth = 656<LI>Call Chain = __vsnprintf &rArr; print_floating_point &rArr; print_exponential_number &rArr; print_integer &rArr; print_integer_finalization &rArr; out_rev_
</UL>
<BR>[Calls]<UL><LI><a href="#[1c0]">&gt;&gt;</a>&nbsp;&nbsp;&nbsp;print_integer
<LI><a href="#[1c1]">&gt;&gt;</a>&nbsp;&nbsp;&nbsp;print_floating_point
<LI><a href="#[1c2]">&gt;&gt;</a>&nbsp;&nbsp;&nbsp;out_rev_
<LI><a href="#[1be]">&gt;&gt;</a>&nbsp;&nbsp;&nbsp;is_digit_
<LI><a href="#[1bf]">&gt;&gt;</a>&nbsp;&nbsp;&nbsp;atoi_
</UL>
<BR>[Called By]<UL><LI><a href="#[2c0]">&gt;&gt;</a>&nbsp;&nbsp;&nbsp;rt_vsnprintf
</UL>

<P><STRONG><a name="[1bf]"></a>atoi_</STRONG> (Thumb, 46 bytes, Stack size 16 bytes, rt_vsnprintf.o(i.atoi_))
<BR><BR>[Stack]<UL><LI>Max Depth = 16<LI>Call Chain = atoi_
</UL>
<BR>[Calls]<UL><LI><a href="#[1be]">&gt;&gt;</a>&nbsp;&nbsp;&nbsp;is_digit_
</UL>
<BR>[Called By]<UL><LI><a href="#[1bd]">&gt;&gt;</a>&nbsp;&nbsp;&nbsp;__vsnprintf
</UL>

<P><STRONG><a name="[274]"></a>get_bit_access</STRONG> (Thumb, 6 bytes, Stack size 0 bytes, rt_vsnprintf.o(i.get_bit_access))
<BR><BR>[Called By]<UL><LI><a href="#[273]">&gt;&gt;</a>&nbsp;&nbsp;&nbsp;update_normalization
<LI><a href="#[297]">&gt;&gt;</a>&nbsp;&nbsp;&nbsp;print_exponential_number
<LI><a href="#[26d]">&gt;&gt;</a>&nbsp;&nbsp;&nbsp;get_sign
</UL>

<P><STRONG><a name="[26c]"></a>get_components</STRONG> (Thumb, 302 bytes, Stack size 64 bytes, rt_vsnprintf.o(i.get_components))
<BR><BR>[Stack]<UL><LI>Max Depth = 96<LI>Call Chain = get_components &rArr; __aeabi_dmul
</UL>
<BR>[Calls]<UL><LI><a href="#[1b8]">&gt;&gt;</a>&nbsp;&nbsp;&nbsp;__aeabi_cdrcmple
<LI><a href="#[205]">&gt;&gt;</a>&nbsp;&nbsp;&nbsp;__aeabi_dmul
<LI><a href="#[26f]">&gt;&gt;</a>&nbsp;&nbsp;&nbsp;__aeabi_l2d
<LI><a href="#[26e]">&gt;&gt;</a>&nbsp;&nbsp;&nbsp;__aeabi_d2lz
<LI><a href="#[1b6]">&gt;&gt;</a>&nbsp;&nbsp;&nbsp;__aeabi_cdcmpeq
<LI><a href="#[270]">&gt;&gt;</a>&nbsp;&nbsp;&nbsp;__aeabi_drsub
<LI><a href="#[104]">&gt;&gt;</a>&nbsp;&nbsp;&nbsp;__aeabi_memcpy4
<LI><a href="#[26d]">&gt;&gt;</a>&nbsp;&nbsp;&nbsp;get_sign
</UL>
<BR>[Called By]<UL><LI><a href="#[1c1]">&gt;&gt;</a>&nbsp;&nbsp;&nbsp;print_floating_point
<LI><a href="#[297]">&gt;&gt;</a>&nbsp;&nbsp;&nbsp;print_exponential_number
</UL>

<P><STRONG><a name="[271]"></a>get_normalized_components</STRONG> (Thumb, 330 bytes, Stack size 112 bytes, rt_vsnprintf.o(i.get_normalized_components))
<BR><BR>[Stack]<UL><LI>Max Depth = 192<LI>Call Chain = get_normalized_components &rArr; update_normalization &rArr; __aeabi_dmul
</UL>
<BR>[Calls]<UL><LI><a href="#[1b8]">&gt;&gt;</a>&nbsp;&nbsp;&nbsp;__aeabi_cdrcmple
<LI><a href="#[26f]">&gt;&gt;</a>&nbsp;&nbsp;&nbsp;__aeabi_l2d
<LI><a href="#[26e]">&gt;&gt;</a>&nbsp;&nbsp;&nbsp;__aeabi_d2lz
<LI><a href="#[1b6]">&gt;&gt;</a>&nbsp;&nbsp;&nbsp;__aeabi_cdcmpeq
<LI><a href="#[270]">&gt;&gt;</a>&nbsp;&nbsp;&nbsp;__aeabi_drsub
<LI><a href="#[104]">&gt;&gt;</a>&nbsp;&nbsp;&nbsp;__aeabi_memcpy4
<LI><a href="#[273]">&gt;&gt;</a>&nbsp;&nbsp;&nbsp;update_normalization
<LI><a href="#[272]">&gt;&gt;</a>&nbsp;&nbsp;&nbsp;unapply_scaling
<LI><a href="#[204]">&gt;&gt;</a>&nbsp;&nbsp;&nbsp;apply_scaling
</UL>
<BR>[Called By]<UL><LI><a href="#[297]">&gt;&gt;</a>&nbsp;&nbsp;&nbsp;print_exponential_number
</UL>

<P><STRONG><a name="[26d]"></a>get_sign</STRONG> (Thumb, 18 bytes, Stack size 16 bytes, rt_vsnprintf.o(i.get_sign))
<BR><BR>[Stack]<UL><LI>Max Depth = 16<LI>Call Chain = get_sign
</UL>
<BR>[Calls]<UL><LI><a href="#[274]">&gt;&gt;</a>&nbsp;&nbsp;&nbsp;get_bit_access
</UL>
<BR>[Called By]<UL><LI><a href="#[297]">&gt;&gt;</a>&nbsp;&nbsp;&nbsp;print_exponential_number
<LI><a href="#[26c]">&gt;&gt;</a>&nbsp;&nbsp;&nbsp;get_components
</UL>

<P><STRONG><a name="[1be]"></a>is_digit_</STRONG> (Thumb, 14 bytes, Stack size 0 bytes, rt_vsnprintf.o(i.is_digit_))
<BR><BR>[Called By]<UL><LI><a href="#[1bf]">&gt;&gt;</a>&nbsp;&nbsp;&nbsp;atoi_
<LI><a href="#[1bd]">&gt;&gt;</a>&nbsp;&nbsp;&nbsp;__vsnprintf
</UL>

<P><STRONG><a name="[87]"></a>out_buffer</STRONG> (Thumb, 8 bytes, Stack size 0 bytes, rt_vsnprintf.o(i.out_buffer))
<BR>[Address Reference Count : 1]<UL><LI> rt_vsnprintf.o(i.rt_vsnprintf)
</UL>
<P><STRONG><a name="[73]"></a>out_discard</STRONG> (Thumb, 2 bytes, Stack size 0 bytes, rt_vsnprintf.o(i.out_discard))
<BR>[Address Reference Count : 1]<UL><LI> rt_vsnprintf.o(i.__vsnprintf)
</UL>
<P><STRONG><a name="[1c2]"></a>out_rev_</STRONG> (Thumb, 108 bytes, Stack size 56 bytes, rt_vsnprintf.o(i.out_rev_))
<BR><BR>[Stack]<UL><LI>Max Depth = 56<LI>Call Chain = out_rev_
</UL>
<BR>[Called By]<UL><LI><a href="#[29d]">&gt;&gt;</a>&nbsp;&nbsp;&nbsp;print_integer_finalization
<LI><a href="#[1c1]">&gt;&gt;</a>&nbsp;&nbsp;&nbsp;print_floating_point
<LI><a href="#[296]">&gt;&gt;</a>&nbsp;&nbsp;&nbsp;print_broken_up_decimal
<LI><a href="#[1bd]">&gt;&gt;</a>&nbsp;&nbsp;&nbsp;__vsnprintf
</UL>

<P><STRONG><a name="[296]"></a>print_broken_up_decimal</STRONG> (Thumb, 302 bytes, Stack size 72 bytes, rt_vsnprintf.o(i.print_broken_up_decimal))
<BR><BR>[Stack]<UL><LI>Max Depth = 128<LI>Call Chain = print_broken_up_decimal &rArr; out_rev_
</UL>
<BR>[Calls]<UL><LI><a href="#[23f]">&gt;&gt;</a>&nbsp;&nbsp;&nbsp;__aeabi_ldivmod
<LI><a href="#[1c2]">&gt;&gt;</a>&nbsp;&nbsp;&nbsp;out_rev_
</UL>
<BR>[Called By]<UL><LI><a href="#[1c1]">&gt;&gt;</a>&nbsp;&nbsp;&nbsp;print_floating_point
<LI><a href="#[297]">&gt;&gt;</a>&nbsp;&nbsp;&nbsp;print_exponential_number
</UL>

<P><STRONG><a name="[297]"></a>print_exponential_number</STRONG> (Thumb, 880 bytes, Stack size 192 bytes, rt_vsnprintf.o(i.print_exponential_number))
<BR><BR>[Stack]<UL><LI>Max Depth = 416<LI>Call Chain = print_exponential_number &rArr; print_integer &rArr; print_integer_finalization &rArr; out_rev_
</UL>
<BR>[Calls]<UL><LI><a href="#[1b2]">&gt;&gt;</a>&nbsp;&nbsp;&nbsp;__ARM_scalbn
<LI><a href="#[205]">&gt;&gt;</a>&nbsp;&nbsp;&nbsp;__aeabi_dmul
<LI><a href="#[29c]">&gt;&gt;</a>&nbsp;&nbsp;&nbsp;__aeabi_cdcmple
<LI><a href="#[26f]">&gt;&gt;</a>&nbsp;&nbsp;&nbsp;__aeabi_l2d
<LI><a href="#[299]">&gt;&gt;</a>&nbsp;&nbsp;&nbsp;__aeabi_i2d
<LI><a href="#[29b]">&gt;&gt;</a>&nbsp;&nbsp;&nbsp;__aeabi_d2iz
<LI><a href="#[1b6]">&gt;&gt;</a>&nbsp;&nbsp;&nbsp;__aeabi_cdcmpeq
<LI><a href="#[206]">&gt;&gt;</a>&nbsp;&nbsp;&nbsp;__aeabi_ddiv
<LI><a href="#[298]">&gt;&gt;</a>&nbsp;&nbsp;&nbsp;__aeabi_dsub
<LI><a href="#[29a]">&gt;&gt;</a>&nbsp;&nbsp;&nbsp;__aeabi_dadd
<LI><a href="#[104]">&gt;&gt;</a>&nbsp;&nbsp;&nbsp;__aeabi_memcpy4
<LI><a href="#[1c0]">&gt;&gt;</a>&nbsp;&nbsp;&nbsp;print_integer
<LI><a href="#[296]">&gt;&gt;</a>&nbsp;&nbsp;&nbsp;print_broken_up_decimal
<LI><a href="#[26d]">&gt;&gt;</a>&nbsp;&nbsp;&nbsp;get_sign
<LI><a href="#[271]">&gt;&gt;</a>&nbsp;&nbsp;&nbsp;get_normalized_components
<LI><a href="#[26c]">&gt;&gt;</a>&nbsp;&nbsp;&nbsp;get_components
<LI><a href="#[274]">&gt;&gt;</a>&nbsp;&nbsp;&nbsp;get_bit_access
</UL>
<BR>[Called By]<UL><LI><a href="#[1c1]">&gt;&gt;</a>&nbsp;&nbsp;&nbsp;print_floating_point
</UL>

<P><STRONG><a name="[1c1]"></a>print_floating_point</STRONG> (Thumb, 288 bytes, Stack size 160 bytes, rt_vsnprintf.o(i.print_floating_point))
<BR><BR>[Stack]<UL><LI>Max Depth = 576<LI>Call Chain = print_floating_point &rArr; print_exponential_number &rArr; print_integer &rArr; print_integer_finalization &rArr; out_rev_
</UL>
<BR>[Calls]<UL><LI><a href="#[1b8]">&gt;&gt;</a>&nbsp;&nbsp;&nbsp;__aeabi_cdrcmple
<LI><a href="#[29c]">&gt;&gt;</a>&nbsp;&nbsp;&nbsp;__aeabi_cdcmple
<LI><a href="#[1b6]">&gt;&gt;</a>&nbsp;&nbsp;&nbsp;__aeabi_cdcmpeq
<LI><a href="#[297]">&gt;&gt;</a>&nbsp;&nbsp;&nbsp;print_exponential_number
<LI><a href="#[296]">&gt;&gt;</a>&nbsp;&nbsp;&nbsp;print_broken_up_decimal
<LI><a href="#[1c2]">&gt;&gt;</a>&nbsp;&nbsp;&nbsp;out_rev_
<LI><a href="#[26c]">&gt;&gt;</a>&nbsp;&nbsp;&nbsp;get_components
</UL>
<BR>[Called By]<UL><LI><a href="#[1bd]">&gt;&gt;</a>&nbsp;&nbsp;&nbsp;__vsnprintf
</UL>

<P><STRONG><a name="[1c0]"></a>print_integer</STRONG> (Thumb, 140 bytes, Stack size 112 bytes, rt_vsnprintf.o(i.print_integer))
<BR><BR>[Stack]<UL><LI>Max Depth = 224<LI>Call Chain = print_integer &rArr; print_integer_finalization &rArr; out_rev_
</UL>
<BR>[Calls]<UL><LI><a href="#[f8]">&gt;&gt;</a>&nbsp;&nbsp;&nbsp;__aeabi_uldivmod
<LI><a href="#[29d]">&gt;&gt;</a>&nbsp;&nbsp;&nbsp;print_integer_finalization
</UL>
<BR>[Called By]<UL><LI><a href="#[297]">&gt;&gt;</a>&nbsp;&nbsp;&nbsp;print_exponential_number
<LI><a href="#[1bd]">&gt;&gt;</a>&nbsp;&nbsp;&nbsp;__vsnprintf
</UL>

<P><STRONG><a name="[29d]"></a>print_integer_finalization</STRONG> (Thumb, 258 bytes, Stack size 56 bytes, rt_vsnprintf.o(i.print_integer_finalization))
<BR><BR>[Stack]<UL><LI>Max Depth = 112<LI>Call Chain = print_integer_finalization &rArr; out_rev_
</UL>
<BR>[Calls]<UL><LI><a href="#[1c2]">&gt;&gt;</a>&nbsp;&nbsp;&nbsp;out_rev_
</UL>
<BR>[Called By]<UL><LI><a href="#[1c0]">&gt;&gt;</a>&nbsp;&nbsp;&nbsp;print_integer
</UL>

<P><STRONG><a name="[301]"></a>_dadd1</STRONG> (Thumb, 0 bytes, Stack size unknown bytes, daddsub_clz.o(x$fpl$dadd), UNUSED)
<BR><BR>[Called By]<UL><LI><a href="#[302]">&gt;&gt;</a>&nbsp;&nbsp;&nbsp;_dsub
<LI><a href="#[300]">&gt;&gt;</a>&nbsp;&nbsp;&nbsp;_drsb
</UL>

<P><STRONG><a name="[2f4]"></a>_dsub1</STRONG> (Thumb, 0 bytes, Stack size unknown bytes, daddsub_clz.o(x$fpl$dsub), UNUSED)
<BR><BR>[Called By]<UL><LI><a href="#[300]">&gt;&gt;</a>&nbsp;&nbsp;&nbsp;_drsb
<LI><a href="#[2f3]">&gt;&gt;</a>&nbsp;&nbsp;&nbsp;_dadd
</UL>

<P><STRONG><a name="[310]"></a>_fadd1</STRONG> (Thumb, 0 bytes, Stack size unknown bytes, faddsub_clz.o(x$fpl$fadd), UNUSED)
<BR><BR>[Called By]<UL><LI><a href="#[311]">&gt;&gt;</a>&nbsp;&nbsp;&nbsp;_fsub
<LI><a href="#[30f]">&gt;&gt;</a>&nbsp;&nbsp;&nbsp;_frsb
</UL>

<P><STRONG><a name="[306]"></a>_fsub1</STRONG> (Thumb, 0 bytes, Stack size unknown bytes, faddsub_clz.o(x$fpl$fsub), UNUSED)
<BR><BR>[Called By]<UL><LI><a href="#[30f]">&gt;&gt;</a>&nbsp;&nbsp;&nbsp;_frsb
<LI><a href="#[305]">&gt;&gt;</a>&nbsp;&nbsp;&nbsp;_fadd
</UL>

<P><STRONG><a name="[5d]"></a>_printf_input_char</STRONG> (Thumb, 10 bytes, Stack size 0 bytes, _printf_char_common.o(.text))
<BR>[Address Reference Count : 1]<UL><LI> _printf_char_common.o(.text)
</UL>
<P><STRONG><a name="[10f]"></a>_local_sscanf</STRONG> (Thumb, 60 bytes, Stack size 56 bytes, strtod.o(.text))
<BR><BR>[Stack]<UL><LI>Max Depth = 396<LI>Call Chain = _local_sscanf &rArr; _scanf_real &rArr; _scanf_really_real &rArr; _fp_value &rArr; _btod_etento &rArr; _btod_emul &rArr; _e2e
</UL>
<BR>[Calls]<UL><LI><a href="#[110]">&gt;&gt;</a>&nbsp;&nbsp;&nbsp;_scanf_real
</UL>
<BR>[Called By]<UL><LI><a href="#[111]">&gt;&gt;</a>&nbsp;&nbsp;&nbsp;__strtod_int
</UL>

<P><STRONG><a name="[116]"></a>_fp_value</STRONG> (Thumb, 588 bytes, Stack size 96 bytes, scanf_fp.o(.text))
<BR><BR>[Stack]<UL><LI>Max Depth = 220<LI>Call Chain = _fp_value &rArr; _btod_etento &rArr; _btod_emul &rArr; _e2e
</UL>
<BR>[Calls]<UL><LI><a href="#[101]">&gt;&gt;</a>&nbsp;&nbsp;&nbsp;__aeabi_errno_addr
<LI><a href="#[3]">&gt;&gt;</a>&nbsp;&nbsp;&nbsp;__ieee_status
<LI><a href="#[118]">&gt;&gt;</a>&nbsp;&nbsp;&nbsp;_btod_emuld
<LI><a href="#[119]">&gt;&gt;</a>&nbsp;&nbsp;&nbsp;_btod_edivd
<LI><a href="#[117]">&gt;&gt;</a>&nbsp;&nbsp;&nbsp;_btod_etento
</UL>
<BR>[Called By]<UL><LI><a href="#[11a]">&gt;&gt;</a>&nbsp;&nbsp;&nbsp;_scanf_really_real
</UL>
<P>
<H3>
Undefined Global Symbols
</H3><HR></body></html>
