Component: ARM Compiler 5.06 update 6 (build 750) Tool: armlink [4d35ed]

==============================================================================

Section Cross References

    main.o(i.contrl_thread_entry) refers to io_signal.o(i.Write_Digital_IO) for Write_Digital_IO
    main.o(i.contrl_thread_entry) refers to io_signal.o(i.Write_Analog_IO) for Write_Analog_IO
    main.o(i.contrl_thread_entry) refers to thread.o(i.rt_thread_mdelay) for rt_thread_mdelay
    main.o(i.dwin_recive_thread_entry) refers to main.o(i.rt_thread_hal_uartx_dma_info_init) for rt_thread_hal_uartx_dma_info_init
    main.o(i.dwin_recive_thread_entry) refers to ipc.o(i.rt_sem_take) for rt_sem_take
    main.o(i.dwin_recive_thread_entry) refers to dwin_port.o(.data) for Dwin_Object
    main.o(i.get_system_infomation) refers to rt_memclr_w.o(.text) for __aeabi_memclr4
    main.o(i.get_system_infomation) refers to kservice.o(i.rt_kprintf) for rt_kprintf
    main.o(i.get_system_infomation) refers to small_modbus_port.o(.data) for Modbus_Object
    main.o(i.get_system_infomation) refers to measure.o(.bss) for measure_object
    main.o(i.get_system_infomation) refers to main.o(.constdata) for .constdata
    main.o(i.main) refers to stm32f1xx_hal_adc.o(i.HAL_ADC_Start_DMA) for HAL_ADC_Start_DMA
    main.o(i.main) refers to stm32f1xx_hal_dac.o(i.HAL_DAC_Start) for HAL_DAC_Start
    main.o(i.main) refers to main.o(i.rt_thread_pools_init) for rt_thread_pools_init
    main.o(i.main) refers to timer.o(i.rt_timer_create) for rt_timer_create
    main.o(i.main) refers to timer.o(i.rt_timer_start) for rt_timer_start
    main.o(i.main) refers to stm32f1xx_hal_gpio.o(i.HAL_GPIO_TogglePin) for HAL_GPIO_TogglePin
    main.o(i.main) refers to thread.o(i.rt_thread_mdelay) for rt_thread_mdelay
    main.o(i.main) refers to io_signal.o(.bss) for Adc_buffer
    main.o(i.main) refers to src_main.o(.bss) for hadc1
    main.o(i.main) refers to main.o(.data) for .data
    main.o(i.main) refers to main.o(i.timer_callback1) for timer_callback1
    main.o(i.measure_poll_thread_entry) refers to measure.o(i.measure_poll) for measure_poll
    main.o(i.measure_poll_thread_entry) refers to thread.o(i.rt_thread_mdelay) for rt_thread_mdelay
    main.o(i.modbus_slave_thread_entry) refers to main.o(i.rt_thread_hal_uartx_dma_info_init) for rt_thread_hal_uartx_dma_info_init
    main.o(i.modbus_slave_thread_entry) refers to ipc.o(i.rt_sem_take) for rt_sem_take
    main.o(i.modbus_slave_thread_entry) refers to kservice.o(i.rt_kprintf) for rt_kprintf
    main.o(i.modbus_slave_thread_entry) refers to small_modbus_port.o(.data) for Modbus_Object
    main.o(i.report_thread_entry) refers to thread.o(i.rt_thread_mdelay) for rt_thread_mdelay
    main.o(i.report_thread_entry) refers to main.o(i.get_system_infomation) for get_system_infomation
    main.o(i.report_thread_entry) refers to rt_memclr_w.o(.text) for __aeabi_memclr4
    main.o(i.report_thread_entry) refers to stm32f1xx_hal_gpio.o(i.HAL_GPIO_ReadPin) for HAL_GPIO_ReadPin
    main.o(i.report_thread_entry) refers to tool.o(i.endian_swap) for endian_swap
    main.o(i.report_thread_entry) refers to small_modbus_port.o(.data) for Modbus_Object
    main.o(i.report_thread_entry) refers to dwin_port.o(.data) for Dwin_Object
    main.o(i.report_thread_entry) refers to measure.o(.bss) for measure_object
    main.o(i.report_thread_entry) refers to main.o(.data) for .data
    main.o(i.rt_thread_hal_uartx_dma_info_init) refers to stm32f1xx_hal_uart.o(i.HAL_UART_Receive_DMA) for HAL_UART_Receive_DMA
    main.o(i.rt_thread_hal_uartx_dma_info_init) refers to kservice.o(i.rt_memset) for rt_memset
    main.o(i.rt_thread_pools_init) refers to thread.o(i.rt_thread_create) for rt_thread_create
    main.o(i.rt_thread_pools_init) refers to ipc.o(i.rt_sem_create) for rt_sem_create
    main.o(i.rt_thread_pools_init) refers to thread.o(i.rt_thread_startup) for rt_thread_startup
    main.o(i.sampling_thread_entry) refers to io_signal.o(i.Read_Digital_Io) for Read_Digital_Io
    main.o(i.sampling_thread_entry) refers to io_signal.o(i.Read_Analog_Io) for Read_Analog_Io
    main.o(i.sampling_thread_entry) refers to measure.o(i.measure_sampling) for measure_sampling
    main.o(i.sampling_thread_entry) refers to thread.o(i.rt_thread_mdelay) for rt_thread_mdelay
    main.o(i.timer_callback1) refers to measure.o(i.measure_timer_poll) for measure_timer_poll
    main.o(.data) refers to main.o(i.modbus_slave_thread_entry) for modbus_slave_thread_entry
    main.o(.data) refers to main.o(i.dwin_recive_thread_entry) for dwin_recive_thread_entry
    main.o(.data) refers to main.o(i.sampling_thread_entry) for sampling_thread_entry
    main.o(.data) refers to main.o(i.contrl_thread_entry) for contrl_thread_entry
    main.o(.data) refers to main.o(i.measure_poll_thread_entry) for measure_poll_thread_entry
    main.o(.data) refers to main.o(i.report_thread_entry) for report_thread_entry
    main.o(.data) refers to main.o(.data) for thread_pools
[...]
    0x0804717e   0x0804717e   0x00000002   PAD
    0x08047180   0x08047180   0x00000034   Code   RO         3205    i.HAL_UART_RxCpltCallback  drv_usart.o
    0x080471b4   0x080471b4   0x00000034   Code   RO         3206    i.HAL_UART_RxHalfCpltCallback  drv_usart.o
    0x080471e8   0x080471e8   0x00000080   Code   RO         6980    i.HAL_UART_Transmit_DMA  stm32f1xx_hal_uart.o
    0x08047268   0x08047268   0x00000070   Code   RO         3207    i.HAL_UART_TxCpltCallback  drv_usart.o
    0x080472d8   0x080472d8   0x00000002   Code   RO         6983    i.HAL_UART_TxHalfCpltCallback  stm32f1xx_hal_uart.o
    0x080472da   0x080472da   0x00000002   PAD
    0x080472dc   0x080472dc   0x00000154   Code   RO         2789    i.MX_ADC1_Init      src_main.o
    0x08047430   0x08047430   0x0000008c   Code   RO         2790    i.MX_DMA_Init       src_main.o
    0x080474bc   0x080474bc   0x00000150   Code   RO         2791    i.MX_GPIO_Init      src_main.o
    0x0804760c   0x0804760c   0x0000009c   Code   RO         2792    i.MX_TIM4_Init      src_main.o
    0x080476a8   0x080476a8   0x00000080   Code   RO          324    i.Modbus_46H        small_modbus.o
    0x08047728   0x08047728   0x00000002   Code   RO          486    i.Modbus_CallBack   small_modbus_port.o
    0x0804772a   0x0804772a   0x00000002   Code   RO          487    i.Modbus_ErrorHadle  small_modbus_port.o
    0x0804772c   0x0804772c   0x0000009c   Code   RO          325    i.Modbus_Get_Operate_Pointer  small_modbus.o
    0x080477c8   0x080477c8   0x00000010   Code   RO          488    i.Modbus_Lock       small_modbus_port.o
    0x080477d8   0x080477d8   0x00000058   Code   RO          326    i.Modbus_Master_Request  small_modbus.o
    0x08047830   0x08047830   0x000000b2   Code   RO          327    i.Modbus_Operatex   small_modbus.o
    0x080478e2   0x080478e2   0x00000002   PAD
    0x080478e4   0x080478e4   0x0000010c   Code   RO          328    i.Modbus_Poll       small_modbus.o
    0x080479f0   0x080479f0   0x0000013c   Code   RO          329    i.Modbus_ReadXCoil  small_modbus.o
    0x08047b2c   0x08047b2c   0x00000084   Code   RO          330    i.Modbus_ReadXRegister  small_modbus.o
    0x08047bb0   0x08047bb0   0x00000190   Code   RO          331    i.Modbus_Recive_Check  small_modbus.o
    0x08047d40   0x08047d40   0x00000048   Code   RO          489    i.Modbus_Send       small_modbus_port.o
    0x08047d88   0x08047d88   0x0000000c   Code   RO          490    i.Modbus_UnLock     small_modbus_port.o
    0x08047d94   0x08047d94   0x000000d8   Code   RO          332    i.Modbus_WriteCoil  small_modbus.o
    0x08047e6c   0x08047e6c   0x0000007a   Code   RO          333    i.Modbus_WriteHoldRegister  small_modbus.o
    0x08047ee6   0x08047ee6   0x00000002   PAD
    0x08047ee8   0x08047ee8   0x0000005c   Code   RO          857    i.Output_Current    io_signal.o
    0x08047f44   0x08047f44   0x0000011c   Code   RO          858    i.Read_Analog_Io    io_signal.o
    0x08048060   0x08048060   0x000000cc   Code   RO          859    i.Read_Digital_Io   io_signal.o
    0x0804812c   0x0804812c   0x00000020   Code   RO         2990    i.SysTick_Handler   drv_common.o
    0x0804814c   0x0804814c   0x0000007a   Code   RO         2793    i.SystemClock_Config  src_main.o
    0x080481c6   0x080481c6   0x00000002   Code   RO         6009    i.SystemInit        system_stm32f1xx.o
    0x080481c8   0x080481c8   0x0000008c   Code   RO         7793    i.TIM_Base_SetConfig  stm32f1xx_hal_tim.o
    0x08048254   0x08048254   0x00000014   Code   RO         7804    i.TIM_ETR_SetConfig  stm32f1xx_hal_tim.o
    0x08048268   0x08048268   0x00000010   Code   RO         7805    i.TIM_ITRx_SetConfig  stm32f1xx_hal_tim.o
    0x08048278   0x08048278   0x00000060   Code   RO         7806    i.TIM_OC1_SetConfig  stm32f1xx_hal_tim.o
    0x080482d8   0x080482d8   0x0000006c   Code   RO         7807    i.TIM_OC2_SetConfig  stm32f1xx_hal_tim.o
    0x08048344   0x08048344   0x00000068   Code   RO         7808    i.TIM_OC3_SetConfig  stm32f1xx_hal_tim.o
    0x080483ac   0x080483ac   0x00000050   Code   RO         7809    i.TIM_OC4_SetConfig  stm32f1xx_hal_tim.o
    0x080483fc   0x080483fc   0x00000022   Code   RO         7811    i.TIM_TI1_ConfigInputStage  stm32f1xx_hal_tim.o
    0x0804841e   0x0804841e   0x00000024   Code   RO         7813    i.TIM_TI2_ConfigInputStage  stm32f1xx_hal_tim.o
    0x08048442   0x08048442   0x00000010   Code   RO         6984    i.UART_DMAAbortOnError  stm32f1xx_hal_uart.o
    0x08048452   0x08048452   0x0000004a   Code   RO         6985    i.UART_DMAError     stm32f1xx_hal_uart.o
    0x0804849c   0x0804849c   0x0000005a   Code   RO         6986    i.UART_DMAReceiveCplt  stm32f1xx_hal_uart.o
    0x080484f6   0x080484f6   0x0000001a   Code   RO         6988    i.UART_DMARxHalfCplt  stm32f1xx_hal_uart.o
    0x08048510   0x08048510   0x0000002e   Code   RO         6990    i.UART_DMATransmitCplt  stm32f1xx_hal_uart.o
    0x0804853e   0x0804853e   0x0000000a   Code   RO         6992    i.UART_DMATxHalfCplt  stm32f1xx_hal_uart.o
    0x08048548   0x08048548   0x00000030   Code   RO         6994    i.UART_EndRxTransfer  stm32f1xx_hal_uart.o
    0x08048578   0x08048578   0x00000012   Code   RO         6995    i.UART_EndTxTransfer  stm32f1xx_hal_uart.o
    0x0804858a   0x0804858a   0x000000b6   Code   RO         6996    i.UART_Receive_IT   stm32f1xx_hal_uart.o
    0x08048640   0x08048640   0x000000b8   Code   RO         6997    i.UART_SetConfig    stm32f1xx_hal_uart.o
    0x080486f8   0x080486f8   0x00000070   Code   RO         6998    i.UART_Start_Receive_DMA  stm32f1xx_hal_uart.o
    0x08048768   0x08048768   0x00000018   Code   RO         3208    i.USART1_IRQHandler  drv_usart.o
    0x08048780   0x08048780   0x00000028   Code   RO          413    i.USART2_IRQHandler  stm32_irq.o
    0x080487a8   0x080487a8   0x00000028   Code   RO          414    i.USART3_IRQHandler  stm32_irq.o
    0x080487d0   0x080487d0   0x000000a8   Code   RO          860    i.Write_Analog_IO   io_signal.o
    0x08048878   0x08048878   0x000000cc   Code   RO          861    i.Write_Digital_IO  io_signal.o
    0x08048944   0x08048944   0x00000020   Code   RO         7398    i.__NVIC_SetPriority  stm32f1xx_hal_cortex.o
    0x08048964   0x08048964   0x0000000e   Code   RO         9185    i.__mathlib_dbl_overflow  m_ws.l(dunder.o)
    0x08048972   0x08048972   0x00000002   PAD
    0x08048974   0x08048974   0x00000010   Code   RO         9187    i.__mathlib_dbl_underflow  m_ws.l(dunder.o)
    0x08048984   0x08048984   0x00000010   Code   RO         9099    i.__mathlib_narrow  m_ws.l(narrow.o)
    0x08048994   0x08048994   0x000000bc   Code   RO         9100    i.__mathlib_tofloat  m_ws.l(narrow.o)
    0x08048a50   0x08048a50   0x00000058   Code   RO         1307    i.__rt_libc_exit    cstdlib.o
    0x08048aa8   0x08048aa8   0x00000016   Code   RO         9140    i.__support_ldexp   m_ws.l(ldexp.o)
    0x08048abe   0x08048abe   0x00000002   PAD
    0x08048ac0   0x08048ac0   0x000004e0   Code   RO         8607    i.__vsnprintf       rt_vsnprintf.o
    0x08048fa0   0x08048fa0   0x00000014   Code   RO         3745    i._get_path_lastname  dfs_file.o
    0x08048fb4   0x08048fb4   0x00000020   Code   RO         4915    i._heap_lock        kservice.o
    0x08048fd4   0x08048fd4   0x0000003c   Code   RO         4916    i._heap_unlock      kservice.o
    0x08049010   0x08049010   0x0000000e   Code   RO         4601    i._ipc_list_resume  ipc.o
    0x0804901e   0x0804901e   0x00000002   PAD
    0x08049020   0x08049020   0x00000068   Code   RO         4603    i._ipc_list_suspend  ipc.o
    0x08049088   0x08049088   0x0000000e   Code   RO         8774    i._is_digit         c_w.l(__printf_wp.o)
    0x08049096   0x08049096   0x00000002   PAD
    0x08049098   0x08049098   0x000000b0   Code   RO         3988    i._msh_exec_cmd     msh.o
    0x08049148   0x08049148   0x000000c0   Code   RO         2249    i._pin_cmd          pin.o
    0x08049208   0x08049208   0x00000048   Code   RO         2250    i._pin_cmd_conv     pin.o
    0x08049250   0x08049250   0x000000dc   Code   RO         2251    i._pin_cmd_mode     pin.o
    0x0804932c   0x0804932c   0x000000f8   Code   RO         2252    i._pin_cmd_print_usage  pin.o
    0x08049424   0x08049424   0x00000074   Code   RO         2253    i._pin_cmd_read     pin.o
    0x08049498   0x08049498   0x00000084   Code   RO         2254    i._pin_cmd_write    pin.o
    0x0804951c   0x0804951c   0x00000040   Code   RO         2255    i._pin_control      pin.o
    0x0804955c   0x0804955c   0x00000044   Code   RO         2256    i._pin_read         pin.o
    0x080495a0   0x080495a0   0x00000044   Code   RO         2257    i._pin_write        pin.o
    0x080495e4   0x080495e4   0x00000228   Code   RO         2419    i._pm_change_sleep_mode  pm.o
    0x0804980c   0x0804980c   0x00000038   Code   RO         2420    i._pm_device_frequency_change  pm.o
    0x08049844   0x08049844   0x00000024   Code   RO         5361    i._scheduler_get_highest_priority_thread  scheduler.o
    0x08049868   0x08049868   0x000000b8   Code   RO         5362    i._scheduler_stack_check  scheduler.o
    0x08049920   0x08049920   0x0000003c   Code   RO         2699    i._serial_check_buffer_size  serial.o
    0x0804995c   0x0804995c   0x00000178   Code   RO         2700    i._serial_dma_rx    serial.o
    0x08049ad4   0x08049ad4   0x00000094   Code   RO         2701    i._serial_int_rx    serial.o
    0x08049b68   0x08049b68   0x00000090   Code   RO         2702    i._serial_int_tx    serial.o
    0x08049bf8   0x08049bf8   0x00000006   Code   RO         1138    i._sys_exit         syscalls.o
    0x08049bfe   0x08049bfe   0x00000002   PAD
    0x08049c00   0x08049c00   0x00000038   Code   RO         5446    i._thread_exit      thread.o
    0x08049c38   0x08049c38   0x000000c0   Code   RO         5447    i._thread_init      thread.o
    0x08049cf8   0x08049cf8   0x000000bc   Code   RO         5448    i._thread_timeout   thread.o
    0x08049db4   0x08049db4   0x0000001c   Code   RO         5587    i._timer_init       timer.o
    0x08049dd0   0x08049dd0   0x00000026   Code   RO         5588    i._timer_list_next_timeout  timer.o
    0x08049df6   0x08049df6   0x00000006   Code   RO         5589    i._timer_remove     timer.o
    0x08049dfc   0x08049dfc   0x0000003c   Code   RO         5590    i._timer_thread_entry  timer.o
    0x08049e38   0x08049e38   0x000000c4   Code   RO          562    i.adjust_inverter_out_handle  measure.o
    0x08049efc   0x08049efc   0x00000016   Code   RO         8608    i.apply_scaling     rt_vsnprintf.o
    0x08049f12   0x08049f12   0x00000014   Code   RO          965    i.assert_hook       cmb_port.o
    0x08049f26   0x08049f26   0x0000002a   Code   RO         8895    i.atof              m_ws.l(atof.o)
    0x08049f50   0x08049f50   0x0000002e   Code   RO         8609    i.atoi_             rt_vsnprintf.o
    0x08049f7e   0x08049f7e   0x00000002   PAD
    0x08049f80   0x08049f80   0x0000001c   Code   RO         3097    i.bit2bitno         drv_gpio.o
    0x08049f9c   0x08049f9c   0x000000e8   Code   RO         1674    i.bus_fault_track   cpuport.o
    0x0804a084   0x0804a084   0x0000006c   Code   RO         3746    i.cat               dfs_file.o
    0x0804a0f0   0x0804a0f0   0x00000080   Code   RO         3344    i.chdir             dfs_posix.o
    0x0804a170   0x0804a170   0x00000034   Code   RO          563    i.check_soft_timer_flag  measure.o
    0x0804a1a4   0x0804a1a4   0x00000014   Code   RO         4097    i.clear             cmd.o
    0x0804a1b8   0x0804a1b8   0x00000038   Code   RO         3345    i.close             dfs_posix.o
    0x0804a1f0   0x0804a1f0   0x00000048   Code   RO         3346    i.closedir          dfs_posix.o
    0x0804a238   0x0804a238   0x000000c4   Code   RO         1031    i.cm_backtrace_assert  cm_backtrace.o
    0x0804a2fc   0x0804a2fc   0x000000f8   Code   RO         1032    i.cm_backtrace_call_stack  cm_backtrace.o
    0x0804a3f4   0x0804a3f4   0x00000268   Code   RO         1033    i.cm_backtrace_fault  cm_backtrace.o
    0x0804a65c   0x0804a65c   0x0000002c   Code   RO         1034    i.cm_backtrace_firmware_info  cm_backtrace.o
    0x0804a688   0x0804a688   0x0000007c   Code   RO         1035    i.cm_backtrace_init  cm_backtrace.o
    0x0804a704   0x0804a704   0x00000120   Code   RO          966    i.cmb_test          cmb_port.o
    0x0804a824   0x0804a824   0x00000060   Code   RO         4231    i.cmd_cat           msh_file.o
    0x0804a884   0x0804a884   0x00000048   Code   RO         4232    i.cmd_cd            msh_file.o
    0x0804a8cc   0x0804a8cc   0x00000054   Code   RO         4233    i.cmd_cp            msh_file.o
    0x0804a920   0x0804a920   0x00000050   Code   RO         4234    i.cmd_df            msh_file.o
    0x0804a970   0x0804a970   0x00000090   Code   RO         4235    i.cmd_echo          msh_file.o
    0x0804aa00   0x0804aa00   0x0000007c   Code   RO         3989    i.cmd_free          msh.o
    0x0804aa7c   0x0804aa7c   0x000002a8   Code   RO         4098    i.cmd_list          cmd.o
    0x0804ad24   0x0804ad24   0x00000018   Code   RO         4236    i.cmd_ls            msh_file.o
    0x0804ad3c   0x0804ad3c   0x0000007c   Code   RO         4237    i.cmd_mkdir         msh_file.o
    0x0804adb8   0x0804adb8   0x0000007c   Code   RO         4238    i.cmd_mkfs          msh_file.o
    0x0804ae34   0x0804ae34   0x0000013c   Code   RO         4239    i.cmd_mount         msh_file.o
    0x0804af70   0x0804af70   0x0000011c   Code   RO         4240    i.cmd_mv            msh_file.o
    0x0804b08c   0x0804b08c   0x0000000a   Code   RO         3990    i.cmd_ps            msh.o
    0x0804b096   0x0804b096   0x00000002   PAD
    0x0804b098   0x0804b098   0x00000018   Code   RO         4241    i.cmd_pwd           msh_file.o
    0x0804b0b0   0x0804b0b0   0x000001ac   Code   RO         4242    i.cmd_rm            msh_file.o
    0x0804b25c   0x0804b25c   0x000001b4   Code   RO         4243    i.cmd_tail          msh_file.o
    0x0804b410   0x0804b410   0x00000080   Code   RO         4244    i.cmd_umount        msh_file.o
    0x0804b490   0x0804b490   0x0000015c   Code   RO          564    i.conductivity_measure_system  measure.o
    0x0804b5ec   0x0804b5ec   0x00000010   Code   RO            4    i.contrl_thread_entry  main.o
    0x0804b5fc   0x0804b5fc   0x00000130   Code   RO         3747    i.copy              dfs_file.o
    0x0804b72c   0x0804b72c   0x00000124   Code   RO         3748    i.copydir           dfs_file.o
    0x0804b850   0x0804b850   0x000000f4   Code   RO         3749    i.copyfile          dfs_file.o
    0x0804b944   0x0804b944   0x000000e8   Code   RO         3589    i.df                dfs_fs.o
    0x0804ba2c   0x0804ba2c   0x0000002c   Code   RO         3750    i.dfs_file_close    dfs_file.o
    0x0804ba58   0x0804ba58   0x0000001c   Code   RO         3753    i.dfs_file_getdents  dfs_file.o
    0x0804ba74   0x0804ba74   0x00000024   Code   RO         3755    i.dfs_file_lseek    dfs_file.o
    0x0804ba98   0x0804ba98   0x000000c0   Code   RO         3756    i.dfs_file_open     dfs_file.o
    0x0804bb58   0x0804bb58   0x0000002a   Code   RO         3757    i.dfs_file_read     dfs_file.o
    0x0804bb82   0x0804bb82   0x00000086   Code   RO         3758    i.dfs_file_rename   dfs_file.o
    0x0804bc08   0x0804bc08   0x0000012c   Code   RO         3759    i.dfs_file_stat     dfs_file.o
    0x0804bd34   0x0804bd34   0x0000007c   Code   RO         3760    i.dfs_file_unlink   dfs_file.o
    0x0804bdb0   0x0804bdb0   0x00000016   Code   RO         3761    i.dfs_file_write    dfs_file.o
    0x0804bdc6   0x0804bdc6   0x00000002   PAD
    0x0804bdc8   0x0804bdc8   0x00000080   Code   RO         3592    i.dfs_filesystem_lookup  dfs_fs.o
    0x0804be48   0x0804be48   0x00000080   Code   RO         3658    i.dfs_init          dfs.o
    0x0804bec8   0x0804bec8   0x00000034   Code   RO         3659    i.dfs_lock          dfs.o
    0x0804befc   0x0804befc   0x00000124   Code   RO         3593    i.dfs_mkfs          dfs_fs.o
    0x0804c020   0x0804c020   0x000001a8   Code   RO         3594    i.dfs_mount         dfs_fs.o
    0x0804c1c8   0x0804c1c8   0x0000012c   Code   RO         3660    i.dfs_normalize_path  dfs.o
    0x0804c2f4   0x0804c2f4   0x0000001e   Code   RO         3596    i.dfs_statfs        dfs_fs.o
    0x0804c312   0x0804c312   0x00000030   Code   RO         3661    i.dfs_subdir        dfs.o
    0x0804c342   0x0804c342   0x00000002   PAD
    0x0804c344   0x0804c344   0x0000000c   Code   RO         3662    i.dfs_unlock        dfs.o
    0x0804c350   0x0804c350   0x0000008c   Code   RO         3597    i.dfs_unmount       dfs_fs.o
    0x0804c3dc   0x0804c3dc   0x00000120   Code   RO         4245    i.directory_delete_for_msh  msh_file.o
    0x0804c4fc   0x0804c4fc   0x00000080   Code   RO         3209    i.dma_isr           drv_usart.o
    0x0804c57c   0x0804c57c   0x000000bc   Code   RO         1036    i.dump_stack        cm_backtrace.o
    0x0804c638   0x0804c638   0x00000044   Code   RO          776    i.dwin_check_scope  dwin_port.o
    0x0804c67c   0x0804c67c   0x0000002c   Code   RO            5    i.dwin_recive_thread_entry  main.o
    0x0804c6a8   0x0804c6a8   0x00000028   Code   RO          726    i.endian_swap       tool.o
    0x0804c6d0   0x0804c6d0   0x00000016   Code   RO          967    i.exception_hook    cmb_port.o
    0x0804c6e6   0x0804c6e6   0x00000002   PAD
    0x0804c6e8   0x0804c6e8   0x00000214   Code   RO         1037    i.fault_diagnosis   cm_backtrace.o
    0x0804c8fc   0x0804c8fc   0x00000072   Code   RO         3663    i.fd_alloc          dfs.o
    0x0804c96e   0x0804c96e   0x00000002   PAD
    0x0804c970   0x0804c970   0x0000004c   Code   RO         3664    i.fd_get            dfs.o
    0x0804c9bc   0x0804c9bc   0x00000094   Code   RO         3665    i.fd_is_open        dfs.o
    0x0804ca50   0x0804ca50   0x000000a0   Code   RO         3666    i.fd_new            dfs.o
    0x0804caf0   0x0804caf0   0x00000068   Code   RO         3667    i.fd_put            dfs.o
    0x0804cb58   0x0804cb58   0x00000068   Code   RO         3866    i.finsh_get_prompt  shell.o
    0x0804cbc0   0x0804cbc0   0x00000074   Code   RO         3868    i.finsh_getchar     shell.o
    0x0804cc34   0x0804cc34   0x00000038   Code   RO         3869    i.finsh_rx_ind      shell.o
    0x0804cc6c   0x0804cc6c   0x000000c8   Code   RO         3870    i.finsh_set_device  shell.o
    0x0804cd34   0x0804cd34   0x00000038   Code   RO         3872    i.finsh_set_password  shell.o
    0x0804cd6c   0x0804cd6c   0x00000040   Code   RO         3874    i.finsh_set_prompt_mode  shell.o
    0x0804cdac   0x0804cdac   0x0000000c   Code   RO         3875    i.finsh_system_function_init  shell.o
    0x0804cdb8   0x0804cdb8   0x00000094   Code   RO         3876    i.finsh_system_init  shell.o
    0x0804ce4c   0x0804ce4c   0x00000350   Code   RO         3877    i.finsh_thread_entry  shell.o
    0x0804d19c   0x0804d19c   0x000000e0   Code   RO         3878    i.finsh_wait_auth   shell.o
    0x0804d27c   0x0804d27c   0x00000058   Code   RO         9127    i.frexp             m_ws.l(frexp.o)
    0x0804d2d4   0x0804d2d4   0x00000006   Code   RO         8610    i.get_bit_access    rt_vsnprintf.o
    0x0804d2da   0x0804d2da   0x00000040   Code   RO          565    i.get_compensate_value  measure.o
    0x0804d31a   0x0804d31a   0x00000002   PAD
    0x0804d31c   0x0804d31c   0x00000138   Code   RO         8611    i.get_components    rt_vsnprintf.o
    0x0804d454   0x0804d454   0x00000036   Code   RO          727    i.get_crc16         tool.o
    0x0804d48a   0x0804d48a   0x00000002   PAD
    0x0804d48c   0x0804d48c   0x0000007c   Code   RO         1038    i.get_cur_thread_stack_info  cm_backtrace.o
    0x0804d508   0x0804d508   0x00000154   Code   RO         8612    i.get_normalized_components  rt_vsnprintf.o
    0x0804d65c   0x0804d65c   0x0000001c   Code   RO          566    i.get_ratio         measure.o
    0x0804d678   0x0804d678   0x00000012   Code   RO         8613    i.get_sign          rt_vsnprintf.o
    0x0804d68a   0x0804d68a   0x00000002   PAD
    0x0804d68c   0x0804d68c   0x000000cc   Code   RO            6    i.get_system_infomation  main.o
    0x0804d758   0x0804d758   0x00000032   Code   RO          567    i.get_system_percentage  measure.o
    0x0804d78a   0x0804d78a   0x0000005e   Code   RO          568    i.get_target_microcompensate  measure.o
    0x0804d7e8   0x0804d7e8   0x00000020   Code   RO         3352    i.getcwd            dfs_posix.o
    0x0804d808   0x0804d808   0x00000078   Code   RO         1675    i.hard_fault_track  cpuport.o
    0x0804d880   0x0804d880   0x0000000e   Code   RO         8614    i.is_digit_         rt_vsnprintf.o
    0x0804d88e   0x0804d88e   0x00000002   PAD
    0x0804d890   0x0804d890   0x0000006c   Code   RO          728    i.kalmanFilter      tool.o
    0x0804d8fc   0x0804d8fc   0x00000074   Code   RO         9141    i.ldexp             m_ws.l(ldexp.o)
    0x0804d970   0x0804d970   0x000000ec   Code   RO          491    i.lhc_ota_update    small_modbus_port.o
    0x0804da5c   0x0804da5c   0x00000110   Code   RO         4099    i.list_device       cmd.o
    0x0804db6c   0x0804db6c   0x00000130   Code   RO         4100    i.list_event        cmd.o
    0x0804dc9c   0x0804dc9c   0x00000150   Code   RO         3668    i.list_fd           dfs.o
    0x0804ddec   0x0804ddec   0x00000024   Code   RO         4101    i.list_find_init    cmd.o
    0x0804de10   0x0804de10   0x00000066   Code   RO         4102    i.list_get_next     cmd.o
    0x0804de76   0x0804de76   0x00000002   PAD
    0x0804de78   0x0804de78   0x00000144   Code   RO         4103    i.list_mailbox      cmd.o
    0x0804dfbc   0x0804dfbc   0x00000154   Code   RO         4104    i.list_mempool      cmd.o
    0x0804e110   0x0804e110   0x00000128   Code   RO         4105    i.list_msgqueue     cmd.o
    0x0804e238   0x0804e238   0x000000f8   Code   RO         4106    i.list_mutex        cmd.o
    0x0804e330   0x0804e330   0x0000011c   Code   RO         4107    i.list_sem          cmd.o
    0x0804e44c   0x0804e44c   0x000001bc   Code   RO         4108    i.list_thread       cmd.o
    0x0804e608   0x0804e608   0x00000184   Code   RO         4109    i.list_timer        cmd.o
    0x0804e78c   0x0804e78c   0x00000110   Code   RO         2359    i.lptimer_dump      lptimer.o
    0x0804e89c   0x0804e89c   0x00000120   Code   RO         3762    i.ls                dfs_file.o
    0x0804e9bc   0x0804e9bc   0x00000060   Code   RO         3354    i.lseek             dfs_posix.o
    0x0804ea1c   0x0804ea1c   0x00000074   Code   RO            7    i.main              main.o
    0x0804ea90   0x0804ea90   0x0000000e   Code   RO         4395    i.main_thread_entry  components.o
    0x0804ea9e   0x0804ea9e   0x00000002   PAD
    0x0804eaa0   0x0804eaa0   0x00000084   Code   RO          569    i.measure_poll      measure.o
    0x0804eb24   0x0804eb24   0x00000010   Code   RO            8    i.measure_poll_thread_entry  main.o
    0x0804eb34   0x0804eb34   0x00000034   Code   RO          570    i.measure_sampling  measure.o
    0x0804eb68   0x0804eb68   0x00000138   Code   RO          571    i.measure_sensor_data_handle  measure.o
    0x0804eca0   0x0804eca0   0x00000028   Code   RO          572    i.measure_timer_poll  measure.o
    0x0804ecc8   0x0804ecc8   0x000000d8   Code   RO         1676    i.mem_manage_fault_track  cpuport.o
    0x0804eda0   0x0804eda0   0x00000058   Code   RO         3355    i.mkdir             dfs_posix.o
    0x0804edf8   0x0804edf8   0x0000006c   Code   RO            9    i.modbus_slave_thread_entry  main.o
    0x0804ee64   0x0804ee64   0x000000a8   Code   RO         3991    i.msh_auto_complete  msh.o
    0x0804ef0c   0x0804ef0c   0x0000015c   Code   RO         3992    i.msh_auto_complete_path  msh.o
    0x0804f068   0x0804f068   0x00000074   Code   RO         3993    i.msh_exec          msh.o
    0x0804f0dc   0x0804f0dc   0x0000014c   Code   RO         4246    i.msh_exec_script   msh_file.o
    0x0804f228   0x0804f228   0x00000060   Code   RO         3994    i.msh_help          msh.o
    0x0804f288   0x0804f288   0x0000002e   Code   RO         4071    i.msh_isint         msh_parse.o
    0x0804f2b6   0x0804f2b6   0x00000002   PAD
    0x0804f2b8   0x0804f2b8   0x000000d0   Code   RO         3995    i.msh_split         msh.o
    0x0804f388   0x0804f388   0x00000018   Code   RO         4110    i.object_split      cmd.o
    0x0804f3a0   0x0804f3a0   0x0000004a   Code   RO         3356    i.open              dfs_posix.o
    0x0804f3ea   0x0804f3ea   0x00000074   Code   RO         3357    i.opendir           dfs_posix.o
    0x0804f45e   0x0804f45e   0x00000008   Code   RO         8615    i.out_buffer        rt_vsnprintf.o
    0x0804f466   0x0804f466   0x00000002   Code   RO         8616    i.out_discard       rt_vsnprintf.o
    0x0804f468   0x0804f468   0x0000006c   Code   RO         8617    i.out_rev_          rt_vsnprintf.o
    0x0804f4d4   0x0804f4d4   0x000000d8   Code   RO         5148    i.plug_holes        mem.o
    0x0804f5ac   0x0804f5ac   0x00000018   Code   RO         2424    i.pm_get_sleep_threshold_mode  pm.o
    0x0804f5c4   0x0804f5c4   0x00000018   Code   RO         2425    i.pm_lptimer_start  pm.o
    0x0804f5dc   0x0804f5dc   0x0000001a   Code   RO         2426    i.pm_timer_next_timeout_tick  pm.o
    0x0804f5f6   0x0804f5f6   0x00000002   PAD
    0x0804f5f8   0x0804f5f8   0x00000204   Code   RO          573    i.pressure_flow_level_measure_system  measure.o
    0x0804f7fc   0x0804f7fc   0x0000012e   Code   RO         8618    i.print_broken_up_decimal  rt_vsnprintf.o
    0x0804f92a   0x0804f92a   0x00000002   PAD
    0x0804f92c   0x0804f92c   0x00000090   Code   RO         1039    i.print_call_stack  cm_backtrace.o
    0x0804f9bc   0x0804f9bc   0x000003bc   Code   RO         8619    i.print_exponential_number  rt_vsnprintf.o
    0x0804fd78   0x0804fd78   0x00000144   Code   RO         8620    i.print_floating_point  rt_vsnprintf.o
    0x0804febc   0x0804febc   0x0000008c   Code   RO         8621    i.print_integer     rt_vsnprintf.o
    0x0804ff48   0x0804ff48   0x00000102   Code   RO         8622    i.print_integer_finalization  rt_vsnprintf.o
    0x0805004a   0x0805004a   0x00000040   Code   RO         3358    i.read              dfs_posix.o
    0x0805008a   0x0805008a   0x00000002   PAD
    0x0805008c   0x0805008c   0x0000006c   Code   RO         3359    i.readdir           dfs_posix.o
    0x080500f8   0x080500f8   0x00000004   Code   RO         2992    i.reboot            drv_common.o
    0x080500fc   0x080500fc   0x00000018   Code   RO         3360    i.rename            dfs_posix.o
    0x08050114   0x08050114   0x000001dc   Code   RO           10    i.report_thread_entry  main.o
    0x080502f0   0x080502f0   0x00000038   Code   RO         3361    i.rewinddir         dfs_posix.o
    0x08050328   0x08050328   0x00000050   Code   RO         4396    i.rt_application_init  components.o
    0x08050378   0x08050378   0x0000006c   Code   RO         4919    i.rt_assert_handler  kservice.o
    0x080503e4   0x080503e4   0x0000000c   Code   RO         4920    i.rt_assert_set_hook  kservice.o
    0x080503f0   0x080503f0   0x0000001a   Code   RO         4921    i.rt_calloc         kservice.o
    0x0805040a   0x0805040a   0x00000002   PAD
    0x0805040c   0x0805040c   0x00000094   Code   RO          968    i.rt_cm_backtrace_assert_hook  cmb_port.o
    0x080504a0   0x080504a0   0x0000008c   Code   RO          969    i.rt_cm_backtrace_exception_hook  cmb_port.o
    0x0805052c   0x0805052c   0x00000048   Code   RO          970    i.rt_cm_backtrace_init  cmb_port.o
    0x08050574   0x08050574   0x00000064   Code   RO         1740    i.rt_completion_done  completion.o
    0x080505d8   0x080505d8   0x00000040   Code   RO         1741    i.rt_completion_init  completion.o
    0x08050618   0x08050618   0x000001e8   Code   RO         1742    i.rt_completion_wait  completion.o
    0x08050800   0x08050800   0x0000001c   Code   RO         4397    i.rt_components_board_init  components.o
    0x0805081c   0x0805081c   0x0000001c   Code   RO         4398    i.rt_components_init  components.o
    0x08050838   0x08050838   0x0000000c   Code   RO         4922    i.rt_console_get_device  kservice.o
    0x08050844   0x08050844   0x00000030   Code   RO         4923    i.rt_console_set_device  kservice.o
    0x08050874   0x08050874   0x0000000c   Code   RO         5363    i.rt_critical_level  scheduler.o
    0x08050880   0x08050880   0x00000080   Code   RO         1807    i.rt_data_queue_deinit  dataqueue.o
    0x08050900   0x08050900   0x00000090   Code   RO         1808    i.rt_data_queue_init  dataqueue.o
    0x08050990   0x08050990   0x00000094   Code   RO         1809    i.rt_data_queue_len  dataqueue.o
    0x08050a24   0x08050a24   0x000000a0   Code   RO         1810    i.rt_data_queue_peek  dataqueue.o
    0x08050ac4   0x08050ac4   0x000002cc   Code   RO         1811    i.rt_data_queue_pop  dataqueue.o
    0x08050d90   0x08050d90   0x00000260   Code   RO         1812    i.rt_data_queue_push  dataqueue.o
    0x08050ff0   0x08050ff0   0x000000e0   Code   RO         1813    i.rt_data_queue_reset  dataqueue.o
    0x080510d0   0x080510d0   0x000000b0   Code   RO         4463    i.rt_device_close   device.o
    0x08051180   0x08051180   0x00000006   Code   RO         4467    i.rt_device_find    device.o
    0x08051186   0x08051186   0x00000002   PAD
    0x08051188   0x08051188   0x00000140   Code   RO         4469    i.rt_device_open    device.o
    0x080512c8   0x080512c8   0x00000044   Code   RO         2258    i.rt_device_pin_register  pin.o
    0x0805130c   0x0805130c   0x000000b4   Code   RO         4470    i.rt_device_read    device.o
    0x080513c0   0x080513c0   0x00000034   Code   RO         4471    i.rt_device_register  device.o
    0x080513f4   0x080513f4   0x00000080   Code   RO         4472    i.rt_device_set_rx_indicate  device.o
    0x08051474   0x08051474   0x000000b4   Code   RO         4475    i.rt_device_write   device.o
    0x08051528   0x08051528   0x00000054   Code   RO         2703    i.rt_dma_calc_recved_len  serial.o
    0x0805157c   0x0805157c   0x00000084   Code   RO         2704    i.rt_dma_recv_update_get_index  serial.o
    0x08051600   0x08051600   0x00000078   Code   RO         2705    i.rt_dma_recv_update_put_index  serial.o
    0x08051678   0x08051678   0x0000003c   Code   RO          777    i.rt_dwin_init      dwin_port.o
    0x080516b4   0x080516b4   0x0000001c   Code   RO         5364    i.rt_enter_critical  scheduler.o
    0x080516d0   0x080516d0   0x00000038   Code   RO         5365    i.rt_exit_critical  scheduler.o
    0x08051708   0x08051708   0x00000030   Code   RO         4924    i.rt_free           kservice.o
    0x08051738   0x08051738   0x00000048   Code   RO         2993    i.rt_hw_board_init  drv_common.o
    0x08051780   0x08051780   0x00000002   Code   RO         4928    i.rt_hw_console_output  kservice.o
    0x08051782   0x08051782   0x00000002   PAD
    0x08051784   0x08051784   0x00000010   Code   RO         1677    i.rt_hw_cpu_reset   cpuport.o
    0x08051794   0x08051794   0x0000000c   Code   RO         1679    i.rt_hw_exception_install  cpuport.o
    0x080517a0   0x080517a0   0x000001fc   Code   RO         1680    i.rt_hw_hard_fault_exception  cpuport.o
    0x0805199c   0x0805199c   0x0000008c   Code   RO         3098    i.rt_hw_pin_init    drv_gpio.o
    0x08051a28   0x08051a28   0x000001c4   Code   RO         2706    i.rt_hw_serial_isr  serial.o
    0x08051bec   0x08051bec   0x0000007c   Code   RO         2707    i.rt_hw_serial_register  serial.o
    0x08051c68   0x08051c68   0x00000038   Code   RO         1681    i.rt_hw_stack_init  cpuport.o
    0x08051ca0   0x08051ca0   0x00000030   Code   RO         2994    i.rt_hw_systick_init  drv_common.o
    0x08051cd0   0x08051cd0   0x00000034   Code   RO         2995    i.rt_hw_us_delay    drv_common.o
    0x08051d04   0x08051d04   0x00000064   Code   RO         3210    i.rt_hw_usart_init  drv_usart.o
    0x08051d68   0x08051d68   0x00000024   Code   RO         4876    i.rt_interrupt_enter  irq.o
    0x08051d8c   0x08051d8c   0x00000018   Code   RO         4878    i.rt_interrupt_get_nest  irq.o
    0x08051da4   0x08051da4   0x00000024   Code   RO         4879    i.rt_interrupt_leave  irq.o
    0x08051dc8   0x08051dc8   0x00000040   Code   RO         4930    i.rt_kprintf        kservice.o
    0x08051e08   0x08051e08   0x0000000e   Code   RO         5251    i.rt_list_insert_after  object.o
    0x08051e16   0x08051e16   0x0000000e   Code   RO         5591    i.rt_list_insert_after  timer.o
    0x08051e24   0x08051e24   0x0000000e   Code   RO         1814    i.rt_list_insert_before  dataqueue.o
    0x08051e32   0x08051e32   0x0000000e   Code   RO         4611    i.rt_list_insert_before  ipc.o
    0x08051e40   0x08051e40   0x00000012   Code   RO         4111    i.rt_list_len       cmd.o
    0x08051e52   0x08051e52   0x00000012   Code   RO         5252    i.rt_list_remove    object.o
    0x08051e64   0x08051e64   0x00000012   Code   RO         5449    i.rt_list_remove    thread.o
    0x08051e76   0x08051e76   0x00000012   Code   RO         5592    i.rt_list_remove    timer.o
    0x08051e88   0x08051e88   0x0000004c   Code   RO         2364    i.rt_lptimer_next_timeout_tick  lptimer.o
    0x08051ed4   0x08051ed4   0x00000034   Code   RO         4932    i.rt_malloc         kservice.o
    0x08051f08   0x08051f08   0x000000fc   Code   RO          574    i.rt_measure_init   measure.o
    0x08052004   0x08052004   0x0000004a   Code   RO         4936    i.rt_memcpy         kservice.o
    0x0805204e   0x0805204e   0x00000002   PAD
    0x08052050   0x08052050   0x00000032   Code   RO         4937    i.rt_memmove        kservice.o
    0x08052082   0x08052082   0x00000002   PAD
    0x08052084   0x08052084   0x00000038   Code   RO         4938    i.rt_memory_info    kservice.o
    0x080520bc   0x080520bc   0x00000046   Code   RO         4939    i.rt_memset         kservice.o
    0x08052102   0x08052102   0x00000026   Code   RO         2427    i.rt_module_delay_sleep  pm.o
    0x08052128   0x08052128   0x00000028   Code   RO         2428    i.rt_module_release_mode  pm.o
    0x08052150   0x08052150   0x00000028   Code   RO         2429    i.rt_module_release_mode_all  pm.o
    0x08052178   0x08052178   0x00000028   Code   RO         2430    i.rt_module_request_mode  pm.o
    0x080521a0   0x080521a0   0x00000084   Code   RO         4631    i.rt_mutex_create   ipc.o
    0x08052224   0x08052224   0x00000058   Code   RO         4634    i.rt_mutex_init     ipc.o
    0x0805227c   0x0805227c   0x000001b8   Code   RO         4635    i.rt_mutex_release  ipc.o
    0x08052434   0x08052434   0x00000220   Code   RO         4636    i.rt_mutex_take     ipc.o
    0x08052654   0x08052654   0x000000dc   Code   RO         5253    i.rt_object_allocate  object.o
    0x08052730   0x08052730   0x00000098   Code   RO         5255    i.rt_object_delete  object.o
    0x080527c8   0x080527c8   0x00000054   Code   RO         5256    i.rt_object_detach  object.o
    0x0805281c   0x0805281c   0x0000009c   Code   RO         5258    i.rt_object_find    object.o
    0x080528b8   0x080528b8   0x00000024   Code   RO         5259    i.rt_object_get_information  object.o
    0x080528dc   0x080528dc   0x00000034   Code   RO         5262    i.rt_object_get_type  object.o
    0x08052910   0x08052910   0x000000b4   Code   RO         5263    i.rt_object_init    object.o
    0x080529c4   0x080529c4   0x00000038   Code   RO         5264    i.rt_object_is_systemobject  object.o
    0x080529fc   0x080529fc   0x00000058   Code   RO         2261    i.rt_pin_get        pin.o
    0x08052a54   0x08052a54   0x00000048   Code   RO         2263    i.rt_pin_mode       pin.o
    0x08052a9c   0x08052a9c   0x00000044   Code   RO         2264    i.rt_pin_read       pin.o
    0x08052ae0   0x08052ae0   0x00000048   Code   RO         2265    i.rt_pin_write      pin.o
    0x08052b28   0x08052b28   0x000001e4   Code   RO         2434    i.rt_pm_dump_status  pm.o
    0x08052d0c   0x08052d0c   0x00000004   Code   RO         2435    i.rt_pm_enter_critical  pm.o
    0x08052d10   0x08052d10   0x00000004   Code   RO         2436    i.rt_pm_exit_critical  pm.o
    0x08052d14   0x08052d14   0x00000040   Code   RO         2439    i.rt_pm_module_delay_sleep  pm.o
    0x08052d54   0x08052d54   0x00000050   Code   RO         2441    i.rt_pm_module_release  pm.o
    0x08052da4   0x08052da4   0x0000003c   Code   RO         2442    i.rt_pm_module_release_all  pm.o
    0x08052de0   0x08052de0   0x0000004c   Code   RO         2443    i.rt_pm_module_request  pm.o
    0x08052e2c   0x08052e2c   0x0000003c   Code   RO         2445    i.rt_pm_release     pm.o
    0x08052e68   0x08052e68   0x00000030   Code   RO         2446    i.rt_pm_release_all  pm.o
    0x08052e98   0x08052e98   0x0000001a   Code   RO         2447    i.rt_pm_release_mode  pm.o
    0x08052eb2   0x08052eb2   0x0000001a   Code   RO         2448    i.rt_pm_release_mode_all  pm.o
    0x08052ecc   0x08052ecc   0x0000003c   Code   RO         2449    i.rt_pm_request     pm.o
    0x08052f08   0x08052f08   0x0000001a   Code   RO         2450    i.rt_pm_request_mode  pm.o
    0x08052f22   0x08052f22   0x00000002   PAD
    0x08052f24   0x08052f24   0x00000060   Code   RO         2451    i.rt_pm_run_enter   pm.o
    0x08052f84   0x08052f84   0x0000001a   Code   RO         2452    i.rt_pm_run_mode_switch  pm.o
    0x08052f9e   0x08052f9e   0x00000002   PAD
    0x08052fa0   0x08052fa0   0x00000028   Code   RO         4940    i.rt_realloc        kservice.o
    0x08052fc8   0x08052fc8   0x000000dc   Code   RO         5366    i.rt_schedule       scheduler.o
    0x080530a4   0x080530a4   0x0000009c   Code   RO         5367    i.rt_schedule_insert_thread  scheduler.o
    0x08053140   0x08053140   0x00000070   Code   RO         5368    i.rt_schedule_remove_thread  scheduler.o
    0x080531b0   0x080531b0   0x000000f0   Code   RO         4639    i.rt_sem_create     ipc.o
    0x080532a0   0x080532a0   0x000000c0   Code   RO         4642    i.rt_sem_init       ipc.o
    0x08053360   0x08053360   0x00000094   Code   RO         4643    i.rt_sem_release    ipc.o
    0x080533f4   0x080533f4   0x000001cc   Code   RO         4644    i.rt_sem_take       ipc.o
    0x080535c0   0x080535c0   0x0000017c   Code   RO         2708    i.rt_serial_close   serial.o
    0x0805373c   0x0805373c   0x00000098   Code   RO         2709    i.rt_serial_control  serial.o
    0x080537d4   0x080537d4   0x00000044   Code   RO         2710    i.rt_serial_init    serial.o
    0x08053818   0x08053818   0x0000025c   Code   RO         2711    i.rt_serial_open    serial.o
    0x08053a74   0x08053a74   0x000000a4   Code   RO         2712    i.rt_serial_read    serial.o
    0x08053b18   0x08053b18   0x000000d0   Code   RO         2713    i.rt_serial_write   serial.o
    0x08053be8   0x08053be8   0x00000020   Code   RO         4941    i.rt_set_errno      kservice.o
    0x08053c08   0x08053c08   0x000000c4   Code   RO         4942    i.rt_show_version   kservice.o
    0x08053ccc   0x08053ccc   0x00000058   Code   RO          492    i.rt_small_modbus_init  small_modbus_port.o
    0x08053d24   0x08053d24   0x000001f4   Code   RO         5149    i.rt_smem_alloc     mem.o
    0x08053f18   0x08053f18   0x0000019c   Code   RO         5151    i.rt_smem_free      mem.o
    0x080540b4   0x080540b4   0x000000d4   Code   RO         5152    i.rt_smem_init      mem.o
    0x08054188   0x08054188   0x0000023c   Code   RO         5153    i.rt_smem_realloc   mem.o
    0x080543c4   0x080543c4   0x00000012   Code   RO         4943    i.rt_snprintf       kservice.o
    0x080543d6   0x080543d6   0x00000002   PAD
    0x080543d8   0x080543d8   0x000000ac   Code   RO         5593    i.rt_soft_timer_check  timer.o
    0x08054484   0x08054484   0x00000012   Code   RO         4944    i.rt_sprintf        kservice.o
    0x08054496   0x08054496   0x00000002   PAD
    0x08054498   0x08054498   0x000000f4   Code   RO         2794    i.rt_stm32_hal_init  src_main.o
    0x0805458c   0x0805458c   0x00000024   Code   RO         4945    i.rt_strdup         kservice.o
    0x080545b0   0x080545b0   0x0000001c   Code   RO         4946    i.rt_strerror       kservice.o
    0x080545cc   0x080545cc   0x00000070   Code   RO         4948    i.rt_system_heap_init  kservice.o
    0x0805463c   0x0805463c   0x00000058   Code   RO         2462    i.rt_system_power_manager  pm.o
    0x08054694   0x08054694   0x00000028   Code   RO         5371    i.rt_system_scheduler_init  scheduler.o
    0x080546bc   0x080546bc   0x00000028   Code   RO         5372    i.rt_system_scheduler_start  scheduler.o
    0x080546e4   0x080546e4   0x0000000c   Code   RO         5594    i.rt_system_timer_init  timer.o
    0x080546f0   0x080546f0   0x00000044   Code   RO         5595    i.rt_system_timer_thread_init  timer.o
    0x08054734   0x08054734   0x000000c0   Code   RO         5450    i.rt_thread_control  thread.o
    0x080547f4   0x080547f4   0x00000048   Code   RO         5451    i.rt_thread_create  thread.o
    0x0805483c   0x0805483c   0x00000030   Code   RO         4548    i.rt_thread_defunct_dequeue  idle.o
    0x0805486c   0x0805486c   0x00000018   Code   RO         4549    i.rt_thread_defunct_enqueue  idle.o
    0x08054884   0x08054884   0x00000004   Code   RO         5452    i.rt_thread_delay   thread.o
    0x08054888   0x08054888   0x000000d0   Code   RO         5454    i.rt_thread_delete  thread.o
    0x08054958   0x08054958   0x000000c4   Code   RO         5455    i.rt_thread_detach  thread.o
    0x08054a1c   0x08054a1c   0x00000046   Code   RO           11    i.rt_thread_hal_uartx_dma_info_init  main.o
    0x08054a62   0x08054a62   0x00000002   PAD
    0x08054a64   0x08054a64   0x00000054   Code   RO         4551    i.rt_thread_idle_entry  idle.o
    0x08054ab8   0x08054ab8   0x00000044   Code   RO         4553    i.rt_thread_idle_init  idle.o
    0x08054afc   0x08054afc   0x00000084   Code   RO         5457    i.rt_thread_init    thread.o
    0x08054b80   0x08054b80   0x0000000e   Code   RO         5459    i.rt_thread_mdelay  thread.o
    0x08054b8e   0x08054b8e   0x00000002   PAD
    0x08054b90   0x08054b90   0x00000064   Code   RO           12    i.rt_thread_pools_init  main.o
    0x08054bf4   0x08054bf4   0x0000008c   Code   RO         5460    i.rt_thread_resume  thread.o
    0x08054c80   0x08054c80   0x0000000c   Code   RO         5462    i.rt_thread_self    thread.o
    0x08054c8c   0x08054c8c   0x00000084   Code   RO         5463    i.rt_thread_sleep   thread.o
    0x08054d10   0x08054d10   0x000000b8   Code   RO         5464    i.rt_thread_startup  thread.o
    0x08054dc8   0x08054dc8   0x000000c8   Code   RO         5465    i.rt_thread_suspend  thread.o
    0x08054e90   0x08054e90   0x00000032   Code   RO         4350    i.rt_tick_from_millisecond  clock.o
    0x08054ec2   0x08054ec2   0x00000002   PAD
    0x08054ec4   0x08054ec4   0x0000000c   Code   RO         4351    i.rt_tick_get       clock.o
    0x08054ed0   0x08054ed0   0x00000050   Code   RO         4353    i.rt_tick_increase  clock.o
    0x08054f20   0x08054f20   0x00000018   Code   RO         4354    i.rt_tick_set       clock.o
    0x08054f38   0x08054f38   0x000000a0   Code   RO         5596    i.rt_timer_check    timer.o
    0x08054fd8   0x08054fd8   0x0000010c   Code   RO         5597    i.rt_timer_control  timer.o
    0x080550e4   0x080550e4   0x00000084   Code   RO         5598    i.rt_timer_create   timer.o
    0x08055168   0x08055168   0x000000e0   Code   RO         5600    i.rt_timer_detach   timer.o
    0x08055248   0x08055248   0x000000a0   Code   RO         5603    i.rt_timer_init     timer.o
    0x080552e8   0x080552e8   0x00000018   Code   RO         5604    i.rt_timer_next_timeout_tick  timer.o
    0x08055300   0x08055300   0x00000144   Code   RO         5605    i.rt_timer_start    timer.o
    0x08055444   0x08055444   0x000000b4   Code   RO         5606    i.rt_timer_stop     timer.o
    0x080554f8   0x080554f8   0x00000018   Code   RO         8623    i.rt_vsnprintf      rt_vsnprintf.o
    0x08055510   0x08055510   0x00000010   Code   RO         4950    i.rt_vsprintf       kservice.o
    0x08055520   0x08055520   0x00000004   Code   RO         4399    i.rti_board_end     components.o
    0x08055524   0x08055524   0x00000004   Code   RO         4400    i.rti_board_start   components.o
    0x08055528   0x08055528   0x00000004   Code   RO         4401    i.rti_end           components.o
    0x0805552c   0x0805552c   0x00000004   Code   RO         4402    i.rti_start         components.o
    0x08055530   0x08055530   0x0000002a   Code   RO         4403    i.rtthread_startup  components.o
    0x0805555a   0x0805555a   0x00000014   Code   RO           13    i.sampling_thread_entry  main.o
    0x0805556e   0x0805556e   0x00000002   PAD
    0x08055570   0x08055570   0x0000006c   Code   RO          575    i.see_action        measure.o
    0x080555dc   0x080555dc   0x000000dc   Code   RO          862    i.see_adc           io_signal.o
    0x080556b8   0x080556b8   0x00000094   Code   RO          863    i.see_dac           io_signal.o
    0x0805574c   0x0805574c   0x000000d0   Code   RO          864    i.see_di            io_signal.o
    0x0805581c   0x0805581c   0x000000cc   Code   RO          865    i.see_do            io_signal.o
    0x080558e8   0x080558e8   0x000000dc   Code   RO          576    i.see_sensor_data   measure.o
    0x080559c4   0x080559c4   0x000000d0   Code   RO          866    i.set_ao            io_signal.o
    0x08055a94   0x08055a94   0x00000012   Code   RO          577    i.set_cartoon_state  measure.o
    0x08055aa6   0x08055aa6   0x00000002   PAD
    0x08055aa8   0x08055aa8   0x000000bc   Code   RO          867    i.set_dac           io_signal.o
    0x08055b64   0x08055b64   0x00000150   Code   RO          868    i.set_do            io_signal.o
    0x08055cb4   0x08055cb4   0x00000084   Code   RO          578    i.set_measure_information  measure.o
    0x08055d38   0x08055d38   0x00000016   Code   RO          778    i.set_measure_system_state  dwin_port.o
    0x08055d4e   0x08055d4e   0x00000002   PAD
    0x08055d50   0x08055d50   0x0000002c   Code   RO         3879    i.shell_handle_history  shell.o
    0x08055d7c   0x08055d7c   0x000000b4   Code   RO         3880    i.shell_push_history  shell.o
    0x08055e30   0x08055e30   0x00000034   Code   RO         4112    i.show_wait_queue   cmd.o
    0x08055e64   0x08055e64   0x00000014   Code   RO         3364    i.stat              dfs_posix.o
    0x08055e78   0x08055e78   0x000000e8   Code   RO         3211    i.stm32_configure   drv_usart.o
    0x08055f60   0x08055f60   0x00000114   Code   RO         3212    i.stm32_control     drv_usart.o
    0x08056074   0x08056074   0x00000190   Code   RO         3213    i.stm32_dma_config  drv_usart.o
    0x08056204   0x08056204   0x00000070   Code   RO         3214    i.stm32_dma_transmit  drv_usart.o
    0x08056274   0x08056274   0x0000004c   Code   RO         3215    i.stm32_getc        drv_usart.o
    0x080562c0   0x080562c0   0x00000094   Code   RO         3099    i.stm32_pin_attach_irq  drv_gpio.o
    0x08056354   0x08056354   0x0000005c   Code   RO         3100    i.stm32_pin_dettach_irq  drv_gpio.o
    0x080563b0   0x080563b0   0x0000004e   Code   RO         3101    i.stm32_pin_get     drv_gpio.o
    0x080563fe   0x080563fe   0x00000002   PAD
    0x08056400   0x08056400   0x00000144   Code   RO         3102    i.stm32_pin_irq_enable  drv_gpio.o
    0x08056544   0x08056544   0x0000005c   Code   RO         3103    i.stm32_pin_mode    drv_gpio.o
    0x080565a0   0x080565a0   0x00000024   Code   RO         3104    i.stm32_pin_read    drv_gpio.o
    0x080565c4   0x080565c4   0x00000024   Code   RO         3105    i.stm32_pin_write   drv_gpio.o
    0x080565e8   0x080565e8   0x00000048   Code   RO         3216    i.stm32_putc        drv_usart.o
    0x08056630   0x08056630   0x0000001e   Code   RO         3217    i.stm32_uart_get_mask  drv_usart.o
    0x0805664e   0x0805664e   0x0000001a   Code   RO         3996    i.str_common        msh.o
    0x08056668   0x08056668   0x0000016c   Code   RO          579    i.temperature_measure_system  measure.o
    0x080567d4   0x080567d4   0x00000004   Code   RO           14    i.timer_callback1   main.o
    0x080567d8   0x080567d8   0x00000140   Code   RO         3218    i.uart_isr          drv_usart.o
    0x08056918   0x08056918   0x00000050   Code   RO          729    i.uartx_recive_handle  tool.o
    0x08056968   0x08056968   0x00000016   Code   RO         8624    i.unapply_scaling   rt_vsnprintf.o
    0x0805697e   0x0805697e   0x00000018   Code   RO         3367    i.unlink            dfs_posix.o
    0x08056996   0x08056996   0x00000090   Code   RO         8625    i.update_normalization  rt_vsnprintf.o
    0x08056a26   0x08056a26   0x00000002   PAD
    0x08056a28   0x08056a28   0x000000d0   Code   RO         1682    i.usage_fault_track  cpuport.o
    0x08056af8   0x08056af8   0x0000000a   Code   RO         4113    i.version           cmd.o
    0x08056b02   0x08056b02   0x00000040   Code   RO         3368    i.write             dfs_posix.o
    0x08056b42   0x08056b42   0x00000002   PAD
    0x08056b44   0x08056b44   0x0000002c   Code   RO         8927    locale$$code        c_w.l(lc_ctype_c.o)
    0x08056b70   0x08056b70   0x0000002c   Code   RO         8975    locale$$code        c_w.l(lc_numeric_c.o)
    0x08056b9c   0x08056b9c   0x00000062   Code   RO         8824    x$fpl$d2f           fz_ws.l(d2f.o)
    0x08056bfe   0x08056bfe   0x00000002   PAD
    0x08056c00   0x08056c00   0x00000150   Code   RO         8826    x$fpl$dadd          fz_ws.l(daddsub_clz.o)
    0x08056d50   0x08056d50   0x00000010   Code   RO         8929    x$fpl$dcheck1       fz_ws.l(dcheck1.o)
    0x08056d60   0x08056d60   0x00000018   Code   RO         8931    x$fpl$dcmpinf       fz_ws.l(dcmpi.o)
    0x08056d78   0x08056d78   0x000002b0   Code   RO         8833    x$fpl$ddiv          fz_ws.l(ddiv.o)
    0x08057028   0x08057028   0x00000078   Code   RO         8836    x$fpl$deqf          fz_ws.l(deqf.o)
    0x080570a0   0x080570a0   0x0000005e   Code   RO         8838    x$fpl$dfix          fz_ws.l(dfix.o)
    0x080570fe   0x080570fe   0x0000002e   Code   RO         8847    x$fpl$dflt          fz_ws.l(dflt_clz.o)
    0x0805712c   0x0805712c   0x000000a2   Code   RO         8852    x$fpl$dfltll        fz_ws.l(dfltll_clz.o)
    0x080571ce   0x080571ce   0x00000002   PAD
    0x080571d0   0x080571d0   0x00000078   Code   RO         8856    x$fpl$dleqf         fz_ws.l(dleqf.o)
    0x08057248   0x08057248   0x00000154   Code   RO         8858    x$fpl$dmul          fz_ws.l(dmul.o)
    0x0805739c   0x0805739c   0x0000009c   Code   RO         8933    x$fpl$dnaninf       fz_ws.l(dnaninf.o)
    0x08057438   0x08057438   0x0000000c   Code   RO         8935    x$fpl$dretinf       fz_ws.l(dretinf.o)
    0x08057444   0x08057444   0x0000006c   Code   RO         8860    x$fpl$drleqf        fz_ws.l(drleqf.o)
    0x080574b0   0x080574b0   0x00000016   Code   RO         8827    x$fpl$drsb          fz_ws.l(daddsub_clz.o)
    0x080574c6   0x080574c6   0x00000002   PAD
    0x080574c8   0x080574c8   0x000001d4   Code   RO         8828    x$fpl$dsub          fz_ws.l(daddsub_clz.o)
    0x0805769c   0x0805769c   0x00000056   Code   RO         8862    x$fpl$f2d           fz_ws.l(f2d.o)
    0x080576f2   0x080576f2   0x00000002   PAD
    0x080576f4   0x080576f4   0x000000c4   Code   RO         8864    x$fpl$fadd          fz_ws.l(faddsub_clz.o)
    0x080577b8   0x080577b8   0x0000000c   Code   RO         8937    x$fpl$fcheck1       fz_ws.l(fcheck1.o)
    0x080577c4   0x080577c4   0x00000018   Code   RO         8939    x$fpl$fcmpinf       fz_ws.l(fcmpi.o)
    0x080577dc   0x080577dc   0x00000184   Code   RO         8871    x$fpl$fdiv          fz_ws.l(fdiv.o)
    0x08057960   0x08057960   0x0000003e   Code   RO         8874    x$fpl$ffixu         fz_ws.l(ffixu.o)
    0x0805799e   0x0805799e   0x00000002   PAD
    0x080579a0   0x080579a0   0x00000030   Code   RO         8879    x$fpl$fflt          fz_ws.l(fflt_clz.o)
    0x080579d0   0x080579d0   0x00000026   Code   RO         8878    x$fpl$ffltu         fz_ws.l(fflt_clz.o)
    0x080579f6   0x080579f6   0x00000002   PAD
    0x080579f8   0x080579f8   0x00000068   Code   RO         8884    x$fpl$fleqf         fz_ws.l(fleqf.o)
    0x08057a60   0x08057a60   0x00000102   Code   RO         8886    x$fpl$fmul          fz_ws.l(fmul.o)
    0x08057b62   0x08057b62   0x0000008c   Code   RO         8941    x$fpl$fnaninf       fz_ws.l(fnaninf.o)
    0x08057bee   0x08057bee   0x0000000a   Code   RO         8943    x$fpl$fretinf       fz_ws.l(fretinf.o)
    0x08057bf8   0x08057bf8   0x00000062   Code   RO         8888    x$fpl$frleqf        fz_ws.l(frleqf.o)
    0x08057c5a   0x08057c5a   0x00000014   Code   RO         8865    x$fpl$frsb          fz_ws.l(faddsub_clz.o)
    0x08057c6e   0x08057c6e   0x00000002   PAD
    0x08057c70   0x08057c70   0x000000ea   Code   RO         8866    x$fpl$fsub          fz_ws.l(faddsub_clz.o)
    0x08057d5a   0x08057d5a   0x00000006   Code   RO         9091    x$fpl$ieeestatus    fz_ws.l(istatus.o)
    0x08057d60   0x08057d60   0x000000c2   Code   RO         8842    x$fpl$llsfromd      fz_ws.l(dfixll.o)
    0x08057e22   0x08057e22   0x00000064   Code   RO         9022    x$fpl$retnan        fz_ws.l(retnan.o)
    0x08057e86   0x08057e86   0x0000005c   Code   RO         8890    x$fpl$scalbn        fz_ws.l(scalbn.o)
    0x08057ee2   0x08057ee2   0x0000004c   Code   RO         8892    x$fpl$scalbnf       fz_ws.l(scalbnf.o)
    0x08057f2e   0x08057f2e   0x00000004   Code   RO         9024    x$fpl$scanf1        fz_ws.l(scanf1.o)
    0x08057f32   0x08057f32   0x00000008   Code   RO         9093    x$fpl$scanf2        fz_ws.l(scanf2.o)
    0x08057f3a   0x08057f3a   0x00000030   Code   RO         9048    x$fpl$trapveneer    fz_ws.l(trapv.o)
    0x08057f6a   0x08057f6a   0x00000000   Code   RO         8945    x$fpl$usenofp       fz_ws.l(usenofp.o)
    0x08057f6a   0x08057f6a   0x00000002   PAD
    0x08057f6c   0x08057f6c   0x00000008   Data   RO           15    .constdata          main.o
    0x08057f74   0x08057f74   0x00000010   Data   RO          334    .constdata          small_modbus.o
    0x08057f84   0x08057f84   0x00000090   Data   RO          494    .constdata          small_modbus_port.o
    0x08058014   0x08058014   0x00000086   Data   RO          779    .constdata          dwin_port.o
    0x0805809a   0x0805809a   0x00000002   PAD
    0x0805809c   0x0805809c   0x00000018   Data   RO          870    .constdata          io_signal.o
    0x080580b4   0x080580b4   0x00000009   Data   RO          971    .constdata          cmb_port.o
    0x080580bd   0x080580bd   0x00000003   PAD
    0x080580c0   0x080580c0   0x000000fc   Data   RO         1041    .constdata          cm_backtrace.o
    0x080581bc   0x080581bc   0x00000039   Data   RO         1743    .constdata          completion.o
    0x080581f5   0x080581f5   0x00000086   Data   RO         1815    .constdata          dataqueue.o
    0x0805827b   0x0805827b   0x00000088   Data   RO         2267    .constdata          pin.o
    0x08058303   0x08058303   0x0000012a   Data   RO         2714    .constdata          serial.o
    0x0805842d   0x0805842d   0x00000003   PAD
    0x08058430   0x08058430   0x0000005c   Data   RO         3106    .constdata          drv_gpio.o
    0x0805848c   0x0805848c   0x0000010a   Data   RO         3220    .constdata          drv_usart.o
    0x08058596   0x08058596   0x00000002   PAD
    0x08058598   0x08058598   0x00000040   Data   RO         3599    .constdata          dfs_fs.o
    0x080585d8   0x080585d8   0x00000023   Data   RO         3670    .constdata          dfs.o
    0x080585fb   0x080585fb   0x00000087   Data   RO         3882    .constdata          shell.o
    0x08058682   0x08058682   0x0000000e   Data   RO         3997    .constdata          msh.o
    0x08058690   0x08058690   0x00000078   Data   RO         4114    .constdata          cmd.o
    0x08058708   0x08058708   0x00000014   Data   RO         4404    .constdata          components.o
    0x0805871c   0x0805871c   0x000000ba   Data   RO         4476    .constdata          device.o
    0x080587d6   0x080587d6   0x0000021b   Data   RO         4646    .constdata          ipc.o
    0x080589f1   0x080589f1   0x00000043   Data   RO         4953    .constdata          kservice.o
    0x08058a34   0x08058a34   0x00000045   Data   RO         5154    .constdata          mem.o
    0x08058a79   0x08058a79   0x00000080   Data   RO         5268    .constdata          object.o
    0x08058af9   0x08058af9   0x0000004b   Data   RO         5374    .constdata          scheduler.o
    0x08058b44   0x08058b44   0x000000bb   Data   RO         5468    .constdata          thread.o
    0x08058bff   0x08058bff   0x0000006c   Data   RO         5608    .constdata          timer.o
    0x08058c6b   0x08058c6b   0x00000010   Data   RO         6010    .constdata          system_stm32f1xx.o
    0x08058c7b   0x08058c7b   0x00000008   Data   RO         6011    .constdata          system_stm32f1xx.o
    0x08058c83   0x08058c83   0x00000005   PAD
    0x08058c88   0x08058c88   0x00000090   Data   RO         8626    .constdata          rt_vsnprintf.o
    0x08058d18   0x08058d18   0x00000028   Data   RO         8747    .constdata          c_w.l(_printf_hex_int.o)
    0x08058d40   0x08058d40   0x00000011   Data   RO         8782    .constdata          c_w.l(__printf_flags_ss_wp.o)
    0x08058d51   0x08058d51   0x00000003   PAD
    0x08058d54   0x08058d54   0x00000094   Data   RO         9055    .constdata          c_w.l(bigflt0.o)
    0x08058de8   0x08058de8   0x00000124   Data   RO          581    .conststring        measure.o
    0x08058f0c   0x08058f0c   0x00000042   Data   RO          780    .conststring        dwin_port.o
    0x08058f4e   0x08058f4e   0x00000002   PAD
    0x08058f50   0x08058f50   0x00000154   Data   RO          871    .conststring        io_signal.o
    0x080590a4   0x080590a4   0x00000879   Data   RO         1042    .conststring        cm_backtrace.o
    0x0805991d   0x0805991d   0x00000003   PAD
    0x08059920   0x08059920   0x0000011c   Data   RO         2268    .conststring        pin.o
    0x08059a3c   0x08059a3c   0x0000008d   Data   RO         2465    .conststring        pm.o
    0x08059ac9   0x08059ac9   0x00000003   PAD
    0x08059acc   0x08059acc   0x00000063   Data   RO         2715    .conststring        serial.o
    0x08059b2f   0x08059b2f   0x00000001   PAD
    0x08059b30   0x08059b30   0x00000006   Data   RO         3221    .conststring        drv_usart.o
    0x08059b36   0x08059b36   0x00000002   PAD
    0x08059b38   0x08059b38   0x0000000b   Data   RO         3600    .conststring        dfs_fs.o
    0x08059b43   0x08059b43   0x00000001   PAD
    0x08059b44   0x08059b44   0x000001e5   Data   RO         4115    .conststring        cmd.o
    0x08059d29   0x08059d29   0x00000003   PAD
    0x08059d2c   0x08059d2c   0x0000008b   Data   RO         4647    .conststring        ipc.o
    0x08059db7   0x08059db7   0x00000001   PAD
    0x08059db8   0x08059db8   0x00000058   Data   RO         4954    .conststring        kservice.o
    0x08059e10   0x08059e10   0x000001a8   Data   RO         5155    .conststring        mem.o
    0x08059fb8   0x08059fb8   0x00000042   Data   RO         5469    .conststring        thread.o
    0x08059ffa   0x08059ffa   0x0000000b   Data   RO          583    .rodata.name        measure.o
    0x0805a005   0x0805a005   0x00000016   Data   RO          584    .rodata.name        measure.o
    0x0805a01b   0x0805a01b   0x00000010   Data   RO          585    .rodata.name        measure.o
    0x0805a02b   0x0805a02b   0x00000015   Data   RO          586    .rodata.name        measure.o
    0x0805a040   0x0805a040   0x00000007   Data   RO          873    .rodata.name        io_signal.o
    0x0805a047   0x0805a047   0x0000001e   Data   RO          874    .rodata.name        io_signal.o
    0x0805a065   0x0805a065   0x00000007   Data   RO          875    .rodata.name        io_signal.o
    0x0805a06c   0x0805a06c   0x0000001e   Data   RO          876    .rodata.name        io_signal.o
    0x0805a08a   0x0805a08a   0x00000007   Data   RO          877    .rodata.name        io_signal.o
    0x0805a091   0x0805a091   0x00000029   Data   RO          878    .rodata.name        io_signal.o
    0x0805a0ba   0x0805a0ba   0x00000008   Data   RO          879    .rodata.name        io_signal.o
    0x0805a0c2   0x0805a0c2   0x0000001b   Data   RO          880    .rodata.name        io_signal.o
    0x0805a0dd   0x0805a0dd   0x00000008   Data   RO          881    .rodata.name        io_signal.o
    0x0805a0e5   0x0805a0e5   0x00000038   Data   RO          882    .rodata.name        io_signal.o
    0x0805a11d   0x0805a11d   0x00000007   Data   RO          883    .rodata.name        io_signal.o
    0x0805a124   0x0805a124   0x00000034   Data   RO          884    .rodata.name        io_signal.o
    0x0805a158   0x0805a158   0x00000008   Data   RO          885    .rodata.name        io_signal.o
    0x0805a160   0x0805a160   0x0000001a   Data   RO          886    .rodata.name        io_signal.o
    0x0805a17a   0x0805a17a   0x00000009   Data   RO          973    .rodata.name        cmb_port.o
    0x0805a183   0x0805a183   0x00000039   Data   RO          974    .rodata.name        cmb_port.o
    0x0805a1bc   0x0805a1bc   0x00000004   Data   RO         2269    .rodata.name        pin.o
    0x0805a1c0   0x0805a1c0   0x0000000d   Data   RO         2270    .rodata.name        pin.o
    0x0805a1cd   0x0805a1cd   0x0000000d   Data   RO         2369    .rodata.name        lptimer.o
    0x0805a1da   0x0805a1da   0x00000012   Data   RO         2370    .rodata.name        lptimer.o
    0x0805a1ec   0x0805a1ec   0x0000000b   Data   RO         2467    .rodata.name        pm.o
    0x0805a1f7   0x0805a1f7   0x0000001e   Data   RO         2468    .rodata.name        pm.o
    0x0805a215   0x0805a215   0x0000000f   Data   RO         2469    .rodata.name        pm.o
    0x0805a224   0x0805a224   0x00000024   Data   RO         2470    .rodata.name        pm.o
    0x0805a248   0x0805a248   0x0000000b   Data   RO         2471    .rodata.name        pm.o
    0x0805a253   0x0805a253   0x0000001e   Data   RO         2472    .rodata.name        pm.o
    0x0805a271   0x0805a271   0x00000012   Data   RO         2473    .rodata.name        pm.o
    0x0805a283   0x0805a283   0x0000001a   Data   RO         2474    .rodata.name        pm.o
    0x0805a29d   0x0805a29d   0x00000016   Data   RO         2475    .rodata.name        pm.o
    0x0805a2b3   0x0805a2b3   0x00000024   Data   RO         2476    .rodata.name        pm.o
    0x0805a2d7   0x0805a2d7   0x00000012   Data   RO         2477    .rodata.name        pm.o
    0x0805a2e9   0x0805a2e9   0x0000001e   Data   RO         2478    .rodata.name        pm.o
    0x0805a307   0x0805a307   0x00000010   Data   RO         2479    .rodata.name        pm.o
    0x0805a317   0x0805a317   0x0000001b   Data   RO         2480    .rodata.name        pm.o
    0x0805a332   0x0805a332   0x00000007   Data   RO         2481    .rodata.name        pm.o
    0x0805a339   0x0805a339   0x00000021   Data   RO         2482    .rodata.name        pm.o
    0x0805a35a   0x0805a35a   0x00000008   Data   RO         2483    .rodata.name        pm.o
    0x0805a362   0x0805a362   0x0000001d   Data   RO         2484    .rodata.name        pm.o
    0x0805a37f   0x0805a37f   0x00000007   Data   RO         2997    .rodata.name        drv_common.o
    0x0805a386   0x0805a386   0x0000000e   Data   RO         2998    .rodata.name        drv_common.o
    0x0805a394   0x0805a394   0x00000008   Data   RO         3672    .rodata.name        dfs.o
    0x0805a39c   0x0805a39c   0x00000015   Data   RO         3673    .rodata.name        dfs.o
    0x0805a3b1   0x0805a3b1   0x00000005   Data   RO         3998    .rodata.name        msh.o
    0x0805a3b6   0x0805a3b6   0x00000016   Data   RO         3999    .rodata.name        msh.o
    0x0805a3cc   0x0805a3cc   0x00000003   Data   RO         4000    .rodata.name        msh.o
    0x0805a3cf   0x0805a3cf   0x0000001c   Data   RO         4001    .rodata.name        msh.o
    0x0805a3eb   0x0805a3eb   0x00000005   Data   RO         4002    .rodata.name        msh.o
    0x0805a3f0   0x0805a3f0   0x00000025   Data   RO         4003    .rodata.name        msh.o
    0x0805a415   0x0805a415   0x00000006   Data   RO         4116    .rodata.name        cmd.o
    0x0805a41b   0x0805a41b   0x0000001a   Data   RO         4117    .rodata.name        cmd.o
    0x0805a435   0x0805a435   0x00000008   Data   RO         4118    .rodata.name        cmd.o
    0x0805a43d   0x0805a43d   0x00000023   Data   RO         4119    .rodata.name        cmd.o
    0x0805a460   0x0805a460   0x0000000c   Data   RO         4120    .rodata.name        cmd.o
    0x0805a46c   0x0805a46c   0x0000000c   Data   RO         4121    .rodata.name        cmd.o
    0x0805a478   0x0805a478   0x00000009   Data   RO         4122    .rodata.name        cmd.o
    0x0805a481   0x0805a481   0x00000019   Data   RO         4123    .rodata.name        cmd.o
    0x0805a49a   0x0805a49a   0x0000000b   Data   RO         4124    .rodata.name        cmd.o
    0x0805a4a5   0x0805a4a5   0x00000015   Data   RO         4125    .rodata.name        cmd.o
    0x0805a4ba   0x0805a4ba   0x0000000b   Data   RO         4126    .rodata.name        cmd.o
    0x0805a4c5   0x0805a4c5   0x00000015   Data   RO         4127    .rodata.name        cmd.o
    0x0805a4da   0x0805a4da   0x0000000d   Data   RO         4128    .rodata.name        cmd.o
    0x0805a4e7   0x0805a4e7   0x00000018   Data   RO         4129    .rodata.name        cmd.o
    0x0805a4ff   0x0805a4ff   0x0000000e   Data   RO         4130    .rodata.name        cmd.o
    0x0805a50d   0x0805a50d   0x0000001d   Data   RO         4131    .rodata.name        cmd.o
    0x0805a52a   0x0805a52a   0x0000000d   Data   RO         4132    .rodata.name        cmd.o
    0x0805a537   0x0805a537   0x0000001b   Data   RO         4133    .rodata.name        cmd.o
    0x0805a552   0x0805a552   0x0000000b   Data   RO         4134    .rodata.name        cmd.o
    0x0805a55d   0x0805a55d   0x00000015   Data   RO         4135    .rodata.name        cmd.o
    0x0805a572   0x0805a572   0x0000000c   Data   RO         4136    .rodata.name        cmd.o
    0x0805a57e   0x0805a57e   0x00000016   Data   RO         4137    .rodata.name        cmd.o
    0x0805a594   0x0805a594   0x00000005   Data   RO         4138    .rodata.name        cmd.o
    0x0805a599   0x0805a599   0x0000000d   Data   RO         4139    .rodata.name        cmd.o
    0x0805a5a6   0x0805a5a6   0x00000003   Data   RO         4247    .rodata.name        msh_file.o
    0x0805a5a9   0x0805a5a9   0x00000022   Data   RO         4248    .rodata.name        msh_file.o
    0x0805a5cb   0x0805a5cb   0x00000003   Data   RO         4249    .rodata.name        msh_file.o
    0x0805a5ce   0x0805a5ce   0x00000015   Data   RO         4250    .rodata.name        msh_file.o
    0x0805a5e3   0x0805a5e3   0x00000003   Data   RO         4251    .rodata.name        msh_file.o
    0x0805a5e6   0x0805a5e6   0x00000017   Data   RO         4252    .rodata.name        msh_file.o
    0x0805a5fd   0x0805a5fd   0x00000004   Data   RO         4253    .rodata.name        msh_file.o
    0x0805a601   0x0805a601   0x00000014   Data   RO         4254    .rodata.name        msh_file.o
    0x0805a615   0x0805a615   0x00000003   Data   RO         4255    .rodata.name        msh_file.o
    0x0805a618   0x0805a618   0x0000001c   Data   RO         4256    .rodata.name        msh_file.o
    0x0805a634   0x0805a634   0x00000003   Data   RO         4257    .rodata.name        msh_file.o
    0x0805a637   0x0805a637   0x00000024   Data   RO         4258    .rodata.name        msh_file.o
    0x0805a65b   0x0805a65b   0x00000004   Data   RO         4259    .rodata.name        msh_file.o
    0x0805a65f   0x0805a65f   0x00000031   Data   RO         4260    .rodata.name        msh_file.o
    0x0805a690   0x0805a690   0x00000006   Data   RO         4261    .rodata.name        msh_file.o
    0x0805a696   0x0805a696   0x00000016   Data   RO         4262    .rodata.name        msh_file.o
    0x0805a6ac   0x0805a6ac   0x00000005   Data   RO         4263    .rodata.name        msh_file.o
    0x0805a6b1   0x0805a6b1   0x0000001d   Data   RO         4264    .rodata.name        msh_file.o
    0x0805a6ce   0x0805a6ce   0x00000006   Data   RO         4265    .rodata.name        msh_file.o
    0x0805a6d4   0x0805a6d4   0x00000025   Data   RO         4266    .rodata.name        msh_file.o
    0x0805a6f9   0x0805a6f9   0x00000007   Data   RO         4267    .rodata.name        msh_file.o
    0x0805a700   0x0805a700   0x00000020   Data   RO         4268    .rodata.name        msh_file.o
    0x0805a720   0x0805a720   0x00000003   Data   RO         4269    .rodata.name        msh_file.o
    0x0805a723   0x0805a723   0x0000000a   Data   RO         4270    .rodata.name        msh_file.o
    0x0805a72d   0x0805a72d   0x00000005   Data   RO         4271    .rodata.name        msh_file.o
    0x0805a732   0x0805a732   0x00000014   Data   RO         4272    .rodata.name        msh_file.o
    0x0805a746   0x0805a746   0x00000005   Data   RO         4273    .rodata.name        msh_file.o
    0x0805a74b   0x0805a74b   0x00000030   Data   RO         4274    .rodata.name        msh_file.o
    0x0805a77b   0x0805a77b   0x00000001   PAD
    0x0805a77c   0x0805a77c   0x00000004   Data   RO         4405    .rti_fn.0           components.o
    0x0805a780   0x0805a780   0x00000004   Data   RO         4406    .rti_fn.0.end       components.o
    0x0805a784   0x0805a784   0x00000004   Data   RO         4407    .rti_fn.1.end       components.o
    0x0805a788   0x0805a788   0x00000004   Data   RO         3674    .rti_fn.2           dfs.o
    0x0805a78c   0x0805a78c   0x00000004   Data   RO          496    .rti_fn.3           small_modbus_port.o
    0x0805a790   0x0805a790   0x00000004   Data   RO          783    .rti_fn.3           dwin_port.o
    0x0805a794   0x0805a794   0x00000004   Data   RO          975    .rti_fn.3           cmb_port.o
    0x0805a798   0x0805a798   0x00000004   Data   RO         2803    .rti_fn.3           src_main.o
    0x0805a79c   0x0805a79c   0x00000004   Data   RO          587    .rti_fn.5           measure.o
    0x0805a7a0   0x0805a7a0   0x00000004   Data   RO         3884    .rti_fn.6           shell.o
    0x0805a7a4   0x0805a7a4   0x00000004   Data   RO         4408    .rti_fn.6.end       components.o
    0x0805a7a8   0x0805a7a8   0x00000018   Data   RO          588    FSymTab             measure.o
    0x0805a7c0   0x0805a7c0   0x00000054   Data   RO          887    FSymTab             io_signal.o
    0x0805a814   0x0805a814   0x0000000c   Data   RO          976    FSymTab             cmb_port.o
    0x0805a820   0x0805a820   0x0000000c   Data   RO         2271    FSymTab             pin.o
    0x0805a82c   0x0805a82c   0x0000000c   Data   RO         2371    FSymTab             lptimer.o
    0x0805a838   0x0805a838   0x0000006c   Data   RO         2485    FSymTab             pm.o
    0x0805a8a4   0x0805a8a4   0x0000000c   Data   RO         2999    FSymTab             drv_common.o
    0x0805a8b0   0x0805a8b0   0x0000000c   Data   RO         3675    FSymTab             dfs.o
    0x0805a8bc   0x0805a8bc   0x00000024   Data   RO         4004    FSymTab             msh.o
    0x0805a8e0   0x0805a8e0   0x00000090   Data   RO         4140    FSymTab             cmd.o
    0x0805a970   0x0805a970   0x000000a8   Data   RO         4275    FSymTab             msh_file.o
    0x0805aa18   0x0805aa18   0x00000020   Data   RO         9196    Region$$Table       anon$$obj.o
    0x0805aa38   0x0805aa38   0x00000008   Data   RO         9087    c$$dinf             fz_ws.l(fpconst.o)
    0x0805aa40   0x0805aa40   0x00000008   Data   RO         9090    c$$dmax             fz_ws.l(fpconst.o)
    0x0805aa48   0x0805aa48   0x00000110   Data   RO         8926    locale$$data        c_w.l(lc_ctype_c.o)
    0x0805ab58   0x0805ab58   0x0000001c   Data   RO         8974    locale$$data        c_w.l(lc_numeric_c.o)


    Execution Region RW_IRAM1 (Exec base: 0x20000000, Load base: 0x0805ab74, Size: 0x000027f0, Max: 0x0000c000, ABSOLUTE, COMPRESSED[0x00000224])

    Exec Addr    Load Addr    Size         Type   Attr      Idx    E Section Name        Object

    0x20000000   COMPRESSED   0x00000120   Data   RW           16    .data               main.o
    0x20000120   COMPRESSED   0x0000001c   Data   RW           17    .data               main.o
    0x2000013c   COMPRESSED   0x00000008   Data   RW          495    .data               small_modbus_port.o
    0x20000144   COMPRESSED   0x000000d0   Data   RW          582    .data               measure.o
    0x20000214   COMPRESSED   0x00000160   Data   RW          781    .data               dwin_port.o
    0x20000374   COMPRESSED   0x00000004   Data   RW          782    .data               dwin_port.o
    0x20000378   COMPRESSED   0x00000018   Data   RW          872    .data               io_signal.o
    0x20000390   COMPRESSED   0x00000004   Data   RW          972    .data               cmb_port.o
    0x20000394   COMPRESSED   0x00000014   Data   RW         1043    .data               cm_backtrace.o
    0x200003a8   COMPRESSED   0x00000004   Data   RW         1684    .data               cpuport.o
    0x200003ac   COMPRESSED   0x00000004   Data   RW         1685    .data               cpuport.o
    0x200003b0   COMPRESSED   0x00000004   Data   RW         1686    .data               cpuport.o
    0x200003b4   COMPRESSED   0x00000004   Data   RW         1687    .data               cpuport.o
    0x200003b8   COMPRESSED   0x00000008   Data   RW         2368    .data               lptimer.o
    0x200003c0   COMPRESSED   0x00000034   Data   RW         2466    .data               pm.o
    0x200003f4   COMPRESSED   0x00000004   Data   RW         2716    .data               serial.o
    0x200003f8   COMPRESSED   0x00000004   Data   RW         2996    .data               drv_common.o
    0x200003fc   COMPRESSED   0x000000c4   Data   RW         3107    .data               drv_gpio.o
    0x200004c0   COMPRESSED   0x00000014   Data   RW         3222    .data               drv_usart.o
    0x200004d4   COMPRESSED   0x0000010c   Data   RW         3671    .data               dfs.o
    0x200005e0   COMPRESSED   0x00000010   Data   RW         3883    .data               shell.o
    0x200005f0   COMPRESSED   0x00000008   Data   RW         4356    .data               clock.o
    0x200005f8   COMPRESSED   0x00000008   Data   RW         4556    .data               idle.o
    0x20000600   COMPRESSED   0x0000000c   Data   RW         4881    .data               irq.o
    0x2000060c   COMPRESSED   0x00000048   Data   RW         4955    .data               kservice.o
    0x20000654   COMPRESSED   0x000000b4   Data   RW         5269    .data               object.o
    0x20000708   COMPRESSED   0x00000014   Data   RW         5375    .data               scheduler.o
    0x2000071c   COMPRESSED   0x0000000c   Data   RW         5470    .data               thread.o
    0x20000728   COMPRESSED   0x00000020   Data   RW         5609    .data               timer.o
    0x20000748   COMPRESSED   0x00000004   Data   RW         6012    .data               system_stm32f1xx.o
    0x2000074c   COMPRESSED   0x0000000c   Data   RW         6089    .data               stm32f1xx_hal.o
    0x20000758        -       0x00000500   Zero   RW          493    .bss                small_modbus_port.o
    0x20000c58        -       0x00000294   Zero   RW          580    .bss                measure.o
    0x20000eec        -       0x00000310   Zero   RW          869    .bss                io_signal.o
    0x200011fc        -       0x00000134   Zero   RW         1040    .bss                cm_backtrace.o
    0x20001330        -       0x0000004c   Zero   RW         2266    .bss                pin.o
    0x2000137c        -       0x00000184   Zero   RW         2463    .bss                pm.o
    0x20001500        -       0x00000158   Zero   RW         2795    .bss                src_main.o
    0x20001658        -       0x00000044   Zero   RW         2796    .bss                src_main.o
    0x2000169c        -       0x00000044   Zero   RW         2797    .bss                src_main.o
    0x200016e0        -       0x00000044   Zero   RW         2798    .bss                src_main.o
    0x20001724        -       0x00000044   Zero   RW         2799    .bss                src_main.o
    0x20001768        -       0x00000044   Zero   RW         2800    .bss                src_main.o
    0x200017ac        -       0x00000044   Zero   RW         2801    .bss                src_main.o
    0x200017f0        -       0x00000044   Zero   RW         2802    .bss                src_main.o
    0x20001834        -       0x00000134   Zero   RW         3219    .bss                drv_usart.o
    0x20001968        -       0x0000007c   Zero   RW         3669    .bss                dfs.o
    0x200019e4        -       0x00000128   Zero   RW         3764    .bss                dfs_file.o
    0x20001b0c        -       0x00000101   Zero   RW         3881    .bss                shell.o
    0x20001c0d   COMPRESSED   0x00000003   PAD
    0x20001c10        -       0x000002a0   Zero   RW         4555    .bss                idle.o
    0x20001eb0        -       0x0000012c   Zero   RW         4952    .bss                kservice.o
    0x20001fdc        -       0x00000100   Zero   RW         5373    .bss                scheduler.o
    0x200020dc        -       0x00000290   Zero   RW         5607    .bss                timer.o
    0x2000236c   COMPRESSED   0x00000004   PAD
    0x20002370        -       0x00000020   Zero   RW         8436    .bss                stm32f1xx_hal_flash.o
    0x20002390        -       0x00000060   Zero   RW         8947    .bss                c_w.l(libspace.o)
    0x200023f0        -       0x00000000   Zero   RW         2975    HEAP                startup_stm32f103xe.o
    0x200023f0        -       0x00000400   Zero   RW         2974    STACK               startup_stm32f103xe.o


==============================================================================

Image component sizes


      Code (inc. data)   RO Data    RW Data    ZI Data      Debug   Object Name

         0          0          0          0          0        516   board.o
       166         16          0          8          0       2718   clock.o
      2232        490       2421         20        308      10720   cm_backtrace.o
       712        270         91          4          0       8971   cmb_port.o
      3842       1646       1150          0          0      19390   cmd.o
       652        280         57          0          0      13647   completion.o
       218         48         36          0          0       5372   components.o
       252         28          0          0          0        752   context_rvds.o
      1384        732          0         16          0       6694   cpuport.o
         0          0          0          0          0        932   cstdio.o
        88         38          0          0          0        645   cstdlib.o
      2142        736        134          0          0       8296   dataqueue.o
      1042        480        186          0          0       8112   device.o
      1478        384         80        268        124       9295   dfs.o
      2178        486          0          0        296      12903   dfs_file.o
      1246        330         75          0          0       7258   dfs_fs.o
      1022         20          0          0          0      29691   dfs_posix.o
       312         56         33          4          0      32083   drv_common.o
      1220         64         92        196          0      11489   drv_gpio.o
      2026        454        272         20        308      37279   drv_usart.o
       610         98          0          0          0       6592   dwin.o
      1816        470        204        356          0      11595   dwin_port.o
       188         10          0          0          0       2464   flash.o
       224         30          0          8        672       5770   idle.o
      2508       1122        762         24        784      12162   io_signal.o
      2376        836        678          0          0      31763   ipc.o
        96         14          0         12          0       2290   irq.o
      1210        358        155         72        300      18045   kservice.o
       348        190         43          8          0       2346   lptimer.o
      1174        190          8        316          0     540679   main.o
      2978        720        390        208        660      19161   measure.o
      1912        830        493          0          0       6457   mem.o
      1272        224        150          0          0      12785   msh.o
      2984       1284        637          0          0      15263   msh_file.o
        46          0          0          0          0        600   msh_parse.o
       968        330        128        180          0       8154   object.o
      1548        628        449          0         76      12674   pin.o
      2068        418        652         52        388      20799   pm.o
      4294        160        144          0          0      23644   rt_vsnprintf.o
       884        222         75         20        256       9964   scheduler.o
      3216        728        397          4          0      15563   serial.o
      2052        390        139         16        257      13292   shell.o
      2424        618         16          0          0      13403   small_modbus.o
       428        170        148          8       1280       9098   small_modbus_port.o
      1342         72          4          0        820       6305   src_main.o
        60         22        304          0       1024        900   startup_stm32f103xe.o
       248         44          0          0          0       4233   stm32_irq.o
        36          4          0         12          0       4418   stm32f1xx_hal.o
      1138         60          0          0          0       8770   stm32f1xx_hal_adc.o
       232         14          0          0          0      29685   stm32f1xx_hal_cortex.o
       228          0          0          0          0       3494   stm32f1xx_hal_dac.o
      1364         64          0          0          0       5979   stm32f1xx_hal_dma.o
       392         46          0          0         32       4870   stm32f1xx_hal_flash.o
       240         26          0          0          0       3397   stm32f1xx_hal_flash_ex.o
       852         80          0          0          0       5873   stm32f1xx_hal_gpio.o
      1300        166          0          0          0       5631   stm32f1xx_hal_msp.o
      1272        100          0          0          0       5356   stm32f1xx_hal_rcc.o
       236         12          0          0          0       1524   stm32f1xx_hal_rcc_ex.o
      1228         56          0          0          0      11164   stm32f1xx_hal_tim.o
       124         20          0          0          0       1464   stm32f1xx_hal_tim_ex.o
      1742         38          0          0          0      13898   stm32f1xx_hal_uart.o
         6          0          0          0          0       3584   syscalls.o
         2          0         24          4          0       1463   system_stm32f1xx.o
      1940        614        253         12          0      14783   thread.o
      1888        608        108         32        656      12832   timer.o
       282          6          0          0          0       3127   tool.o
         0          0          0          0          0       2524   workqueue.o

    ----------------------------------------------------------------------
     76094      18650      11052       1880       8248    1196600   Object Totals
         0          0         32          0          0          0   (incl. Generated)
       106          0         32          0          7          0   (incl. Padding)

    ----------------------------------------------------------------------

      Code (inc. data)   RO Data    RW Data    ZI Data      Debug   Library Member Name

        90          0          0          0          0          0   __dczerorl2.o
         8          0          0          0          0         68   __main.o
       392          4         17          0          0         92   __printf_flags_ss_wp.o
        14          0          0          0          0         68   __printf_wp.o
         0          0          0          0          0          0   __rtentry.o
        12          0          0          0          0          0   __rtentry2.o
         6          0          0          0          0          0   __rtentry4.o
        52          8          0          0          0          0   __scatter.o
        28          0          0          0          0          0   __scatter_zi.o
        28          0          0          0          0         68   _chval.o
        48          6          0          0          0         96   _printf_char_common.o
        88          4         40          0          0         88   _printf_hex_int.o
       178          0          0          0          0         88   _printf_intcommon.o
        78          0          0          0          0        108   _printf_pad.o
         0          0          0          0          0          0   _printf_percent.o
         4          0          0          0          0          0   _printf_percent_end.o
         6          0          0          0          0          0   _printf_x.o
        22          0          0          0          0        100   _rserrno.o
        64          0          0          0          0         84   _sgetc.o
        10          0          0          0          0         68   _sputc.o
       158          0          0          0          0         92   _strtoul.o
        26          0          0          0          0         80   atoi.o
       228          4        148          0          0         96   bigflt0.o
      1924        136          0          0          0        756   btod.o
        18          0          0          0          0         80   exit.o
         6          0          0          0          0        152   heapauxi.o
        18          0          0          0          0         76   isspace.o
        44         10        272          0          0         76   lc_ctype_c.o
        44         10         28          0          0         76   lc_numeric_c.o
         2          0          0          0          0          0   libinit.o
        30          0          0          0          0          0   libinit2.o
         2          0          0          0          0          0   libshutdown.o
         2          0          0          0          0          0   libshutdown2.o
         8          4          0          0         96         68   libspace.o
        72          0          0          0          0         76   llsdiv.o
        38          0          0          0          0         68   llshl.o
       238          0          0          0          0        100   lludivv7m.o
        38          0          0          0          0         68   llushr.o
        88          0          0          0          0         76   memcmp.o
         8          0          0          0          0         76   memcpy.o
        40          6          0          0          0         84   noretval__2sprintf.o
        16          4          0          0          0         76   rt_ctype_table.o
         8          4          0          0          0         68   rt_errno_addr_intlibspace.o
         8          4          0          0          0         68   rt_locale_intlibspace.o
        68          0          0          0          0         68   rt_memclr.o
        78          0          0          0          0         80   rt_memclr_w.o
       138          0          0          0          0         68   rt_memcpy_v6.o
       100          0          0          0          0         80   rt_memcpy_w.o
         2          0          0          0          0          0   rtexit.o
        10          0          0          0          0          0   rtexit2.o
      1272         16          0          0          0        168   scanf_fp.o
       800         14          0          0          0        100   scanf_hexfp.o
       308         16          0          0          0        100   scanf_infnan.o
        24          0          0          0          0         68   strcat.o
       128          0          0          0          0         68   strcmpv7m.o
        72          0          0          0          0         80   strcpy.o
        62          0          0          0          0         76   strlen.o
        36          0          0          0          0         76   strncat.o
       150          0          0          0          0         80   strncmp.o
        86          0          0          0          0         76   strncpy.o
        22          0          0          0          0         68   strrchr.o
        36          0          0          0          0         80   strstr.o
       164         14          0          0          0        120   strtod.o
       112          0          0          0          0         88   strtol.o
        74          0          0          0          0         80   sys_stackheap_outer.o
        30          0          0          0          0         76   toupper.o
         2          0          0          0          0         68   use_no_semi.o
        98          4          0          0          0         92   d2f.o
       826         16          0          0          0        348   daddsub_clz.o
        16          4          0          0          0         68   dcheck1.o
        24          0          0          0          0         68   dcmpi.o
       688        140          0          0          0        208   ddiv.o
       120          4          0          0          0         92   deqf.o
        94          4          0          0          0         92   dfix.o
       194          4          0          0          0        116   dfixll.o
        46          0          0          0          0         68   dflt_clz.o
       162          0          0          0          0         84   dfltll_clz.o
       120          4          0          0          0         92   dleqf.o
       340         12          0          0          0        104   dmul.o
       156          4          0          0          0         92   dnaninf.o
        12          0          0          0          0         68   dretinf.o
       108          0          0          0          0         80   drleqf.o
        86          4          0          0          0         84   f2d.o
       450          8          0          0          0        236   faddsub_clz.o
        12          4          0          0          0         68   fcheck1.o
        24          0          0          0          0         68   fcmpi.o
       388         76          0          0          0         96   fdiv.o
        62          4          0          0          0         84   ffixu.o
        86          0          0          0          0        136   fflt_clz.o
       104          4          0          0          0         84   fleqf.o
       258          4          0          0          0         84   fmul.o
       140          4          0          0          0         84   fnaninf.o
         0          0         16          0          0          0   fpconst.o
        10          0          0          0          0         68   fretinf.o
        98          0          0          0          0         68   frleqf.o
         6          0          0          0          0         68   istatus.o
       100          0          0          0          0         68   retnan.o
        92          0          0          0          0         68   scalbn.o
        76          0          0          0          0         68   scalbnf.o
         4          0          0          0          0         68   scanf1.o
         8          0          0          0          0         84   scanf2.o
        48          0          0          0          0         68   trapv.o
         0          0          0          0          0          0   usenofp.o
        42          0          0          0          0         84   atof.o
        30          6          0          0          0        136   dunder.o
        88          8          0          0          0         76   frexp.o
       138          0          0          0          0        160   ldexp.o
       204          4          0          0          0        168   narrow.o

    ----------------------------------------------------------------------
     13566        588        524          0         96       8956   Library Totals
        42          2          3          0          0          0   (incl. Padding)

    ----------------------------------------------------------------------

      Code (inc. data)   RO Data    RW Data    ZI Data      Debug   Library Name

      7966        264        505          0         96       5008   c_w.l
      5056        304         16          0          0       3324   fz_ws.l
       502         18          0          0          0        624   m_ws.l

    ----------------------------------------------------------------------
     13566        588        524          0         96       8956   Library Totals

    ----------------------------------------------------------------------

==============================================================================


      Code (inc. data)   RO Data    RW Data    ZI Data      Debug   

     89660      19238      11576       1880       8344    1170972   Grand Totals
     89660      19238      11576        548       8344    1170972   ELF Image Totals (compressed)
     89660      19238      11576        548          0          0   ROM Totals

==============================================================================

    Total RO  Size (Code + RO Data)               101236 (  98.86kB)
    Total RW  Size (RW Data + ZI Data)             10224 (   9.98kB)
    Total ROM Size (Code + RO Data + RW Data)     101784 (  99.40kB)

==============================================================================

